[  1%] Built target hri_interfaces__rs
[  3%] Built target hri_interfaces__rosidl_generator_type_description
[  3%] Built target ament_cmake_python_symlink_hri_interfaces
[  4%] Built target hri_interfaces__cpp
[ 26%] Built target hri_interfaces__rosidl_generator_c
[ 35%] Built target hri_interfaces__rosidl_typesupport_introspection_c
[ 44%] Built target hri_interfaces__rosidl_typesupport_c
[ 53%] Built target hri_interfaces__rosidl_typesupport_cpp
[ 63%] Built target hri_interfaces__rosidl_typesupport_fastrtps_c
[ 72%] Built target hri_interfaces__rosidl_typesupport_introspection_cpp
[ 81%] Built target hri_interfaces__rosidl_typesupport_fastrtps_cpp
[ 81%] Built target hri_interfaces
[ 83%] Built target hri_interfaces__py
[ 90%] Built target hri_interfaces__rosidl_generator_py
[ 93%] Built target hri_interfaces_s__rosidl_typesupport_introspection_c
[ 96%] Built target hri_interfaces_s__rosidl_typesupport_c
[100%] Built target hri_interfaces_s__rosidl_typesupport_fastrtps_c
running egg_info
writing hri_interfaces.egg-info/PKG-INFO
writing dependency_links to hri_interfaces.egg-info/dependency_links.txt
writing top-level names to hri_interfaces.egg-info/top_level.txt
reading manifest file 'hri_interfaces.egg-info/SOURCES.txt'
writing manifest file 'hri_interfaces.egg-info/SOURCES.txt'
[100%] Built target ament_cmake_python_build_hri_interfaces_egg
-- Install configuration: ""
-- Execute custom install script
-- Up-to-date symlink: /ros2_ws/install/hri_interfaces/share/ament_index/resource_index/rosidl_interfaces/hri_interfaces
-- Up-to-date symlink: /ros2_ws/install/hri_interfaces/share/hri_interfaces/msg/TrackedFace.json
-- Up-to-date symlink: /ros2_ws/install/hri_interfaces/share/hri_interfaces/msg/TrackedFaceArray.json
-- Up-to-date symlink: /ros2_ws/install/hri_interfaces/share/hri_interfaces/msg/IdentifiedFace.json
-- Up-to-date symlink: /ros2_ws/install/hri_interfaces/share/hri_interfaces/msg/IdentifiedFaceArray.json
-- Up-to-date symlink: /ros2_ws/install/hri_interfaces/include/hri_interfaces/hri_interfaces/msg/detail/identified_face__functions.h
-- Up-to-date symlink: /ros2_ws/install/hri_interfaces/include/hri_interfaces/hri_interfaces/msg/detail/identified_face__struct.h
-- Up-to-date symlink: /ros2_ws/install/hri_interfaces/include/hri_interfaces/hri_interfaces/msg/detail/identified_face__type_support.h
-- Up-to-date symlink: /ros2_ws/install/hri_interfaces/include/hri_interfaces/hri_interfaces/msg/detail/identified_face_array__functions.h
-- Up-to-date symlink: /ros2_ws/install/hri_interfaces/include/hri_interfaces/hri_interfaces/msg/detail/identified_face_array__struct.h
-- Up-to-date symlink: /ros2_ws/install/hri_interfaces/include/hri_interfaces/hri_interfaces/msg/detail/identified_face_array__type_support.h
-- Up-to-date symlink: /ros2_ws/install/hri_interfaces/include/hri_interfaces/hri_interfaces/msg/detail/tracked_face__functions.h
-- Up-to-date symlink: /ros2_ws/install/hri_interfaces/include/hri_interfaces/hri_interfaces/msg/detail/tracked_face__struct.h
-- Up-to-date symlink: /ros2_ws/install/hri_interfaces/include/hri_interfaces/hri_interfaces/msg/detail/tracked_face__type_support.h
-- Up-to-date symlink: /ros2_ws/install/hri_interfaces/include/hri_interfaces/hri_interfaces/msg/detail/tracked_face_array__functions.h
-- Up-to-date symlink: /ros2_ws/install/hri_interfaces/include/hri_interfaces/hri_interfaces/msg/detail/tracked_face_array__struct.h
-- Up-to-date symlink: /ros2_ws/install/hri_interfaces/include/hri_interfaces/hri_interfaces/msg/detail/tracked_face_array__type_support.h
-- Up-to-date symlink: /ros2_ws/install/hri_interfaces/include/hri_interfaces/hri_interfaces/msg/identified_face.h
-- Up-to-date symlink: /ros2_ws/install/hri_interfaces/include/hri_interfaces/hri_interfaces/msg/identified_face_array.h
-- Up-to-date symlink: /ros2_ws/install/hri_interfaces/include/hri_interfaces/hri_interfaces/msg/rosidl_generator_c__visibility_control.h
-- Up-to-date symlink: /ros2_ws/install/hri_interfaces/include/hri_interfaces/hri_interfaces/msg/tracked_face.h
-- Up-to-date symlink: /ros2_ws/install/hri_interfaces/include/hri_interfaces/hri_interfaces/msg/tracked_face_array.h
-- Up-to-date symlink: /ros2_ws/install/hri_interfaces/share/hri_interfaces/environment/library_path.sh
-- Up-to-date symlink: /ros2_ws/install/hri_interfaces/share/hri_interfaces/environment/library_path.dsv
-- Up-to-date symlink: /ros2_ws/install/hri_interfaces/include/hri_interfaces/hri_interfaces/msg/detail/identified_face__rosidl_typesupport_fastrtps_c.h
-- Up-to-date symlink: /ros2_ws/install/hri_interfaces/include/hri_interfaces/hri_interfaces/msg/detail/identified_face_array__rosidl_typesupport_fastrtps_c.h
-- Up-to-date symlink: /ros2_ws/install/hri_interfaces/include/hri_interfaces/hri_interfaces/msg/detail/tracked_face__rosidl_typesupport_fastrtps_c.h
-- Up-to-date symlink: /ros2_ws/install/hri_interfaces/include/hri_interfaces/hri_interfaces/msg/detail/tracked_face_array__rosidl_typesupport_fastrtps_c.h
-- Up-to-date symlink: /ros2_ws/install/hri_interfaces/include/hri_interfaces/hri_interfaces/msg/rosidl_typesupport_fastrtps_c__visibility_control.h
-- Up-to-date symlink: /ros2_ws/install/hri_interfaces/include/hri_interfaces/hri_interfaces/msg/detail/identified_face__rosidl_typesupport_introspection_c.h
-- Up-to-date symlink: /ros2_ws/install/hri_interfaces/include/hri_interfaces/hri_interfaces/msg/detail/identified_face_array__rosidl_typesupport_introspection_c.h
-- Up-to-date symlink: /ros2_ws/install/hri_interfaces/include/hri_interfaces/hri_interfaces/msg/detail/tracked_face__rosidl_typesupport_introspection_c.h
-- Up-to-date symlink: /ros2_ws/install/hri_interfaces/include/hri_interfaces/hri_interfaces/msg/detail/tracked_face_array__rosidl_typesupport_introspection_c.h
-- Up-to-date symlink: /ros2_ws/install/hri_interfaces/include/hri_interfaces/hri_interfaces/msg/rosidl_typesupport_introspection_c__visibility_control.h
-- Up-to-date symlink: /ros2_ws/install/hri_interfaces/include/hri_interfaces/hri_interfaces/msg/detail/identified_face__builder.hpp
-- Up-to-date symlink: /ros2_ws/install/hri_interfaces/include/hri_interfaces/hri_interfaces/msg/detail/identified_face__struct.hpp
-- Up-to-date symlink: /ros2_ws/install/hri_interfaces/include/hri_interfaces/hri_interfaces/msg/detail/identified_face__traits.hpp
-- Up-to-date symlink: /ros2_ws/install/hri_interfaces/include/hri_interfaces/hri_interfaces/msg/detail/identified_face__type_support.hpp
-- Up-to-date symlink: /ros2_ws/install/hri_interfaces/include/hri_interfaces/hri_interfaces/msg/detail/identified_face_array__builder.hpp
-- Up-to-date symlink: /ros2_ws/install/hri_interfaces/include/hri_interfaces/hri_interfaces/msg/detail/identified_face_array__struct.hpp
-- Up-to-date symlink: /ros2_ws/install/hri_interfaces/include/hri_interfaces/hri_interfaces/msg/detail/identified_face_array__traits.hpp
-- Up-to-date symlink: /ros2_ws/install/hri_interfaces/include/hri_interfaces/hri_interfaces/msg/detail/identified_face_array__type_support.hpp
-- Up-to-date symlink: /ros2_ws/install/hri_interfaces/include/hri_interfaces/hri_interfaces/msg/detail/tracked_face__builder.hpp
-- Up-to-date symlink: /ros2_ws/install/hri_interfaces/include/hri_interfaces/hri_interfaces/msg/detail/tracked_face__struct.hpp
-- Up-to-date symlink: /ros2_ws/install/hri_interfaces/include/hri_interfaces/hri_interfaces/msg/detail/tracked_face__traits.hpp
-- Up-to-date symlink: /ros2_ws/install/hri_interfaces/include/hri_interfaces/hri_interfaces/msg/detail/tracked_face__type_support.hpp
-- Up-to-date symlink: /ros2_ws/install/hri_interfaces/include/hri_interfaces/hri_interfaces/msg/detail/tracked_face_array__builder.hpp
-- Up-to-date symlink: /ros2_ws/install/hri_interfaces/include/hri_interfaces/hri_interfaces/msg/detail/tracked_face_array__struct.hpp
-- Up-to-date symlink: /ros2_ws/install/hri_interfaces/include/hri_interfaces/hri_interfaces/msg/detail/tracked_face_array__traits.hpp
-- Up-to-date symlink: /ros2_ws/install/hri_interfaces/include/hri_interfaces/hri_interfaces/msg/detail/tracked_face_array__type_support.hpp
-- Up-to-date symlink: /ros2_ws/install/hri_interfaces/include/hri_interfaces/hri_interfaces/msg/identified_face.hpp
-- Up-to-date symlink: /ros2_ws/install/hri_interfaces/include/hri_interfaces/hri_interfaces/msg/identified_face_array.hpp
-- Up-to-date symlink: /ros2_ws/install/hri_interfaces/include/hri_interfaces/hri_interfaces/msg/rosidl_generator_cpp__visibility_control.hpp
-- Up-to-date symlink: /ros2_ws/install/hri_interfaces/include/hri_interfaces/hri_interfaces/msg/tracked_face.hpp
-- Up-to-date symlink: /ros2_ws/install/hri_interfaces/include/hri_interfaces/hri_interfaces/msg/tracked_face_array.hpp
-- Up-to-date symlink: /ros2_ws/install/hri_interfaces/include/hri_interfaces/hri_interfaces/msg/detail/identified_face__rosidl_typesupport_fastrtps_cpp.hpp
-- Up-to-date symlink: /ros2_ws/install/hri_interfaces/include/hri_interfaces/hri_interfaces/msg/detail/identified_face_array__rosidl_typesupport_fastrtps_cpp.hpp
-- Up-to-date symlink: /ros2_ws/install/hri_interfaces/include/hri_interfaces/hri_interfaces/msg/detail/tracked_face__rosidl_typesupport_fastrtps_cpp.hpp
-- Up-to-date symlink: /ros2_ws/install/hri_interfaces/include/hri_interfaces/hri_interfaces/msg/detail/tracked_face_array__rosidl_typesupport_fastrtps_cpp.hpp
-- Up-to-date symlink: /ros2_ws/install/hri_interfaces/include/hri_interfaces/hri_interfaces/msg/rosidl_typesupport_fastrtps_cpp__visibility_control.h
-- Up-to-date symlink: /ros2_ws/install/hri_interfaces/include/hri_interfaces/hri_interfaces/msg/detail/identified_face__rosidl_typesupport_introspection_cpp.hpp
-- Up-to-date symlink: /ros2_ws/install/hri_interfaces/include/hri_interfaces/hri_interfaces/msg/detail/identified_face_array__rosidl_typesupport_introspection_cpp.hpp
-- Up-to-date symlink: /ros2_ws/install/hri_interfaces/include/hri_interfaces/hri_interfaces/msg/detail/tracked_face__rosidl_typesupport_introspection_cpp.hpp
-- Up-to-date symlink: /ros2_ws/install/hri_interfaces/include/hri_interfaces/hri_interfaces/msg/detail/tracked_face_array__rosidl_typesupport_introspection_cpp.hpp
-- Up-to-date symlink: /ros2_ws/install/hri_interfaces/share/hri_interfaces/environment/pythonpath.sh
-- Up-to-date symlink: /ros2_ws/install/hri_interfaces/share/hri_interfaces/environment/pythonpath.dsv
-- Up-to-date symlink: /ros2_ws/install/hri_interfaces/lib/python3.12/site-packages/hri_interfaces-0.0.1-py3.12.egg-info/PKG-INFO
-- Up-to-date symlink: /ros2_ws/install/hri_interfaces/lib/python3.12/site-packages/hri_interfaces-0.0.1-py3.12.egg-info/SOURCES.txt
-- Up-to-date symlink: /ros2_ws/install/hri_interfaces/lib/python3.12/site-packages/hri_interfaces-0.0.1-py3.12.egg-info/dependency_links.txt
-- Up-to-date symlink: /ros2_ws/install/hri_interfaces/lib/python3.12/site-packages/hri_interfaces-0.0.1-py3.12.egg-info/top_level.txt
-- Up-to-date symlink: /ros2_ws/install/hri_interfaces/lib/python3.12/site-packages/hri_interfaces/__init__.py
-- Up-to-date symlink: /ros2_ws/install/hri_interfaces/lib/python3.12/site-packages/hri_interfaces/_hri_interfaces_s.ep.rosidl_typesupport_c.c
-- Up-to-date symlink: /ros2_ws/install/hri_interfaces/lib/python3.12/site-packages/hri_interfaces/_hri_interfaces_s.ep.rosidl_typesupport_fastrtps_c.c
-- Up-to-date symlink: /ros2_ws/install/hri_interfaces/lib/python3.12/site-packages/hri_interfaces/_hri_interfaces_s.ep.rosidl_typesupport_introspection_c.c
-- Up-to-date symlink: /ros2_ws/install/hri_interfaces/lib/python3.12/site-packages/hri_interfaces/hri_interfaces_s__rosidl_typesupport_c.so
-- Up-to-date symlink: /ros2_ws/install/hri_interfaces/lib/python3.12/site-packages/hri_interfaces/hri_interfaces_s__rosidl_typesupport_fastrtps_c.so
-- Up-to-date symlink: /ros2_ws/install/hri_interfaces/lib/python3.12/site-packages/hri_interfaces/hri_interfaces_s__rosidl_typesupport_introspection_c.so
-- Up-to-date symlink: /ros2_ws/install/hri_interfaces/lib/python3.12/site-packages/hri_interfaces/msg/__init__.py
-- Up-to-date symlink: /ros2_ws/install/hri_interfaces/lib/python3.12/site-packages/hri_interfaces/msg/_identified_face.py
-- Up-to-date symlink: /ros2_ws/install/hri_interfaces/lib/python3.12/site-packages/hri_interfaces/msg/_identified_face_array.py
-- Up-to-date symlink: /ros2_ws/install/hri_interfaces/lib/python3.12/site-packages/hri_interfaces/msg/_identified_face_array_s.c
-- Up-to-date symlink: /ros2_ws/install/hri_interfaces/lib/python3.12/site-packages/hri_interfaces/msg/_identified_face_s.c
-- Up-to-date symlink: /ros2_ws/install/hri_interfaces/lib/python3.12/site-packages/hri_interfaces/msg/_tracked_face.py
-- Up-to-date symlink: /ros2_ws/install/hri_interfaces/lib/python3.12/site-packages/hri_interfaces/msg/_tracked_face_array.py
-- Up-to-date symlink: /ros2_ws/install/hri_interfaces/lib/python3.12/site-packages/hri_interfaces/msg/_tracked_face_array_s.c
-- Up-to-date symlink: /ros2_ws/install/hri_interfaces/lib/python3.12/site-packages/hri_interfaces/msg/_tracked_face_s.c
-- Up-to-date symlink: /ros2_ws/install/hri_interfaces/lib/python3.12/site-packages/hri_interfaces/hri_interfaces_s__rosidl_typesupport_fastrtps_c.so
-- Up-to-date symlink: /ros2_ws/install/hri_interfaces/lib/python3.12/site-packages/hri_interfaces/hri_interfaces_s__rosidl_typesupport_introspection_c.so
-- Up-to-date symlink: /ros2_ws/install/hri_interfaces/lib/python3.12/site-packages/hri_interfaces/hri_interfaces_s__rosidl_typesupport_c.so
-- Up-to-date symlink: /ros2_ws/install/hri_interfaces/share/ament_index/resource_index/rust_packages/hri_interfaces
-- Up-to-date symlink: /ros2_ws/install/hri_interfaces/share/hri_interfaces/rust/Cargo.toml
-- Up-to-date symlink: /ros2_ws/install/hri_interfaces/share/hri_interfaces/rust/build.rs
-- Up-to-date symlink: /ros2_ws/install/hri_interfaces/share/hri_interfaces/rust/src/lib.rs
-- Up-to-date symlink: /ros2_ws/install/hri_interfaces/share/hri_interfaces/rust/src/msg.rs
-- Up-to-date symlink: /ros2_ws/install/hri_interfaces/share/hri_interfaces/rust/src/msg/rmw.rs
-- Up-to-date symlink: /ros2_ws/install/hri_interfaces/share/hri_interfaces/msg/TrackedFace.idl
-- Up-to-date symlink: /ros2_ws/install/hri_interfaces/share/hri_interfaces/msg/TrackedFaceArray.idl
-- Up-to-date symlink: /ros2_ws/install/hri_interfaces/share/hri_interfaces/msg/IdentifiedFace.idl
-- Up-to-date symlink: /ros2_ws/install/hri_interfaces/share/hri_interfaces/msg/IdentifiedFaceArray.idl
-- Up-to-date symlink: /ros2_ws/install/hri_interfaces/share/hri_interfaces/msg/TrackedFace.msg
-- Up-to-date symlink: /ros2_ws/install/hri_interfaces/share/hri_interfaces/msg/TrackedFaceArray.msg
-- Up-to-date symlink: /ros2_ws/install/hri_interfaces/share/hri_interfaces/msg/IdentifiedFace.msg
-- Up-to-date symlink: /ros2_ws/install/hri_interfaces/share/hri_interfaces/msg/IdentifiedFaceArray.msg
-- Up-to-date symlink: /ros2_ws/install/hri_interfaces/share/ament_index/resource_index/package_run_dependencies/hri_interfaces
-- Up-to-date symlink: /ros2_ws/install/hri_interfaces/share/ament_index/resource_index/parent_prefix_path/hri_interfaces
-- Up-to-date symlink: /ros2_ws/install/hri_interfaces/share/hri_interfaces/environment/ament_prefix_path.sh
-- Up-to-date symlink: /ros2_ws/install/hri_interfaces/share/hri_interfaces/environment/ament_prefix_path.dsv
-- Up-to-date symlink: /ros2_ws/install/hri_interfaces/share/hri_interfaces/environment/path.sh
-- Up-to-date symlink: /ros2_ws/install/hri_interfaces/share/hri_interfaces/environment/path.dsv
-- Up-to-date symlink: /ros2_ws/install/hri_interfaces/share/hri_interfaces/local_setup.bash
-- Up-to-date symlink: /ros2_ws/install/hri_interfaces/share/hri_interfaces/local_setup.sh
-- Up-to-date symlink: /ros2_ws/install/hri_interfaces/share/hri_interfaces/local_setup.zsh
-- Up-to-date symlink: /ros2_ws/install/hri_interfaces/share/hri_interfaces/local_setup.dsv
-- Symlinking: /ros2_ws/install/hri_interfaces/share/hri_interfaces/package.dsv
-- Up-to-date symlink: /ros2_ws/install/hri_interfaces/share/ament_index/resource_index/packages/hri_interfaces
-- Up-to-date symlink: /ros2_ws/install/hri_interfaces/share/hri_interfaces/cmake/rosidl_cmake-extras.cmake
-- Up-to-date symlink: /ros2_ws/install/hri_interfaces/share/hri_interfaces/cmake/ament_cmake_export_dependencies-extras.cmake
-- Up-to-date symlink: /ros2_ws/install/hri_interfaces/share/hri_interfaces/cmake/ament_cmake_export_include_directories-extras.cmake
-- Up-to-date symlink: /ros2_ws/install/hri_interfaces/share/hri_interfaces/cmake/ament_cmake_export_libraries-extras.cmake
-- Up-to-date symlink: /ros2_ws/install/hri_interfaces/share/hri_interfaces/cmake/ament_cmake_export_targets-extras.cmake
-- Up-to-date symlink: /ros2_ws/install/hri_interfaces/share/hri_interfaces/cmake/rosidl_cmake_export_typesupport_targets-extras.cmake
-- Up-to-date symlink: /ros2_ws/install/hri_interfaces/share/hri_interfaces/cmake/rosidl_cmake_export_typesupport_libraries-extras.cmake
-- Up-to-date symlink: /ros2_ws/install/hri_interfaces/share/hri_interfaces/cmake/rosidl_cmake_aggregate_target-extras.cmake
-- Up-to-date symlink: /ros2_ws/install/hri_interfaces/share/hri_interfaces/cmake/hri_interfacesConfig.cmake
-- Up-to-date symlink: /ros2_ws/install/hri_interfaces/share/hri_interfaces/cmake/hri_interfacesConfig-version.cmake
-- Up-to-date symlink: /ros2_ws/install/hri_interfaces/share/hri_interfaces/package.xml
-- Up-to-date: /ros2_ws/install/hri_interfaces/lib/libhri_interfaces__rosidl_generator_c.so
-- Up-to-date: /ros2_ws/install/hri_interfaces/lib/libhri_interfaces__rosidl_typesupport_fastrtps_c.so
-- Up-to-date: /ros2_ws/install/hri_interfaces/lib/libhri_interfaces__rosidl_typesupport_introspection_c.so
-- Up-to-date: /ros2_ws/install/hri_interfaces/lib/libhri_interfaces__rosidl_typesupport_c.so
-- Up-to-date: /ros2_ws/install/hri_interfaces/lib/libhri_interfaces__rosidl_typesupport_fastrtps_cpp.so
-- Up-to-date: /ros2_ws/install/hri_interfaces/lib/libhri_interfaces__rosidl_typesupport_introspection_cpp.so
-- Up-to-date: /ros2_ws/install/hri_interfaces/lib/libhri_interfaces__rosidl_typesupport_cpp.so
Listing '/ros2_ws/install/hri_interfaces/lib/python3.12/site-packages/hri_interfaces'...
Listing '/ros2_ws/install/hri_interfaces/lib/python3.12/site-packages/hri_interfaces/msg'...
-- Up-to-date: /ros2_ws/install/hri_interfaces/lib/libhri_interfaces__rosidl_generator_py.so
-- Up-to-date: /ros2_ws/install/hri_interfaces/share/hri_interfaces/cmake/export_hri_interfaces__rosidl_generator_cExport.cmake
-- Up-to-date: /ros2_ws/install/hri_interfaces/share/hri_interfaces/cmake/export_hri_interfaces__rosidl_generator_cExport-noconfig.cmake
-- Up-to-date: /ros2_ws/install/hri_interfaces/share/hri_interfaces/cmake/export_hri_interfaces__rosidl_typesupport_fastrtps_cExport.cmake
-- Up-to-date: /ros2_ws/install/hri_interfaces/share/hri_interfaces/cmake/export_hri_interfaces__rosidl_typesupport_fastrtps_cExport-noconfig.cmake
-- Up-to-date: /ros2_ws/install/hri_interfaces/share/hri_interfaces/cmake/hri_interfaces__rosidl_typesupport_introspection_cExport.cmake
-- Up-to-date: /ros2_ws/install/hri_interfaces/share/hri_interfaces/cmake/hri_interfaces__rosidl_typesupport_introspection_cExport-noconfig.cmake
-- Up-to-date: /ros2_ws/install/hri_interfaces/share/hri_interfaces/cmake/hri_interfaces__rosidl_typesupport_cExport.cmake
-- Up-to-date: /ros2_ws/install/hri_interfaces/share/hri_interfaces/cmake/hri_interfaces__rosidl_typesupport_cExport-noconfig.cmake
-- Up-to-date: /ros2_ws/install/hri_interfaces/share/hri_interfaces/cmake/export_hri_interfaces__rosidl_generator_cppExport.cmake
-- Up-to-date: /ros2_ws/install/hri_interfaces/share/hri_interfaces/cmake/export_hri_interfaces__rosidl_typesupport_fastrtps_cppExport.cmake
-- Up-to-date: /ros2_ws/install/hri_interfaces/share/hri_interfaces/cmake/export_hri_interfaces__rosidl_typesupport_fastrtps_cppExport-noconfig.cmake
-- Up-to-date: /ros2_ws/install/hri_interfaces/share/hri_interfaces/cmake/hri_interfaces__rosidl_typesupport_introspection_cppExport.cmake
-- Up-to-date: /ros2_ws/install/hri_interfaces/share/hri_interfaces/cmake/hri_interfaces__rosidl_typesupport_introspection_cppExport-noconfig.cmake
-- Up-to-date: /ros2_ws/install/hri_interfaces/share/hri_interfaces/cmake/hri_interfaces__rosidl_typesupport_cppExport.cmake
-- Up-to-date: /ros2_ws/install/hri_interfaces/share/hri_interfaces/cmake/hri_interfaces__rosidl_typesupport_cppExport-noconfig.cmake
-- Up-to-date: /ros2_ws/install/hri_interfaces/share/hri_interfaces/cmake/export_hri_interfaces__rosidl_generator_pyExport.cmake
-- Up-to-date: /ros2_ws/install/hri_interfaces/share/hri_interfaces/cmake/export_hri_interfaces__rosidl_generator_pyExport-noconfig.cmake
