[0.111s] Invoking command in '/ros2_ws/build/hri_interfaces': CMAKE_PREFIX_PATH=${CMAKE_PREFIX_PATH}:/opt/ros/jazzy /usr/bin/cmake --build /ros2_ws/build/hri_interfaces -- -j20 -l20
[0.159s] [  1%] Built target hri_interfaces__rs
[0.161s] [  3%] Built target hri_interfaces__rosidl_generator_type_description
[0.170s] [  3%] Built target ament_cmake_python_symlink_hri_interfaces
[0.181s] [  4%] Built target hri_interfaces__cpp
[0.191s] [ 26%] Built target hri_interfaces__rosidl_generator_c
[0.231s] [ 35%] Built target hri_interfaces__rosidl_typesupport_introspection_c
[0.238s] [ 44%] Built target hri_interfaces__rosidl_typesupport_c
[0.240s] [ 53%] Built target hri_interfaces__rosidl_typesupport_cpp
[0.244s] [ 63%] Built target hri_interfaces__rosidl_typesupport_fastrtps_c
[0.245s] [ 72%] Built target hri_interfaces__rosidl_typesupport_introspection_cpp
[0.247s] [ 81%] Built target hri_interfaces__rosidl_typesupport_fastrtps_cpp
[0.261s] [ 81%] Built target hri_interfaces
[0.276s] [ 83%] Built target hri_interfaces__py
[0.295s] [ 90%] Built target hri_interfaces__rosidl_generator_py
[0.314s] [ 93%] Built target hri_interfaces_s__rosidl_typesupport_introspection_c
[0.315s] [ 96%] Built target hri_interfaces_s__rosidl_typesupport_c
[0.316s] [100%] Built target hri_interfaces_s__rosidl_typesupport_fastrtps_c
[0.329s] running egg_info
[0.338s] writing hri_interfaces.egg-info/PKG-INFO
[0.338s] writing dependency_links to hri_interfaces.egg-info/dependency_links.txt
[0.338s] writing top-level names to hri_interfaces.egg-info/top_level.txt
[0.362s] reading manifest file 'hri_interfaces.egg-info/SOURCES.txt'
[0.362s] writing manifest file 'hri_interfaces.egg-info/SOURCES.txt'
[0.381s] [100%] Built target ament_cmake_python_build_hri_interfaces_egg
[0.391s] Invoked command in '/ros2_ws/build/hri_interfaces' returned '0': CMAKE_PREFIX_PATH=${CMAKE_PREFIX_PATH}:/opt/ros/jazzy /usr/bin/cmake --build /ros2_ws/build/hri_interfaces -- -j20 -l20
[0.398s] Invoking command in '/ros2_ws/build/hri_interfaces': CMAKE_PREFIX_PATH=${CMAKE_PREFIX_PATH}:/opt/ros/jazzy /usr/bin/cmake --install /ros2_ws/build/hri_interfaces
[0.403s] -- Install configuration: ""
[0.403s] -- Execute custom install script
[0.404s] -- Up-to-date symlink: /ros2_ws/install/hri_interfaces/share/ament_index/resource_index/rosidl_interfaces/hri_interfaces
[0.404s] -- Up-to-date symlink: /ros2_ws/install/hri_interfaces/share/hri_interfaces/msg/TrackedFace.json
[0.404s] -- Up-to-date symlink: /ros2_ws/install/hri_interfaces/share/hri_interfaces/msg/TrackedFaceArray.json
[0.404s] -- Up-to-date symlink: /ros2_ws/install/hri_interfaces/share/hri_interfaces/msg/IdentifiedFace.json
[0.404s] -- Up-to-date symlink: /ros2_ws/install/hri_interfaces/share/hri_interfaces/msg/IdentifiedFaceArray.json
[0.404s] -- Up-to-date symlink: /ros2_ws/install/hri_interfaces/include/hri_interfaces/hri_interfaces/msg/detail/identified_face__functions.h
[0.404s] -- Up-to-date symlink: /ros2_ws/install/hri_interfaces/include/hri_interfaces/hri_interfaces/msg/detail/identified_face__struct.h
[0.404s] -- Up-to-date symlink: /ros2_ws/install/hri_interfaces/include/hri_interfaces/hri_interfaces/msg/detail/identified_face__type_support.h
[0.404s] -- Up-to-date symlink: /ros2_ws/install/hri_interfaces/include/hri_interfaces/hri_interfaces/msg/detail/identified_face_array__functions.h
[0.404s] -- Up-to-date symlink: /ros2_ws/install/hri_interfaces/include/hri_interfaces/hri_interfaces/msg/detail/identified_face_array__struct.h
[0.404s] -- Up-to-date symlink: /ros2_ws/install/hri_interfaces/include/hri_interfaces/hri_interfaces/msg/detail/identified_face_array__type_support.h
[0.404s] -- Up-to-date symlink: /ros2_ws/install/hri_interfaces/include/hri_interfaces/hri_interfaces/msg/detail/tracked_face__functions.h
[0.405s] -- Up-to-date symlink: /ros2_ws/install/hri_interfaces/include/hri_interfaces/hri_interfaces/msg/detail/tracked_face__struct.h
[0.405s] -- Up-to-date symlink: /ros2_ws/install/hri_interfaces/include/hri_interfaces/hri_interfaces/msg/detail/tracked_face__type_support.h
[0.405s] -- Up-to-date symlink: /ros2_ws/install/hri_interfaces/include/hri_interfaces/hri_interfaces/msg/detail/tracked_face_array__functions.h
[0.405s] -- Up-to-date symlink: /ros2_ws/install/hri_interfaces/include/hri_interfaces/hri_interfaces/msg/detail/tracked_face_array__struct.h
[0.405s] -- Up-to-date symlink: /ros2_ws/install/hri_interfaces/include/hri_interfaces/hri_interfaces/msg/detail/tracked_face_array__type_support.h
[0.405s] -- Up-to-date symlink: /ros2_ws/install/hri_interfaces/include/hri_interfaces/hri_interfaces/msg/identified_face.h
[0.405s] -- Up-to-date symlink: /ros2_ws/install/hri_interfaces/include/hri_interfaces/hri_interfaces/msg/identified_face_array.h
[0.405s] -- Up-to-date symlink: /ros2_ws/install/hri_interfaces/include/hri_interfaces/hri_interfaces/msg/rosidl_generator_c__visibility_control.h
[0.405s] -- Up-to-date symlink: /ros2_ws/install/hri_interfaces/include/hri_interfaces/hri_interfaces/msg/tracked_face.h
[0.405s] -- Up-to-date symlink: /ros2_ws/install/hri_interfaces/include/hri_interfaces/hri_interfaces/msg/tracked_face_array.h
[0.405s] -- Up-to-date symlink: /ros2_ws/install/hri_interfaces/share/hri_interfaces/environment/library_path.sh
[0.405s] -- Up-to-date symlink: /ros2_ws/install/hri_interfaces/share/hri_interfaces/environment/library_path.dsv
[0.406s] -- Up-to-date symlink: /ros2_ws/install/hri_interfaces/include/hri_interfaces/hri_interfaces/msg/detail/identified_face__rosidl_typesupport_fastrtps_c.h
[0.406s] -- Up-to-date symlink: /ros2_ws/install/hri_interfaces/include/hri_interfaces/hri_interfaces/msg/detail/identified_face_array__rosidl_typesupport_fastrtps_c.h
[0.406s] -- Up-to-date symlink: /ros2_ws/install/hri_interfaces/include/hri_interfaces/hri_interfaces/msg/detail/tracked_face__rosidl_typesupport_fastrtps_c.h
[0.406s] -- Up-to-date symlink: /ros2_ws/install/hri_interfaces/include/hri_interfaces/hri_interfaces/msg/detail/tracked_face_array__rosidl_typesupport_fastrtps_c.h
[0.406s] -- Up-to-date symlink: /ros2_ws/install/hri_interfaces/include/hri_interfaces/hri_interfaces/msg/rosidl_typesupport_fastrtps_c__visibility_control.h
[0.406s] -- Up-to-date symlink: /ros2_ws/install/hri_interfaces/include/hri_interfaces/hri_interfaces/msg/detail/identified_face__rosidl_typesupport_introspection_c.h
[0.406s] -- Up-to-date symlink: /ros2_ws/install/hri_interfaces/include/hri_interfaces/hri_interfaces/msg/detail/identified_face_array__rosidl_typesupport_introspection_c.h
[0.406s] -- Up-to-date symlink: /ros2_ws/install/hri_interfaces/include/hri_interfaces/hri_interfaces/msg/detail/tracked_face__rosidl_typesupport_introspection_c.h
[0.406s] -- Up-to-date symlink: /ros2_ws/install/hri_interfaces/include/hri_interfaces/hri_interfaces/msg/detail/tracked_face_array__rosidl_typesupport_introspection_c.h
[0.406s] -- Up-to-date symlink: /ros2_ws/install/hri_interfaces/include/hri_interfaces/hri_interfaces/msg/rosidl_typesupport_introspection_c__visibility_control.h
[0.406s] -- Up-to-date symlink: /ros2_ws/install/hri_interfaces/include/hri_interfaces/hri_interfaces/msg/detail/identified_face__builder.hpp
[0.406s] -- Up-to-date symlink: /ros2_ws/install/hri_interfaces/include/hri_interfaces/hri_interfaces/msg/detail/identified_face__struct.hpp
[0.406s] -- Up-to-date symlink: /ros2_ws/install/hri_interfaces/include/hri_interfaces/hri_interfaces/msg/detail/identified_face__traits.hpp
[0.406s] -- Up-to-date symlink: /ros2_ws/install/hri_interfaces/include/hri_interfaces/hri_interfaces/msg/detail/identified_face__type_support.hpp
[0.406s] -- Up-to-date symlink: /ros2_ws/install/hri_interfaces/include/hri_interfaces/hri_interfaces/msg/detail/identified_face_array__builder.hpp
[0.406s] -- Up-to-date symlink: /ros2_ws/install/hri_interfaces/include/hri_interfaces/hri_interfaces/msg/detail/identified_face_array__struct.hpp
[0.406s] -- Up-to-date symlink: /ros2_ws/install/hri_interfaces/include/hri_interfaces/hri_interfaces/msg/detail/identified_face_array__traits.hpp
[0.407s] -- Up-to-date symlink: /ros2_ws/install/hri_interfaces/include/hri_interfaces/hri_interfaces/msg/detail/identified_face_array__type_support.hpp
[0.407s] -- Up-to-date symlink: /ros2_ws/install/hri_interfaces/include/hri_interfaces/hri_interfaces/msg/detail/tracked_face__builder.hpp
[0.407s] -- Up-to-date symlink: /ros2_ws/install/hri_interfaces/include/hri_interfaces/hri_interfaces/msg/detail/tracked_face__struct.hpp
[0.407s] -- Up-to-date symlink: /ros2_ws/install/hri_interfaces/include/hri_interfaces/hri_interfaces/msg/detail/tracked_face__traits.hpp
[0.407s] -- Up-to-date symlink: /ros2_ws/install/hri_interfaces/include/hri_interfaces/hri_interfaces/msg/detail/tracked_face__type_support.hpp
[0.407s] -- Up-to-date symlink: /ros2_ws/install/hri_interfaces/include/hri_interfaces/hri_interfaces/msg/detail/tracked_face_array__builder.hpp
[0.407s] -- Up-to-date symlink: /ros2_ws/install/hri_interfaces/include/hri_interfaces/hri_interfaces/msg/detail/tracked_face_array__struct.hpp
[0.407s] -- Up-to-date symlink: /ros2_ws/install/hri_interfaces/include/hri_interfaces/hri_interfaces/msg/detail/tracked_face_array__traits.hpp
[0.407s] -- Up-to-date symlink: /ros2_ws/install/hri_interfaces/include/hri_interfaces/hri_interfaces/msg/detail/tracked_face_array__type_support.hpp
[0.407s] -- Up-to-date symlink: /ros2_ws/install/hri_interfaces/include/hri_interfaces/hri_interfaces/msg/identified_face.hpp
[0.407s] -- Up-to-date symlink: /ros2_ws/install/hri_interfaces/include/hri_interfaces/hri_interfaces/msg/identified_face_array.hpp
[0.407s] -- Up-to-date symlink: /ros2_ws/install/hri_interfaces/include/hri_interfaces/hri_interfaces/msg/rosidl_generator_cpp__visibility_control.hpp
[0.407s] -- Up-to-date symlink: /ros2_ws/install/hri_interfaces/include/hri_interfaces/hri_interfaces/msg/tracked_face.hpp
[0.407s] -- Up-to-date symlink: /ros2_ws/install/hri_interfaces/include/hri_interfaces/hri_interfaces/msg/tracked_face_array.hpp
[0.407s] -- Up-to-date symlink: /ros2_ws/install/hri_interfaces/include/hri_interfaces/hri_interfaces/msg/detail/identified_face__rosidl_typesupport_fastrtps_cpp.hpp
[0.407s] -- Up-to-date symlink: /ros2_ws/install/hri_interfaces/include/hri_interfaces/hri_interfaces/msg/detail/identified_face_array__rosidl_typesupport_fastrtps_cpp.hpp
[0.407s] -- Up-to-date symlink: /ros2_ws/install/hri_interfaces/include/hri_interfaces/hri_interfaces/msg/detail/tracked_face__rosidl_typesupport_fastrtps_cpp.hpp
[0.407s] -- Up-to-date symlink: /ros2_ws/install/hri_interfaces/include/hri_interfaces/hri_interfaces/msg/detail/tracked_face_array__rosidl_typesupport_fastrtps_cpp.hpp
[0.407s] -- Up-to-date symlink: /ros2_ws/install/hri_interfaces/include/hri_interfaces/hri_interfaces/msg/rosidl_typesupport_fastrtps_cpp__visibility_control.h
[0.407s] -- Up-to-date symlink: /ros2_ws/install/hri_interfaces/include/hri_interfaces/hri_interfaces/msg/detail/identified_face__rosidl_typesupport_introspection_cpp.hpp
[0.407s] -- Up-to-date symlink: /ros2_ws/install/hri_interfaces/include/hri_interfaces/hri_interfaces/msg/detail/identified_face_array__rosidl_typesupport_introspection_cpp.hpp
[0.407s] -- Up-to-date symlink: /ros2_ws/install/hri_interfaces/include/hri_interfaces/hri_interfaces/msg/detail/tracked_face__rosidl_typesupport_introspection_cpp.hpp
[0.407s] -- Up-to-date symlink: /ros2_ws/install/hri_interfaces/include/hri_interfaces/hri_interfaces/msg/detail/tracked_face_array__rosidl_typesupport_introspection_cpp.hpp
[0.408s] -- Up-to-date symlink: /ros2_ws/install/hri_interfaces/share/hri_interfaces/environment/pythonpath.sh
[0.408s] -- Up-to-date symlink: /ros2_ws/install/hri_interfaces/share/hri_interfaces/environment/pythonpath.dsv
[0.408s] -- Up-to-date symlink: /ros2_ws/install/hri_interfaces/lib/python3.12/site-packages/hri_interfaces-0.0.1-py3.12.egg-info/PKG-INFO
[0.408s] -- Up-to-date symlink: /ros2_ws/install/hri_interfaces/lib/python3.12/site-packages/hri_interfaces-0.0.1-py3.12.egg-info/SOURCES.txt
[0.408s] -- Up-to-date symlink: /ros2_ws/install/hri_interfaces/lib/python3.12/site-packages/hri_interfaces-0.0.1-py3.12.egg-info/dependency_links.txt
[0.408s] -- Up-to-date symlink: /ros2_ws/install/hri_interfaces/lib/python3.12/site-packages/hri_interfaces-0.0.1-py3.12.egg-info/top_level.txt
[0.408s] -- Up-to-date symlink: /ros2_ws/install/hri_interfaces/lib/python3.12/site-packages/hri_interfaces/__init__.py
[0.408s] -- Up-to-date symlink: /ros2_ws/install/hri_interfaces/lib/python3.12/site-packages/hri_interfaces/_hri_interfaces_s.ep.rosidl_typesupport_c.c
[0.408s] -- Up-to-date symlink: /ros2_ws/install/hri_interfaces/lib/python3.12/site-packages/hri_interfaces/_hri_interfaces_s.ep.rosidl_typesupport_fastrtps_c.c
[0.408s] -- Up-to-date symlink: /ros2_ws/install/hri_interfaces/lib/python3.12/site-packages/hri_interfaces/_hri_interfaces_s.ep.rosidl_typesupport_introspection_c.c
[0.408s] -- Up-to-date symlink: /ros2_ws/install/hri_interfaces/lib/python3.12/site-packages/hri_interfaces/hri_interfaces_s__rosidl_typesupport_c.so
[0.408s] -- Up-to-date symlink: /ros2_ws/install/hri_interfaces/lib/python3.12/site-packages/hri_interfaces/hri_interfaces_s__rosidl_typesupport_fastrtps_c.so
[0.408s] -- Up-to-date symlink: /ros2_ws/install/hri_interfaces/lib/python3.12/site-packages/hri_interfaces/hri_interfaces_s__rosidl_typesupport_introspection_c.so
[0.409s] -- Up-to-date symlink: /ros2_ws/install/hri_interfaces/lib/python3.12/site-packages/hri_interfaces/msg/__init__.py
[0.409s] -- Up-to-date symlink: /ros2_ws/install/hri_interfaces/lib/python3.12/site-packages/hri_interfaces/msg/_identified_face.py
[0.409s] -- Up-to-date symlink: /ros2_ws/install/hri_interfaces/lib/python3.12/site-packages/hri_interfaces/msg/_identified_face_array.py
[0.409s] -- Up-to-date symlink: /ros2_ws/install/hri_interfaces/lib/python3.12/site-packages/hri_interfaces/msg/_identified_face_array_s.c
[0.409s] -- Up-to-date symlink: /ros2_ws/install/hri_interfaces/lib/python3.12/site-packages/hri_interfaces/msg/_identified_face_s.c
[0.409s] -- Up-to-date symlink: /ros2_ws/install/hri_interfaces/lib/python3.12/site-packages/hri_interfaces/msg/_tracked_face.py
[0.409s] -- Up-to-date symlink: /ros2_ws/install/hri_interfaces/lib/python3.12/site-packages/hri_interfaces/msg/_tracked_face_array.py
[0.409s] -- Up-to-date symlink: /ros2_ws/install/hri_interfaces/lib/python3.12/site-packages/hri_interfaces/msg/_tracked_face_array_s.c
[0.409s] -- Up-to-date symlink: /ros2_ws/install/hri_interfaces/lib/python3.12/site-packages/hri_interfaces/msg/_tracked_face_s.c
[0.409s] -- Up-to-date symlink: /ros2_ws/install/hri_interfaces/lib/python3.12/site-packages/hri_interfaces/hri_interfaces_s__rosidl_typesupport_fastrtps_c.so
[0.409s] -- Up-to-date symlink: /ros2_ws/install/hri_interfaces/lib/python3.12/site-packages/hri_interfaces/hri_interfaces_s__rosidl_typesupport_introspection_c.so
[0.409s] -- Up-to-date symlink: /ros2_ws/install/hri_interfaces/lib/python3.12/site-packages/hri_interfaces/hri_interfaces_s__rosidl_typesupport_c.so
[0.409s] -- Up-to-date symlink: /ros2_ws/install/hri_interfaces/share/ament_index/resource_index/rust_packages/hri_interfaces
[0.410s] -- Up-to-date symlink: /ros2_ws/install/hri_interfaces/share/hri_interfaces/rust/Cargo.toml
[0.410s] -- Up-to-date symlink: /ros2_ws/install/hri_interfaces/share/hri_interfaces/rust/build.rs
[0.410s] -- Up-to-date symlink: /ros2_ws/install/hri_interfaces/share/hri_interfaces/rust/src/lib.rs
[0.410s] -- Up-to-date symlink: /ros2_ws/install/hri_interfaces/share/hri_interfaces/rust/src/msg.rs
[0.410s] -- Up-to-date symlink: /ros2_ws/install/hri_interfaces/share/hri_interfaces/rust/src/msg/rmw.rs
[0.410s] -- Up-to-date symlink: /ros2_ws/install/hri_interfaces/share/hri_interfaces/msg/TrackedFace.idl
[0.410s] -- Up-to-date symlink: /ros2_ws/install/hri_interfaces/share/hri_interfaces/msg/TrackedFaceArray.idl
[0.410s] -- Up-to-date symlink: /ros2_ws/install/hri_interfaces/share/hri_interfaces/msg/IdentifiedFace.idl
[0.410s] -- Up-to-date symlink: /ros2_ws/install/hri_interfaces/share/hri_interfaces/msg/IdentifiedFaceArray.idl
[0.410s] -- Up-to-date symlink: /ros2_ws/install/hri_interfaces/share/hri_interfaces/msg/TrackedFace.msg
[0.410s] -- Up-to-date symlink: /ros2_ws/install/hri_interfaces/share/hri_interfaces/msg/TrackedFaceArray.msg
[0.410s] -- Up-to-date symlink: /ros2_ws/install/hri_interfaces/share/hri_interfaces/msg/IdentifiedFace.msg
[0.410s] -- Up-to-date symlink: /ros2_ws/install/hri_interfaces/share/hri_interfaces/msg/IdentifiedFaceArray.msg
[0.410s] -- Up-to-date symlink: /ros2_ws/install/hri_interfaces/share/ament_index/resource_index/package_run_dependencies/hri_interfaces
[0.410s] -- Up-to-date symlink: /ros2_ws/install/hri_interfaces/share/ament_index/resource_index/parent_prefix_path/hri_interfaces
[0.410s] -- Up-to-date symlink: /ros2_ws/install/hri_interfaces/share/hri_interfaces/environment/ament_prefix_path.sh
[0.410s] -- Up-to-date symlink: /ros2_ws/install/hri_interfaces/share/hri_interfaces/environment/ament_prefix_path.dsv
[0.411s] -- Up-to-date symlink: /ros2_ws/install/hri_interfaces/share/hri_interfaces/environment/path.sh
[0.411s] -- Up-to-date symlink: /ros2_ws/install/hri_interfaces/share/hri_interfaces/environment/path.dsv
[0.411s] -- Up-to-date symlink: /ros2_ws/install/hri_interfaces/share/hri_interfaces/local_setup.bash
[0.411s] -- Up-to-date symlink: /ros2_ws/install/hri_interfaces/share/hri_interfaces/local_setup.sh
[0.411s] -- Up-to-date symlink: /ros2_ws/install/hri_interfaces/share/hri_interfaces/local_setup.zsh
[0.411s] -- Up-to-date symlink: /ros2_ws/install/hri_interfaces/share/hri_interfaces/local_setup.dsv
[0.411s] -- Symlinking: /ros2_ws/install/hri_interfaces/share/hri_interfaces/package.dsv
[0.418s] -- Up-to-date symlink: /ros2_ws/install/hri_interfaces/share/ament_index/resource_index/packages/hri_interfaces
[0.418s] -- Up-to-date symlink: /ros2_ws/install/hri_interfaces/share/hri_interfaces/cmake/rosidl_cmake-extras.cmake
[0.418s] -- Up-to-date symlink: /ros2_ws/install/hri_interfaces/share/hri_interfaces/cmake/ament_cmake_export_dependencies-extras.cmake
[0.418s] -- Up-to-date symlink: /ros2_ws/install/hri_interfaces/share/hri_interfaces/cmake/ament_cmake_export_include_directories-extras.cmake
[0.418s] -- Up-to-date symlink: /ros2_ws/install/hri_interfaces/share/hri_interfaces/cmake/ament_cmake_export_libraries-extras.cmake
[0.418s] -- Up-to-date symlink: /ros2_ws/install/hri_interfaces/share/hri_interfaces/cmake/ament_cmake_export_targets-extras.cmake
[0.419s] -- Up-to-date symlink: /ros2_ws/install/hri_interfaces/share/hri_interfaces/cmake/rosidl_cmake_export_typesupport_targets-extras.cmake
[0.419s] -- Up-to-date symlink: /ros2_ws/install/hri_interfaces/share/hri_interfaces/cmake/rosidl_cmake_export_typesupport_libraries-extras.cmake
[0.419s] -- Up-to-date symlink: /ros2_ws/install/hri_interfaces/share/hri_interfaces/cmake/rosidl_cmake_aggregate_target-extras.cmake
[0.419s] -- Up-to-date symlink: /ros2_ws/install/hri_interfaces/share/hri_interfaces/cmake/hri_interfacesConfig.cmake
[0.419s] -- Up-to-date symlink: /ros2_ws/install/hri_interfaces/share/hri_interfaces/cmake/hri_interfacesConfig-version.cmake
[0.419s] -- Up-to-date symlink: /ros2_ws/install/hri_interfaces/share/hri_interfaces/package.xml
[0.419s] -- Up-to-date: /ros2_ws/install/hri_interfaces/lib/libhri_interfaces__rosidl_generator_c.so
[0.419s] -- Up-to-date: /ros2_ws/install/hri_interfaces/lib/libhri_interfaces__rosidl_typesupport_fastrtps_c.so
[0.419s] -- Up-to-date: /ros2_ws/install/hri_interfaces/lib/libhri_interfaces__rosidl_typesupport_introspection_c.so
[0.419s] -- Up-to-date: /ros2_ws/install/hri_interfaces/lib/libhri_interfaces__rosidl_typesupport_c.so
[0.419s] -- Up-to-date: /ros2_ws/install/hri_interfaces/lib/libhri_interfaces__rosidl_typesupport_fastrtps_cpp.so
[0.419s] -- Up-to-date: /ros2_ws/install/hri_interfaces/lib/libhri_interfaces__rosidl_typesupport_introspection_cpp.so
[0.420s] -- Up-to-date: /ros2_ws/install/hri_interfaces/lib/libhri_interfaces__rosidl_typesupport_cpp.so
[0.441s] Listing '/ros2_ws/install/hri_interfaces/lib/python3.12/site-packages/hri_interfaces'...
[0.441s] Listing '/ros2_ws/install/hri_interfaces/lib/python3.12/site-packages/hri_interfaces/msg'...
[0.444s] -- Up-to-date: /ros2_ws/install/hri_interfaces/lib/libhri_interfaces__rosidl_generator_py.so
[0.445s] -- Up-to-date: /ros2_ws/install/hri_interfaces/share/hri_interfaces/cmake/export_hri_interfaces__rosidl_generator_cExport.cmake
[0.445s] -- Up-to-date: /ros2_ws/install/hri_interfaces/share/hri_interfaces/cmake/export_hri_interfaces__rosidl_generator_cExport-noconfig.cmake
[0.445s] -- Up-to-date: /ros2_ws/install/hri_interfaces/share/hri_interfaces/cmake/export_hri_interfaces__rosidl_typesupport_fastrtps_cExport.cmake
[0.445s] -- Up-to-date: /ros2_ws/install/hri_interfaces/share/hri_interfaces/cmake/export_hri_interfaces__rosidl_typesupport_fastrtps_cExport-noconfig.cmake
[0.445s] -- Up-to-date: /ros2_ws/install/hri_interfaces/share/hri_interfaces/cmake/hri_interfaces__rosidl_typesupport_introspection_cExport.cmake
[0.445s] -- Up-to-date: /ros2_ws/install/hri_interfaces/share/hri_interfaces/cmake/hri_interfaces__rosidl_typesupport_introspection_cExport-noconfig.cmake
[0.445s] -- Up-to-date: /ros2_ws/install/hri_interfaces/share/hri_interfaces/cmake/hri_interfaces__rosidl_typesupport_cExport.cmake
[0.445s] -- Up-to-date: /ros2_ws/install/hri_interfaces/share/hri_interfaces/cmake/hri_interfaces__rosidl_typesupport_cExport-noconfig.cmake
[0.446s] -- Up-to-date: /ros2_ws/install/hri_interfaces/share/hri_interfaces/cmake/export_hri_interfaces__rosidl_generator_cppExport.cmake
[0.446s] -- Up-to-date: /ros2_ws/install/hri_interfaces/share/hri_interfaces/cmake/export_hri_interfaces__rosidl_typesupport_fastrtps_cppExport.cmake
[0.446s] -- Up-to-date: /ros2_ws/install/hri_interfaces/share/hri_interfaces/cmake/export_hri_interfaces__rosidl_typesupport_fastrtps_cppExport-noconfig.cmake
[0.446s] -- Up-to-date: /ros2_ws/install/hri_interfaces/share/hri_interfaces/cmake/hri_interfaces__rosidl_typesupport_introspection_cppExport.cmake
[0.446s] -- Up-to-date: /ros2_ws/install/hri_interfaces/share/hri_interfaces/cmake/hri_interfaces__rosidl_typesupport_introspection_cppExport-noconfig.cmake
[0.446s] -- Up-to-date: /ros2_ws/install/hri_interfaces/share/hri_interfaces/cmake/hri_interfaces__rosidl_typesupport_cppExport.cmake
[0.446s] -- Up-to-date: /ros2_ws/install/hri_interfaces/share/hri_interfaces/cmake/hri_interfaces__rosidl_typesupport_cppExport-noconfig.cmake
[0.446s] -- Up-to-date: /ros2_ws/install/hri_interfaces/share/hri_interfaces/cmake/export_hri_interfaces__rosidl_generator_pyExport.cmake
[0.447s] -- Up-to-date: /ros2_ws/install/hri_interfaces/share/hri_interfaces/cmake/export_hri_interfaces__rosidl_generator_pyExport-noconfig.cmake
[0.448s] Invoked command in '/ros2_ws/build/hri_interfaces' returned '0': CMAKE_PREFIX_PATH=${CMAKE_PREFIX_PATH}:/opt/ros/jazzy /usr/bin/cmake --install /ros2_ws/build/hri_interfaces
