[0.064s] DEBUG:colcon:Command line arguments: ['/usr/bin/colcon', 'build', '--symlink-install']
[0.064s] DEBUG:colcon:Parsed command line arguments: Namespace(log_base=None, log_level=None, verb_name='build', build_base='build', install_base='install', merge_install=False, symlink_install=True, test_result_base=None, continue_on_error=False, executor='parallel', parallel_workers=20, event_handlers=None, ignore_user_meta=False, metas=['./colcon.meta'], base_paths=['.'], packages_ignore=None, packages_ignore_regex=None, paths=None, packages_up_to=None, packages_up_to_regex=None, packages_above=None, packages_above_and_dependencies=None, packages_above_depth=None, packages_select_by_dep=None, packages_skip_by_dep=None, packages_skip_up_to=None, packages_select_build_failed=False, packages_skip_build_finished=False, packages_select_test_failures=False, packages_skip_test_passed=False, packages_select=None, packages_skip=None, packages_select_regex=None, packages_skip_regex=None, packages_start=None, packages_end=None, allow_overriding=[], cmake_args=None, cmake_target=None, cmake_target_skip_unavailable=False, cmake_clean_cache=False, cmake_clean_first=False, cmake_force_configure=False, ament_cmake_args=None, catkin_cmake_args=None, catkin_skip_building_tests=False, mixin_files=None, mixin=None, verb_parser=<colcon_mixin.mixin.mixin_argument.MixinArgumentDecorator object at 0x7fa78cf1a4e0>, verb_extension=<colcon_core.verb.build.BuildVerb object at 0x7fa78d06ed20>, main=<bound method BuildVerb.main of <colcon_core.verb.build.BuildVerb object at 0x7fa78d06ed20>>, mixin_verb=('build',))
[0.084s] Level 1:colcon.colcon_core.package_discovery:discover_packages(colcon_meta) check parameters
[0.084s] Level 1:colcon.colcon_core.package_discovery:discover_packages(recursive) check parameters
[0.084s] Level 1:colcon.colcon_core.package_discovery:discover_packages(ignore) check parameters
[0.084s] Level 1:colcon.colcon_core.package_discovery:discover_packages(path) check parameters
[0.084s] Level 1:colcon.colcon_core.package_discovery:discover_packages(colcon_meta) discover
[0.084s] Level 1:colcon.colcon_core.package_discovery:discover_packages(recursive) discover
[0.084s] INFO:colcon.colcon_core.package_discovery:Crawling recursively for packages in '/ros2_ws'
[0.084s] Level 1:colcon.colcon_core.package_identification:_identify(.) by extensions ['ignore', 'ignore_ament_install']
[0.084s] Level 1:colcon.colcon_core.package_identification:_identify(.) by extension 'ignore'
[0.084s] Level 1:colcon.colcon_core.package_identification:_identify(.) by extension 'ignore_ament_install'
[0.084s] Level 1:colcon.colcon_core.package_identification:_identify(.) by extensions ['colcon_pkg']
[0.084s] Level 1:colcon.colcon_core.package_identification:_identify(.) by extension 'colcon_pkg'
[0.084s] Level 1:colcon.colcon_core.package_identification:_identify(.) by extensions ['colcon_meta']
[0.084s] Level 1:colcon.colcon_core.package_identification:_identify(.) by extension 'colcon_meta'
[0.084s] Level 1:colcon.colcon_core.package_identification:_identify(.) by extensions ['ros']
[0.084s] Level 1:colcon.colcon_core.package_identification:_identify(.) by extension 'ros'
[0.098s] Level 1:colcon.colcon_core.package_identification:_identify(.) by extensions ['cmake', 'python']
[0.098s] Level 1:colcon.colcon_core.package_identification:_identify(.) by extension 'cmake'
[0.098s] Level 1:colcon.colcon_core.package_identification:_identify(.) by extension 'python'
[0.098s] Level 1:colcon.colcon_core.package_identification:_identify(.) by extensions ['python_setup_py']
[0.098s] Level 1:colcon.colcon_core.package_identification:_identify(.) by extension 'python_setup_py'
[0.098s] Level 1:colcon.colcon_core.package_identification:_identify(build) by extensions ['ignore', 'ignore_ament_install']
[0.098s] Level 1:colcon.colcon_core.package_identification:_identify(build) by extension 'ignore'
[0.098s] Level 1:colcon.colcon_core.package_identification:_identify(build) ignored
[0.098s] Level 1:colcon.colcon_core.package_identification:_identify(install) by extensions ['ignore', 'ignore_ament_install']
[0.098s] Level 1:colcon.colcon_core.package_identification:_identify(install) by extension 'ignore'
[0.099s] Level 1:colcon.colcon_core.package_identification:_identify(install) ignored
[0.099s] Level 1:colcon.colcon_core.package_identification:_identify(log) by extensions ['ignore', 'ignore_ament_install']
[0.099s] Level 1:colcon.colcon_core.package_identification:_identify(log) by extension 'ignore'
[0.099s] Level 1:colcon.colcon_core.package_identification:_identify(log) ignored
[0.099s] Level 1:colcon.colcon_core.package_identification:_identify(src) by extensions ['ignore', 'ignore_ament_install']
[0.099s] Level 1:colcon.colcon_core.package_identification:_identify(src) by extension 'ignore'
[0.099s] Level 1:colcon.colcon_core.package_identification:_identify(src) by extension 'ignore_ament_install'
[0.099s] Level 1:colcon.colcon_core.package_identification:_identify(src) by extensions ['colcon_pkg']
[0.099s] Level 1:colcon.colcon_core.package_identification:_identify(src) by extension 'colcon_pkg'
[0.099s] Level 1:colcon.colcon_core.package_identification:_identify(src) by extensions ['colcon_meta']
[0.099s] Level 1:colcon.colcon_core.package_identification:_identify(src) by extension 'colcon_meta'
[0.099s] Level 1:colcon.colcon_core.package_identification:_identify(src) by extensions ['ros']
[0.099s] Level 1:colcon.colcon_core.package_identification:_identify(src) by extension 'ros'
[0.099s] Level 1:colcon.colcon_core.package_identification:_identify(src) by extensions ['cmake', 'python']
[0.099s] Level 1:colcon.colcon_core.package_identification:_identify(src) by extension 'cmake'
[0.099s] Level 1:colcon.colcon_core.package_identification:_identify(src) by extension 'python'
[0.099s] Level 1:colcon.colcon_core.package_identification:_identify(src) by extensions ['python_setup_py']
[0.099s] Level 1:colcon.colcon_core.package_identification:_identify(src) by extension 'python_setup_py'
[0.099s] Level 1:colcon.colcon_core.package_identification:_identify(src/hri_camera) by extensions ['ignore', 'ignore_ament_install']
[0.099s] Level 1:colcon.colcon_core.package_identification:_identify(src/hri_camera) by extension 'ignore'
[0.099s] Level 1:colcon.colcon_core.package_identification:_identify(src/hri_camera) by extension 'ignore_ament_install'
[0.099s] Level 1:colcon.colcon_core.package_identification:_identify(src/hri_camera) by extensions ['colcon_pkg']
[0.099s] Level 1:colcon.colcon_core.package_identification:_identify(src/hri_camera) by extension 'colcon_pkg'
[0.099s] Level 1:colcon.colcon_core.package_identification:_identify(src/hri_camera) by extensions ['colcon_meta']
[0.099s] Level 1:colcon.colcon_core.package_identification:_identify(src/hri_camera) by extension 'colcon_meta'
[0.099s] Level 1:colcon.colcon_core.package_identification:_identify(src/hri_camera) by extensions ['ros']
[0.099s] Level 1:colcon.colcon_core.package_identification:_identify(src/hri_camera) by extension 'ros'
[0.101s] DEBUG:colcon.colcon_core.package_identification:Package 'src/hri_camera' with type 'ros.ament_python' and name 'hri_camera'
[0.101s] Level 1:colcon.colcon_core.package_identification:_identify(src/hri_interfaces) by extensions ['ignore', 'ignore_ament_install']
[0.101s] Level 1:colcon.colcon_core.package_identification:_identify(src/hri_interfaces) by extension 'ignore'
[0.101s] Level 1:colcon.colcon_core.package_identification:_identify(src/hri_interfaces) by extension 'ignore_ament_install'
[0.101s] Level 1:colcon.colcon_core.package_identification:_identify(src/hri_interfaces) by extensions ['colcon_pkg']
[0.101s] Level 1:colcon.colcon_core.package_identification:_identify(src/hri_interfaces) by extension 'colcon_pkg'
[0.101s] Level 1:colcon.colcon_core.package_identification:_identify(src/hri_interfaces) by extensions ['colcon_meta']
[0.101s] Level 1:colcon.colcon_core.package_identification:_identify(src/hri_interfaces) by extension 'colcon_meta'
[0.101s] Level 1:colcon.colcon_core.package_identification:_identify(src/hri_interfaces) by extensions ['ros']
[0.101s] Level 1:colcon.colcon_core.package_identification:_identify(src/hri_interfaces) by extension 'ros'
[0.101s] DEBUG:colcon.colcon_core.package_identification:Package 'src/hri_interfaces' with type 'ros.ament_cmake' and name 'hri_interfaces'
[0.101s] Level 1:colcon.colcon_core.package_discovery:discover_packages(recursive) using defaults
[0.101s] Level 1:colcon.colcon_core.package_discovery:discover_packages(ignore) discover
[0.101s] Level 1:colcon.colcon_core.package_discovery:discover_packages(ignore) using defaults
[0.101s] Level 1:colcon.colcon_core.package_discovery:discover_packages(path) discover
[0.101s] Level 1:colcon.colcon_core.package_discovery:discover_packages(path) using defaults
[0.111s] Level 1:colcon.colcon_core.package_discovery:discover_packages(prefix_path) check parameters
[0.111s] Level 1:colcon.colcon_core.package_discovery:discover_packages(prefix_path) discover
[0.112s] DEBUG:colcon.colcon_installed_package_information.package_discovery:Found 287 installed packages in /opt/ros/jazzy
[0.113s] Level 1:colcon.colcon_core.package_discovery:discover_packages(prefix_path) using defaults
[0.132s] Level 5:colcon.colcon_core.verb:set package 'hri_camera' build argument 'cmake_args' from command line to 'None'
[0.132s] Level 5:colcon.colcon_core.verb:set package 'hri_camera' build argument 'cmake_target' from command line to 'None'
[0.132s] Level 5:colcon.colcon_core.verb:set package 'hri_camera' build argument 'cmake_target_skip_unavailable' from command line to 'False'
[0.132s] Level 5:colcon.colcon_core.verb:set package 'hri_camera' build argument 'cmake_clean_cache' from command line to 'False'
[0.132s] Level 5:colcon.colcon_core.verb:set package 'hri_camera' build argument 'cmake_clean_first' from command line to 'False'
[0.132s] Level 5:colcon.colcon_core.verb:set package 'hri_camera' build argument 'cmake_force_configure' from command line to 'False'
[0.132s] Level 5:colcon.colcon_core.verb:set package 'hri_camera' build argument 'ament_cmake_args' from command line to 'None'
[0.132s] Level 5:colcon.colcon_core.verb:set package 'hri_camera' build argument 'catkin_cmake_args' from command line to 'None'
[0.132s] Level 5:colcon.colcon_core.verb:set package 'hri_camera' build argument 'catkin_skip_building_tests' from command line to 'False'
[0.132s] DEBUG:colcon.colcon_core.verb:Building package 'hri_camera' with the following arguments: {'ament_cmake_args': None, 'build_base': '/ros2_ws/build/hri_camera', 'catkin_cmake_args': None, 'catkin_skip_building_tests': False, 'cmake_args': None, 'cmake_clean_cache': False, 'cmake_clean_first': False, 'cmake_force_configure': False, 'cmake_target': None, 'cmake_target_skip_unavailable': False, 'install_base': '/ros2_ws/install/hri_camera', 'merge_install': False, 'path': '/ros2_ws/src/hri_camera', 'symlink_install': True, 'test_result_base': None}
[0.132s] Level 5:colcon.colcon_core.verb:set package 'hri_interfaces' build argument 'cmake_args' from command line to 'None'
[0.132s] Level 5:colcon.colcon_core.verb:set package 'hri_interfaces' build argument 'cmake_target' from command line to 'None'
[0.132s] Level 5:colcon.colcon_core.verb:set package 'hri_interfaces' build argument 'cmake_target_skip_unavailable' from command line to 'False'
[0.132s] Level 5:colcon.colcon_core.verb:set package 'hri_interfaces' build argument 'cmake_clean_cache' from command line to 'False'
[0.133s] Level 5:colcon.colcon_core.verb:set package 'hri_interfaces' build argument 'cmake_clean_first' from command line to 'False'
[0.133s] Level 5:colcon.colcon_core.verb:set package 'hri_interfaces' build argument 'cmake_force_configure' from command line to 'False'
[0.133s] Level 5:colcon.colcon_core.verb:set package 'hri_interfaces' build argument 'ament_cmake_args' from command line to 'None'
[0.133s] Level 5:colcon.colcon_core.verb:set package 'hri_interfaces' build argument 'catkin_cmake_args' from command line to 'None'
[0.133s] Level 5:colcon.colcon_core.verb:set package 'hri_interfaces' build argument 'catkin_skip_building_tests' from command line to 'False'
[0.133s] DEBUG:colcon.colcon_core.verb:Building package 'hri_interfaces' with the following arguments: {'ament_cmake_args': None, 'build_base': '/ros2_ws/build/hri_interfaces', 'catkin_cmake_args': None, 'catkin_skip_building_tests': False, 'cmake_args': None, 'cmake_clean_cache': False, 'cmake_clean_first': False, 'cmake_force_configure': False, 'cmake_target': None, 'cmake_target_skip_unavailable': False, 'install_base': '/ros2_ws/install/hri_interfaces', 'merge_install': False, 'path': '/ros2_ws/src/hri_interfaces', 'symlink_install': True, 'test_result_base': None}
[0.133s] INFO:colcon.colcon_core.executor:Executing jobs using 'parallel' executor
[0.134s] DEBUG:colcon.colcon_parallel_executor.executor.parallel:run_until_complete
[0.134s] INFO:colcon.colcon_ros.task.ament_python.build:Building ROS package in '/ros2_ws/src/hri_camera' with build type 'ament_python'
[0.134s] Level 1:colcon.colcon_core.shell:create_environment_hook('hri_camera', 'ament_prefix_path')
[0.135s] INFO:colcon.colcon_core.plugin_system:Skipping extension 'colcon_core.shell.bat': Not used on non-Windows systems
[0.135s] INFO:colcon.colcon_core.shell:Creating environment hook '/ros2_ws/install/hri_camera/share/hri_camera/hook/ament_prefix_path.ps1'
[0.136s] INFO:colcon.colcon_core.shell:Creating environment descriptor '/ros2_ws/install/hri_camera/share/hri_camera/hook/ament_prefix_path.dsv'
[0.136s] INFO:colcon.colcon_core.shell:Creating environment hook '/ros2_ws/install/hri_camera/share/hri_camera/hook/ament_prefix_path.sh'
[0.136s] INFO:colcon.colcon_core.shell:Skip shell extension 'powershell' for command environment: Not usable outside of PowerShell
[0.136s] DEBUG:colcon.colcon_core.shell:Skip shell extension 'dsv' for command environment
[0.138s] INFO:colcon.colcon_ros.task.ament_cmake.build:Building ROS package in '/ros2_ws/src/hri_interfaces' with build type 'ament_cmake'
[0.138s] INFO:colcon.colcon_cmake.task.cmake.build:Building CMake package in '/ros2_ws/src/hri_interfaces'
[0.138s] INFO:colcon.colcon_core.shell:Skip shell extension 'powershell' for command environment: Not usable outside of PowerShell
[0.138s] DEBUG:colcon.colcon_core.shell:Skip shell extension 'dsv' for command environment
[0.245s] INFO:colcon.colcon_core.task.python.build:Building Python package in '/ros2_ws/src/hri_camera'
[0.246s] INFO:colcon.colcon_core.shell:Skip shell extension 'powershell' for command environment: Not usable outside of PowerShell
[0.246s] DEBUG:colcon.colcon_core.shell:Skip shell extension 'dsv' for command environment
[0.249s] DEBUG:colcon.colcon_core.event_handler.log_command:Invoking command in '/ros2_ws/build/hri_interfaces': CMAKE_PREFIX_PATH=${CMAKE_PREFIX_PATH}:/opt/ros/jazzy /usr/bin/cmake --build /ros2_ws/build/hri_interfaces -- -j20 -l20
[0.529s] DEBUG:colcon.colcon_core.event_handler.log_command:Invoked command in '/ros2_ws/build/hri_interfaces' returned '0': CMAKE_PREFIX_PATH=${CMAKE_PREFIX_PATH}:/opt/ros/jazzy /usr/bin/cmake --build /ros2_ws/build/hri_interfaces -- -j20 -l20
[0.536s] DEBUG:colcon.colcon_core.event_handler.log_command:Invoking command in '/ros2_ws/build/hri_interfaces': CMAKE_PREFIX_PATH=${CMAKE_PREFIX_PATH}:/opt/ros/jazzy /usr/bin/cmake --install /ros2_ws/build/hri_interfaces
[0.571s] DEBUG:colcon.colcon_core.task.python.build:Available setuptools commands: build_ext, install_scripts, clean, upload_docs, check, register, build_py, build_clib, install_data, symlink_data, editable_wheel, build, build_scripts, install_lib, install, saveopts, upload, dist_info, install_egg_info, bdist_egg, bdist_dumb, develop, egg_info, test, sdist, easy_install, alias, install_headers, setopt, bdist_rpm, rotate, bdist
[0.585s] Level 1:colcon.colcon_core.environment:create_environment_scripts_only(hri_interfaces)
[0.586s] DEBUG:colcon.colcon_core.event_handler.log_command:Invoked command in '/ros2_ws/build/hri_interfaces' returned '0': CMAKE_PREFIX_PATH=${CMAKE_PREFIX_PATH}:/opt/ros/jazzy /usr/bin/cmake --install /ros2_ws/build/hri_interfaces
[0.587s] Level 1:colcon.colcon_core.environment:checking '/ros2_ws/install/hri_interfaces' for CMake module files
[0.587s] Level 1:colcon.colcon_core.environment:checking '/ros2_ws/install/hri_interfaces' for CMake config files
[0.587s] Level 1:colcon.colcon_core.shell:create_environment_hook('hri_interfaces', 'cmake_prefix_path')
[0.587s] INFO:colcon.colcon_core.shell:Creating environment hook '/ros2_ws/install/hri_interfaces/share/hri_interfaces/hook/cmake_prefix_path.ps1'
[0.588s] INFO:colcon.colcon_core.shell:Creating environment descriptor '/ros2_ws/install/hri_interfaces/share/hri_interfaces/hook/cmake_prefix_path.dsv'
[0.588s] INFO:colcon.colcon_core.shell:Creating environment hook '/ros2_ws/install/hri_interfaces/share/hri_interfaces/hook/cmake_prefix_path.sh'
[0.588s] Level 1:colcon.colcon_core.environment:checking '/ros2_ws/install/hri_interfaces/lib'
[0.588s] Level 1:colcon.colcon_core.shell:create_environment_hook('hri_interfaces', 'ld_library_path_lib')
[0.588s] INFO:colcon.colcon_core.shell:Creating environment hook '/ros2_ws/install/hri_interfaces/share/hri_interfaces/hook/ld_library_path_lib.ps1'
[0.589s] INFO:colcon.colcon_core.shell:Creating environment descriptor '/ros2_ws/install/hri_interfaces/share/hri_interfaces/hook/ld_library_path_lib.dsv'
[0.589s] INFO:colcon.colcon_core.shell:Creating environment hook '/ros2_ws/install/hri_interfaces/share/hri_interfaces/hook/ld_library_path_lib.sh'
[0.589s] Level 1:colcon.colcon_core.environment:checking '/ros2_ws/install/hri_interfaces/bin'
[0.589s] Level 1:colcon.colcon_core.environment:checking '/ros2_ws/install/hri_interfaces/lib/pkgconfig/hri_interfaces.pc'
[0.589s] Level 1:colcon.colcon_core.environment:checking '/ros2_ws/install/hri_interfaces/lib/python3.12/site-packages'
[0.589s] Level 1:colcon.colcon_core.shell:create_environment_hook('hri_interfaces', 'pythonpath')
[0.589s] INFO:colcon.colcon_core.shell:Creating environment hook '/ros2_ws/install/hri_interfaces/share/hri_interfaces/hook/pythonpath.ps1'
[0.589s] INFO:colcon.colcon_core.shell:Creating environment descriptor '/ros2_ws/install/hri_interfaces/share/hri_interfaces/hook/pythonpath.dsv'
[0.590s] INFO:colcon.colcon_core.shell:Creating environment hook '/ros2_ws/install/hri_interfaces/share/hri_interfaces/hook/pythonpath.sh'
[0.590s] Level 1:colcon.colcon_core.environment:checking '/ros2_ws/install/hri_interfaces/bin'
[0.590s] INFO:colcon.colcon_core.shell:Creating package script '/ros2_ws/install/hri_interfaces/share/hri_interfaces/package.ps1'
[0.591s] INFO:colcon.colcon_core.shell:Creating package descriptor '/ros2_ws/install/hri_interfaces/share/hri_interfaces/package.dsv'
[0.591s] INFO:colcon.colcon_core.shell:Creating package script '/ros2_ws/install/hri_interfaces/share/hri_interfaces/package.sh'
[0.592s] INFO:colcon.colcon_core.shell:Creating package script '/ros2_ws/install/hri_interfaces/share/hri_interfaces/package.bash'
[0.592s] INFO:colcon.colcon_core.shell:Creating package script '/ros2_ws/install/hri_interfaces/share/hri_interfaces/package.zsh'
[0.592s] Level 1:colcon.colcon_core.environment:create_file_with_runtime_dependencies(/ros2_ws/install/hri_interfaces/share/colcon-core/packages/hri_interfaces)
[0.593s] Level 1:colcon.colcon_core.environment:create_environment_scripts_only(hri_interfaces)
[0.593s] Level 1:colcon.colcon_core.environment:checking '/ros2_ws/install/hri_interfaces' for CMake module files
[0.593s] Level 1:colcon.colcon_core.environment:checking '/ros2_ws/install/hri_interfaces' for CMake config files
[0.593s] Level 1:colcon.colcon_core.shell:create_environment_hook('hri_interfaces', 'cmake_prefix_path')
[0.593s] INFO:colcon.colcon_core.shell:Creating environment hook '/ros2_ws/install/hri_interfaces/share/hri_interfaces/hook/cmake_prefix_path.ps1'
[0.594s] INFO:colcon.colcon_core.shell:Creating environment descriptor '/ros2_ws/install/hri_interfaces/share/hri_interfaces/hook/cmake_prefix_path.dsv'
[0.594s] INFO:colcon.colcon_core.shell:Creating environment hook '/ros2_ws/install/hri_interfaces/share/hri_interfaces/hook/cmake_prefix_path.sh'
[0.594s] Level 1:colcon.colcon_core.environment:checking '/ros2_ws/install/hri_interfaces/lib'
[0.594s] Level 1:colcon.colcon_core.shell:create_environment_hook('hri_interfaces', 'ld_library_path_lib')
[0.594s] INFO:colcon.colcon_core.shell:Creating environment hook '/ros2_ws/install/hri_interfaces/share/hri_interfaces/hook/ld_library_path_lib.ps1'
[0.594s] INFO:colcon.colcon_core.shell:Creating environment descriptor '/ros2_ws/install/hri_interfaces/share/hri_interfaces/hook/ld_library_path_lib.dsv'
[0.595s] INFO:colcon.colcon_core.shell:Creating environment hook '/ros2_ws/install/hri_interfaces/share/hri_interfaces/hook/ld_library_path_lib.sh'
[0.595s] Level 1:colcon.colcon_core.environment:checking '/ros2_ws/install/hri_interfaces/bin'
[0.595s] Level 1:colcon.colcon_core.environment:checking '/ros2_ws/install/hri_interfaces/lib/pkgconfig/hri_interfaces.pc'
[0.595s] Level 1:colcon.colcon_core.environment:checking '/ros2_ws/install/hri_interfaces/lib/python3.12/site-packages'
[0.595s] Level 1:colcon.colcon_core.shell:create_environment_hook('hri_interfaces', 'pythonpath')
[0.595s] INFO:colcon.colcon_core.shell:Creating environment hook '/ros2_ws/install/hri_interfaces/share/hri_interfaces/hook/pythonpath.ps1'
[0.595s] INFO:colcon.colcon_core.shell:Creating environment descriptor '/ros2_ws/install/hri_interfaces/share/hri_interfaces/hook/pythonpath.dsv'
[0.595s] INFO:colcon.colcon_core.shell:Creating environment hook '/ros2_ws/install/hri_interfaces/share/hri_interfaces/hook/pythonpath.sh'
[0.596s] Level 1:colcon.colcon_core.environment:checking '/ros2_ws/install/hri_interfaces/bin'
[0.596s] INFO:colcon.colcon_core.shell:Creating package script '/ros2_ws/install/hri_interfaces/share/hri_interfaces/package.ps1'
[0.596s] INFO:colcon.colcon_core.shell:Creating package descriptor '/ros2_ws/install/hri_interfaces/share/hri_interfaces/package.dsv'
[0.596s] INFO:colcon.colcon_core.shell:Creating package script '/ros2_ws/install/hri_interfaces/share/hri_interfaces/package.sh'
[0.597s] INFO:colcon.colcon_core.shell:Creating package script '/ros2_ws/install/hri_interfaces/share/hri_interfaces/package.bash'
[0.597s] INFO:colcon.colcon_core.shell:Creating package script '/ros2_ws/install/hri_interfaces/share/hri_interfaces/package.zsh'
[0.597s] Level 1:colcon.colcon_core.environment:create_file_with_runtime_dependencies(/ros2_ws/install/hri_interfaces/share/colcon-core/packages/hri_interfaces)
[0.752s] DEBUG:colcon.colcon_core.task.python.build:Available setuptools 'develop' options: --prefix, --script-dir, --site-dirs, --editable, --zip-ok, --force-installation-into-system-dir, --install-dir, --no-find-links, --user, --quiet, --record, --local-snapshots-ok, --uninstall, --no-deps, --always-copy, --verbose, --allow-hosts, --upgrade, --install-layout, --multi-version, --optimize, --index-url, --find-links, --no-user-cfg, --version, --dry-run, --help, --exclude-scripts, --egg-path, --build-directory, --always-unzip
[0.753s] DEBUG:colcon.colcon_core.event_handler.log_command:Invoking command in '/ros2_ws/build/hri_camera': PYTHONPATH=/ros2_ws/build/hri_camera/prefix_override:/usr/lib/python3/dist-packages/colcon_core/task/python/colcon_distutils_commands:/ros2_ws/install/hri_camera/lib/python3.12/site-packages:${PYTHONPATH} /usr/bin/python3 -W ignore:setup.py install is deprecated -W ignore:easy_install command is deprecated setup.py develop --editable --build-directory /ros2_ws/build/hri_camera/build --no-deps symlink_data
[1.121s] Level 1:colcon.colcon_core.shell:create_environment_hook('hri_camera', 'pythonpath_develop')
[1.121s] INFO:colcon.colcon_core.shell:Creating environment hook '/ros2_ws/build/hri_camera/share/hri_camera/hook/pythonpath_develop.ps1'
[1.121s] DEBUG:colcon.colcon_core.event_handler.log_command:Invoked command in '/ros2_ws/build/hri_camera' returned '0': PYTHONPATH=/ros2_ws/build/hri_camera/prefix_override:/usr/lib/python3/dist-packages/colcon_core/task/python/colcon_distutils_commands:/ros2_ws/install/hri_camera/lib/python3.12/site-packages:${PYTHONPATH} /usr/bin/python3 -W ignore:setup.py install is deprecated -W ignore:easy_install command is deprecated setup.py develop --editable --build-directory /ros2_ws/build/hri_camera/build --no-deps symlink_data
[1.121s] INFO:colcon.colcon_core.shell:Creating environment descriptor '/ros2_ws/build/hri_camera/share/hri_camera/hook/pythonpath_develop.dsv'
[1.122s] INFO:colcon.colcon_core.shell:Creating environment hook '/ros2_ws/build/hri_camera/share/hri_camera/hook/pythonpath_develop.sh'
[1.122s] Level 1:colcon.colcon_core.environment:checking '/ros2_ws/install/hri_camera' for CMake module files
[1.122s] Level 1:colcon.colcon_core.environment:checking '/ros2_ws/install/hri_camera' for CMake config files
[1.122s] Level 1:colcon.colcon_core.environment:checking '/ros2_ws/install/hri_camera/lib'
[1.122s] Level 1:colcon.colcon_core.environment:checking '/ros2_ws/install/hri_camera/bin'
[1.122s] Level 1:colcon.colcon_core.environment:checking '/ros2_ws/install/hri_camera/lib/pkgconfig/hri_camera.pc'
[1.122s] Level 1:colcon.colcon_core.environment:checking '/ros2_ws/install/hri_camera/lib/python3.12/site-packages'
[1.123s] Level 1:colcon.colcon_core.shell:create_environment_hook('hri_camera', 'pythonpath')
[1.123s] INFO:colcon.colcon_core.shell:Creating environment hook '/ros2_ws/install/hri_camera/share/hri_camera/hook/pythonpath.ps1'
[1.123s] INFO:colcon.colcon_core.shell:Creating environment descriptor '/ros2_ws/install/hri_camera/share/hri_camera/hook/pythonpath.dsv'
[1.123s] INFO:colcon.colcon_core.shell:Creating environment hook '/ros2_ws/install/hri_camera/share/hri_camera/hook/pythonpath.sh'
[1.123s] Level 1:colcon.colcon_core.environment:checking '/ros2_ws/install/hri_camera/bin'
[1.123s] Level 1:colcon.colcon_core.environment:create_environment_scripts_only(hri_camera)
[1.123s] INFO:colcon.colcon_core.shell:Creating package script '/ros2_ws/install/hri_camera/share/hri_camera/package.ps1'
[1.124s] INFO:colcon.colcon_core.shell:Creating package descriptor '/ros2_ws/install/hri_camera/share/hri_camera/package.dsv'
[1.124s] INFO:colcon.colcon_core.shell:Creating package script '/ros2_ws/install/hri_camera/share/hri_camera/package.sh'
[1.124s] INFO:colcon.colcon_core.shell:Creating package script '/ros2_ws/install/hri_camera/share/hri_camera/package.bash'
[1.124s] INFO:colcon.colcon_core.shell:Creating package script '/ros2_ws/install/hri_camera/share/hri_camera/package.zsh'
[1.125s] Level 1:colcon.colcon_core.environment:create_file_with_runtime_dependencies(/ros2_ws/install/hri_camera/share/colcon-core/packages/hri_camera)
[1.125s] DEBUG:colcon.colcon_parallel_executor.executor.parallel:closing loop
[1.125s] DEBUG:colcon.colcon_parallel_executor.executor.parallel:loop closed
[1.125s] DEBUG:colcon.colcon_parallel_executor.executor.parallel:run_until_complete finished with '0'
[1.125s] DEBUG:colcon.colcon_core.event_reactor:joining thread
[1.128s] INFO:colcon.colcon_core.plugin_system:Skipping extension 'colcon_notification.desktop_notification.notify_send': Could not find 'notify-send'
[1.128s] INFO:colcon.colcon_core.plugin_system:Skipping extension 'colcon_notification.desktop_notification.terminal_notifier': Not used on non-Darwin systems
[1.128s] INFO:colcon.colcon_core.plugin_system:Skipping extension 'colcon_notification.desktop_notification.win32': Not used on non-Windows systems
[1.128s] INFO:colcon.colcon_notification.desktop_notification:Sending desktop notification using 'notify2'
[1.128s] DEBUG:colcon.colcon_notification.desktop_notification.notify2:Failed to initialize notify2: org.freedesktop.DBus.Error.NotSupported: Unable to autolaunch a dbus-daemon without a $DISPLAY for X11
[1.129s] DEBUG:colcon.colcon_core.event_reactor:joined thread
[1.129s] INFO:colcon.colcon_core.shell:Creating prefix script '/ros2_ws/install/local_setup.ps1'
[1.129s] INFO:colcon.colcon_core.shell:Creating prefix util module '/ros2_ws/install/_local_setup_util_ps1.py'
[1.130s] INFO:colcon.colcon_core.shell:Creating prefix chain script '/ros2_ws/install/setup.ps1'
[1.130s] INFO:colcon.colcon_core.shell:Creating prefix script '/ros2_ws/install/local_setup.sh'
[1.130s] INFO:colcon.colcon_core.shell:Creating prefix util module '/ros2_ws/install/_local_setup_util_sh.py'
[1.131s] INFO:colcon.colcon_core.shell:Creating prefix chain script '/ros2_ws/install/setup.sh'
[1.131s] INFO:colcon.colcon_core.shell:Creating prefix script '/ros2_ws/install/local_setup.bash'
[1.132s] INFO:colcon.colcon_core.shell:Creating prefix chain script '/ros2_ws/install/setup.bash'
[1.132s] INFO:colcon.colcon_core.shell:Creating prefix script '/ros2_ws/install/local_setup.zsh'
[1.132s] INFO:colcon.colcon_core.shell:Creating prefix chain script '/ros2_ws/install/setup.zsh'
