running develop
running egg_info
creating hri_camera.egg-info
writing hri_camera.egg-info/PKG-INFO
writing dependency_links to hri_camera.egg-info/dependency_links.txt
writing entry points to hri_camera.egg-info/entry_points.txt
writing requirements to hri_camera.egg-info/requires.txt
writing top-level names to hri_camera.egg-info/top_level.txt
writing manifest file 'hri_camera.egg-info/SOURCES.txt'
reading manifest file 'hri_camera.egg-info/SOURCES.txt'
writing manifest file 'hri_camera.egg-info/SOURCES.txt'
running build_ext
Creating /ros2_ws/install/hri_camera/lib/python3.12/site-packages/hri-camera.egg-link (link to .)
Installing camera_node script to /ros2_ws/install/hri_camera/lib/hri_camera

Installed /ros2_ws/build/hri_camera
running symlink_data
creating /ros2_ws/install/hri_camera/share/ament_index
creating /ros2_ws/install/hri_camera/share/ament_index/resource_index
creating /ros2_ws/install/hri_camera/share/ament_index/resource_index/packages
symbolically linking /ros2_ws/build/hri_camera/resource/hri_camera -> /ros2_ws/install/hri_camera/share/ament_index/resource_index/packages
symbolically linking /ros2_ws/build/hri_camera/package.xml -> /ros2_ws/install/hri_camera/share/hri_camera
