[0.159s] Invoking command in '/ros2_ws/build/hri_interfaces': CMAKE_PREFIX_PATH=${CMAKE_PREFIX_PATH}:/opt/ros/jazzy /usr/bin/cmake /ros2_ws/src/hri_interfaces -DAMENT_CMAKE_SYMLINK_INSTALL=1 -DCMAKE_INSTALL_PREFIX=/ros2_ws/install/hri_interfaces
[0.202s] -- Found ament_cmake: 2.5.6 (/opt/ros/jazzy/share/ament_cmake/cmake)
[0.274s] -- Override CMake install command with custom implementation using symlinks instead of copying resources
[0.281s] -- Found rosidl_default_generators: 1.6.1 (/opt/ros/jazzy/share/rosidl_default_generators/cmake)
[0.283s] -- Using all available rosidl_typesupport_c: rosidl_typesupport_fastrtps_c;rosidl_typesupport_introspection_c
[0.309s] -- Using all available rosidl_typesupport_cpp: rosidl_typesupport_fastrtps_cpp;rosidl_typesupport_introspection_cpp
[0.348s] -- Found rosidl_adapter: 4.6.9 (/opt/ros/jazzy/share/rosidl_adapter/cmake)
[0.353s] -- Found std_msgs: 5.3.8 (/opt/ros/jazzy/share/std_msgs/cmake)
[0.591s] -- Found ament_cmake_ros: 0.12.1 (/opt/ros/jazzy/share/ament_cmake_ros/cmake)
[0.670s] -- Using all available rosidl_typesupport_c: rosidl_typesupport_fastrtps_c;rosidl_typesupport_introspection_c
[0.779s] -- Using all available rosidl_typesupport_cpp: rosidl_typesupport_fastrtps_cpp;rosidl_typesupport_introspection_cpp
[0.781s] -- Found python_cmake_module: 0.11.1 (/opt/ros/jazzy/share/python_cmake_module/cmake)
[1.006s] -- Found Python3: /usr/bin/python3 (found version "3.12.3") found components: Interpreter Development NumPy Development.Module Development.Embed 
[1.050s] -- Found Python3: /usr/bin/python3 (found version "3.12.3") found components: Interpreter 
[1.059s] -- Configuring done (0.9s)
[1.102s] -- Generating done (0.0s)
[1.112s] -- Build files have been written to: /ros2_ws/build/hri_interfaces
[1.116s] Invoked command in '/ros2_ws/build/hri_interfaces' returned '0': CMAKE_PREFIX_PATH=${CMAKE_PREFIX_PATH}:/opt/ros/jazzy /usr/bin/cmake /ros2_ws/src/hri_interfaces -DAMENT_CMAKE_SYMLINK_INSTALL=1 -DCMAKE_INSTALL_PREFIX=/ros2_ws/install/hri_interfaces
[1.117s] Invoking command in '/ros2_ws/build/hri_interfaces': CMAKE_PREFIX_PATH=${CMAKE_PREFIX_PATH}:/opt/ros/jazzy /usr/bin/cmake --build /ros2_ws/build/hri_interfaces -- -j20 -l20
[1.194s] failed to create symbolic link '/ros2_ws/build/hri_interfaces/ament_cmake_python/hri_interfaces/hri_interfaces' because existing path cannot be removed: Is a directory
[1.195s] gmake[2]: *** [CMakeFiles/ament_cmake_python_symlink_hri_interfaces.dir/build.make:70: CMakeFiles/ament_cmake_python_symlink_hri_interfaces] Error 1
[1.195s] gmake[1]: *** [CMakeFiles/Makefile2:471: CMakeFiles/ament_cmake_python_symlink_hri_interfaces.dir/all] Error 2
[1.195s] gmake[1]: *** Waiting for unfinished jobs....
[1.197s] [  3%] Built target hri_interfaces__rs
[1.197s] [  3%] Built target hri_interfaces__rosidl_generator_type_description
[1.199s] gmake: *** [Makefile:146: all] Error 2
[1.201s] Invoked command in '/ros2_ws/build/hri_interfaces' returned '2': CMAKE_PREFIX_PATH=${CMAKE_PREFIX_PATH}:/opt/ros/jazzy /usr/bin/cmake --build /ros2_ws/build/hri_interfaces -- -j20 -l20
