-- The C compiler identification is GNU 13.3.0
-- The CXX compiler identification is GNU 13.3.0
-- Detecting C compiler ABI info
-- Detecting C compiler ABI info - done
-- Check for working C compiler: /usr/bin/cc - skipped
-- Detecting C compile features
-- Detecting C compile features - done
-- Detecting CXX compiler ABI info
-- Detecting CXX compiler ABI info - done
-- Check for working CXX compiler: /usr/bin/c++ - skipped
-- Detecting CXX compile features
-- Detecting CXX compile features - done
-- Found ament_cmake: 2.5.6 (/opt/ros/jazzy/share/ament_cmake/cmake)
-- Found Python3: /usr/bin/python3 (found version "3.12.3") found components: Interpreter 
-- Found rosidl_default_generators: 1.6.1 (/opt/ros/jazzy/share/rosidl_default_generators/cmake)
-- Using all available rosidl_typesupport_c: rosidl_typesupport_fastrtps_c;rosidl_typesupport_introspection_c
-- Using all available rosidl_typesupport_cpp: rosidl_typesupport_fastrtps_cpp;rosidl_typesupport_introspection_cpp
-- Found rosidl_adapter: 4.6.9 (/opt/ros/jazzy/share/rosidl_adapter/cmake)
-- Found std_msgs: 5.3.8 (/opt/ros/jazzy/share/std_msgs/cmake)
-- Found ament_cmake_ros: 0.12.1 (/opt/ros/jazzy/share/ament_cmake_ros/cmake)
-- Using all available rosidl_typesupport_c: rosidl_typesupport_fastrtps_c;rosidl_typesupport_introspection_c
-- Using all available rosidl_typesupport_cpp: rosidl_typesupport_fastrtps_cpp;rosidl_typesupport_introspection_cpp
-- Found python_cmake_module: 0.11.1 (/opt/ros/jazzy/share/python_cmake_module/cmake)
-- Found PythonExtra: /usr/bin/python3  
-- Found Python3: /usr/bin/python3 (found version "3.12.3") found components: Interpreter Development NumPy Development.Module Development.Embed 
-- Found Python3: /usr/bin/python3 (found version "3.12.3") found components: Interpreter 
-- Configuring done (2.1s)
-- Generating done (0.0s)
-- Build files have been written to: /ros2_ws/build/hri_interfaces
[  3%] [34m[1mGenerating Rust code for ROS interfaces[0m
[  3%] [34m[1mGenerating type hashes for ROS interfaces[0m
[  3%] Built target ament_cmake_python_copy_hri_interfaces
running egg_info
creating hri_interfaces.egg-info
writing hri_interfaces.egg-info/PKG-INFO
writing dependency_links to hri_interfaces.egg-info/dependency_links.txt
writing top-level names to hri_interfaces.egg-info/top_level.txt
writing manifest file 'hri_interfaces.egg-info/SOURCES.txt'
[  3%] Built target hri_interfaces__rosidl_generator_type_description
[  4%] [34m[1mGenerating C code for ROS interfaces[0m
reading manifest file 'hri_interfaces.egg-info/SOURCES.txt'
writing manifest file 'hri_interfaces.egg-info/SOURCES.txt'
[  4%] Built target hri_interfaces__rs
[  6%] [34m[1mGenerating C++ code for ROS interfaces[0m
[  6%] Built target ament_cmake_python_build_hri_interfaces_egg
[  6%] Built target hri_interfaces__cpp
[ 10%] [32mBuilding C object CMakeFiles/hri_interfaces__rosidl_generator_c.dir/rosidl_generator_c/hri_interfaces/msg/detail/tracked_face_array__type_support.c.o[0m
[ 10%] [32mBuilding C object CMakeFiles/hri_interfaces__rosidl_generator_c.dir/rosidl_generator_c/hri_interfaces/msg/detail/tracked_face_array__functions.c.o[0m
[ 10%] [32mBuilding C object CMakeFiles/hri_interfaces__rosidl_generator_c.dir/rosidl_generator_c/hri_interfaces/msg/detail/identified_face__description.c.o[0m
[ 12%] [32mBuilding C object CMakeFiles/hri_interfaces__rosidl_generator_c.dir/rosidl_generator_c/hri_interfaces/msg/detail/identified_face__type_support.c.o[0m
[ 13%] [32mBuilding C object CMakeFiles/hri_interfaces__rosidl_generator_c.dir/rosidl_generator_c/hri_interfaces/msg/detail/identified_face_array__functions.c.o[0m
[ 15%] [32mBuilding C object CMakeFiles/hri_interfaces__rosidl_generator_c.dir/rosidl_generator_c/hri_interfaces/msg/detail/identified_face_array__type_support.c.o[0m
[ 16%] [32mBuilding C object CMakeFiles/hri_interfaces__rosidl_generator_c.dir/rosidl_generator_c/hri_interfaces/msg/detail/tracked_face__description.c.o[0m
[ 20%] [32mBuilding C object CMakeFiles/hri_interfaces__rosidl_generator_c.dir/rosidl_generator_c/hri_interfaces/msg/detail/tracked_face__functions.c.o[0m
[ 20%] [32mBuilding C object CMakeFiles/hri_interfaces__rosidl_generator_c.dir/rosidl_generator_c/hri_interfaces/msg/detail/tracked_face__type_support.c.o[0m
[ 21%] [32mBuilding C object CMakeFiles/hri_interfaces__rosidl_generator_c.dir/rosidl_generator_c/hri_interfaces/msg/detail/tracked_face_array__description.c.o[0m
[ 23%] [32mBuilding C object CMakeFiles/hri_interfaces__rosidl_generator_c.dir/rosidl_generator_c/hri_interfaces/msg/detail/identified_face__functions.c.o[0m
[ 24%] [32mBuilding C object CMakeFiles/hri_interfaces__rosidl_generator_c.dir/rosidl_generator_c/hri_interfaces/msg/detail/identified_face_array__description.c.o[0m
[ 26%] [32m[1mLinking C shared library libhri_interfaces__rosidl_generator_c.so[0m
[ 26%] Built target hri_interfaces__rosidl_generator_c
[ 27%] [34m[1mGenerating C introspection for ROS interfaces[0m
[ 29%] [34m[1mGenerating C++ type support dispatch for ROS interfaces[0m
[ 30%] [34m[1mGenerating C++ type support for eProsima Fast-RTPS[0m
[ 33%] [34m[1mGenerating C type support dispatch for ROS interfaces[0m
[ 33%] [34m[1mGenerating C type support for eProsima Fast-RTPS[0m
[ 35%] [34m[1mGenerating C++ introspection for ROS interfaces[0m
[ 36%] [32mBuilding CXX object CMakeFiles/hri_interfaces__rosidl_typesupport_cpp.dir/rosidl_typesupport_cpp/hri_interfaces/msg/tracked_face__type_support.cpp.o[0m
[ 38%] [32mBuilding CXX object CMakeFiles/hri_interfaces__rosidl_typesupport_cpp.dir/rosidl_typesupport_cpp/hri_interfaces/msg/identified_face__type_support.cpp.o[0m
[ 40%] [32mBuilding CXX object CMakeFiles/hri_interfaces__rosidl_typesupport_cpp.dir/rosidl_typesupport_cpp/hri_interfaces/msg/identified_face_array__type_support.cpp.o[0m
[ 41%] [32mBuilding CXX object CMakeFiles/hri_interfaces__rosidl_typesupport_cpp.dir/rosidl_typesupport_cpp/hri_interfaces/msg/tracked_face_array__type_support.cpp.o[0m
[ 43%] [32mBuilding CXX object CMakeFiles/hri_interfaces__rosidl_typesupport_c.dir/rosidl_typesupport_c/hri_interfaces/msg/tracked_face__type_support.cpp.o[0m
[ 44%] [32mBuilding CXX object CMakeFiles/hri_interfaces__rosidl_typesupport_c.dir/rosidl_typesupport_c/hri_interfaces/msg/tracked_face_array__type_support.cpp.o[0m
[ 46%] [32mBuilding CXX object CMakeFiles/hri_interfaces__rosidl_typesupport_c.dir/rosidl_typesupport_c/hri_interfaces/msg/identified_face_array__type_support.cpp.o[0m
[ 47%] [32mBuilding CXX object CMakeFiles/hri_interfaces__rosidl_typesupport_c.dir/rosidl_typesupport_c/hri_interfaces/msg/identified_face__type_support.cpp.o[0m
[ 49%] [32mBuilding CXX object CMakeFiles/hri_interfaces__rosidl_typesupport_introspection_cpp.dir/rosidl_typesupport_introspection_cpp/hri_interfaces/msg/detail/tracked_face__type_support.cpp.o[0m
[ 50%] [32mBuilding CXX object CMakeFiles/hri_interfaces__rosidl_typesupport_introspection_cpp.dir/rosidl_typesupport_introspection_cpp/hri_interfaces/msg/detail/identified_face__type_support.cpp.o[0m
[ 53%] [32mBuilding CXX object CMakeFiles/hri_interfaces__rosidl_typesupport_introspection_cpp.dir/rosidl_typesupport_introspection_cpp/hri_interfaces/msg/detail/tracked_face_array__type_support.cpp.o[0m
[ 53%] [32mBuilding CXX object CMakeFiles/hri_interfaces__rosidl_typesupport_introspection_cpp.dir/rosidl_typesupport_introspection_cpp/hri_interfaces/msg/detail/identified_face_array__type_support.cpp.o[0m
[ 55%] [32mBuilding C object CMakeFiles/hri_interfaces__rosidl_typesupport_introspection_c.dir/rosidl_typesupport_introspection_c/hri_interfaces/msg/detail/identified_face_array__type_support.c.o[0m
[ 58%] [32mBuilding C object CMakeFiles/hri_interfaces__rosidl_typesupport_introspection_c.dir/rosidl_typesupport_introspection_c/hri_interfaces/msg/detail/tracked_face__type_support.c.o[0m
[ 58%] [32mBuilding C object CMakeFiles/hri_interfaces__rosidl_typesupport_introspection_c.dir/rosidl_typesupport_introspection_c/hri_interfaces/msg/detail/tracked_face_array__type_support.c.o[0m
[ 60%] [32mBuilding C object CMakeFiles/hri_interfaces__rosidl_typesupport_introspection_c.dir/rosidl_typesupport_introspection_c/hri_interfaces/msg/detail/identified_face__type_support.c.o[0m
[ 61%] [32m[1mLinking CXX shared library libhri_interfaces__rosidl_typesupport_c.so[0m
[ 63%] [32m[1mLinking C shared library libhri_interfaces__rosidl_typesupport_introspection_c.so[0m
[ 64%] [32mBuilding CXX object CMakeFiles/hri_interfaces__rosidl_typesupport_fastrtps_cpp.dir/rosidl_typesupport_fastrtps_cpp/hri_interfaces/msg/detail/dds_fastrtps/tracked_face_array__type_support.cpp.o[0m
[ 69%] [32mBuilding CXX object CMakeFiles/hri_interfaces__rosidl_typesupport_fastrtps_cpp.dir/rosidl_typesupport_fastrtps_cpp/hri_interfaces/msg/detail/dds_fastrtps/identified_face_array__type_support.cpp.o[0m
[ 69%] [32mBuilding CXX object CMakeFiles/hri_interfaces__rosidl_typesupport_fastrtps_cpp.dir/rosidl_typesupport_fastrtps_cpp/hri_interfaces/msg/detail/dds_fastrtps/identified_face__type_support.cpp.o[0m
[ 69%] [32mBuilding CXX object CMakeFiles/hri_interfaces__rosidl_typesupport_fastrtps_cpp.dir/rosidl_typesupport_fastrtps_cpp/hri_interfaces/msg/detail/dds_fastrtps/tracked_face__type_support.cpp.o[0m
[ 69%] Built target hri_interfaces__rosidl_typesupport_c
[ 69%] Built target hri_interfaces__rosidl_typesupport_introspection_c
[ 70%] [32mBuilding CXX object CMakeFiles/hri_interfaces__rosidl_typesupport_fastrtps_c.dir/rosidl_typesupport_fastrtps_c/hri_interfaces/msg/detail/identified_face_array__type_support_c.cpp.o[0m
[ 73%] [32mBuilding CXX object CMakeFiles/hri_interfaces__rosidl_typesupport_fastrtps_c.dir/rosidl_typesupport_fastrtps_c/hri_interfaces/msg/detail/tracked_face__type_support_c.cpp.o[0m
[ 73%] [32mBuilding CXX object CMakeFiles/hri_interfaces__rosidl_typesupport_fastrtps_c.dir/rosidl_typesupport_fastrtps_c/hri_interfaces/msg/detail/tracked_face_array__type_support_c.cpp.o[0m
[ 75%] [32mBuilding CXX object CMakeFiles/hri_interfaces__rosidl_typesupport_fastrtps_c.dir/rosidl_typesupport_fastrtps_c/hri_interfaces/msg/detail/identified_face__type_support_c.cpp.o[0m
[ 76%] [32m[1mLinking CXX shared library libhri_interfaces__rosidl_typesupport_cpp.so[0m
[ 78%] [32m[1mLinking CXX shared library libhri_interfaces__rosidl_typesupport_introspection_cpp.so[0m
[ 78%] Built target hri_interfaces__rosidl_typesupport_cpp
[ 78%] Built target hri_interfaces__rosidl_typesupport_introspection_cpp
[ 80%] [32m[1mLinking CXX shared library libhri_interfaces__rosidl_typesupport_fastrtps_c.so[0m
[ 80%] Built target hri_interfaces__rosidl_typesupport_fastrtps_c
[ 81%] [32m[1mLinking CXX shared library libhri_interfaces__rosidl_typesupport_fastrtps_cpp.so[0m
[ 81%] Built target hri_interfaces__rosidl_typesupport_fastrtps_cpp
[ 81%] Built target hri_interfaces
[ 83%] [34m[1mGenerating Python code for ROS interfaces[0m
[ 83%] Built target hri_interfaces__py
[ 84%] [32mBuilding C object CMakeFiles/hri_interfaces__rosidl_generator_py.dir/rosidl_generator_py/hri_interfaces/msg/_tracked_face_s.c.o[0m
[ 86%] [32mBuilding C object CMakeFiles/hri_interfaces__rosidl_generator_py.dir/rosidl_generator_py/hri_interfaces/msg/_tracked_face_array_s.c.o[0m
[ 87%] [32mBuilding C object CMakeFiles/hri_interfaces__rosidl_generator_py.dir/rosidl_generator_py/hri_interfaces/msg/_identified_face_array_s.c.o[0m
[ 89%] [32mBuilding C object CMakeFiles/hri_interfaces__rosidl_generator_py.dir/rosidl_generator_py/hri_interfaces/msg/_identified_face_s.c.o[0m
[ 90%] [32m[1mLinking C shared library libhri_interfaces__rosidl_generator_py.so[0m
[ 90%] Built target hri_interfaces__rosidl_generator_py
[ 95%] [32mBuilding C object CMakeFiles/hri_interfaces_s__rosidl_typesupport_introspection_c.dir/rosidl_generator_py/hri_interfaces/_hri_interfaces_s.ep.rosidl_typesupport_introspection_c.c.o[0m
[ 95%] [32mBuilding C object CMakeFiles/hri_interfaces_s__rosidl_typesupport_fastrtps_c.dir/rosidl_generator_py/hri_interfaces/_hri_interfaces_s.ep.rosidl_typesupport_fastrtps_c.c.o[0m
[ 95%] [32mBuilding C object CMakeFiles/hri_interfaces_s__rosidl_typesupport_c.dir/rosidl_generator_py/hri_interfaces/_hri_interfaces_s.ep.rosidl_typesupport_c.c.o[0m
[ 96%] [32m[1mLinking C shared module rosidl_generator_py/hri_interfaces/hri_interfaces_s__rosidl_typesupport_c.so[0m
[100%] [32m[1mLinking C shared module rosidl_generator_py/hri_interfaces/hri_interfaces_s__rosidl_typesupport_introspection_c.so[0m
[100%] [32m[1mLinking C shared module rosidl_generator_py/hri_interfaces/hri_interfaces_s__rosidl_typesupport_fastrtps_c.so[0m
[100%] Built target hri_interfaces_s__rosidl_typesupport_fastrtps_c
[100%] Built target hri_interfaces_s__rosidl_typesupport_c
[100%] Built target hri_interfaces_s__rosidl_typesupport_introspection_c
-- Install configuration: ""
-- Installing: /ros2_ws/install/hri_interfaces/share/ament_index/resource_index/rosidl_interfaces/hri_interfaces
-- Installing: /ros2_ws/install/hri_interfaces/share/hri_interfaces/msg/TrackedFace.json
-- Installing: /ros2_ws/install/hri_interfaces/share/hri_interfaces/msg/TrackedFaceArray.json
-- Installing: /ros2_ws/install/hri_interfaces/share/hri_interfaces/msg/IdentifiedFace.json
-- Installing: /ros2_ws/install/hri_interfaces/share/hri_interfaces/msg/IdentifiedFaceArray.json
-- Installing: /ros2_ws/install/hri_interfaces/include/hri_interfaces/hri_interfaces
-- Installing: /ros2_ws/install/hri_interfaces/include/hri_interfaces/hri_interfaces/msg
-- Installing: /ros2_ws/install/hri_interfaces/include/hri_interfaces/hri_interfaces/msg/rosidl_generator_c__visibility_control.h
-- Installing: /ros2_ws/install/hri_interfaces/include/hri_interfaces/hri_interfaces/msg/tracked_face.h
-- Installing: /ros2_ws/install/hri_interfaces/include/hri_interfaces/hri_interfaces/msg/detail
-- Installing: /ros2_ws/install/hri_interfaces/include/hri_interfaces/hri_interfaces/msg/detail/tracked_face__description.c
-- Installing: /ros2_ws/install/hri_interfaces/include/hri_interfaces/hri_interfaces/msg/detail/tracked_face__functions.c
-- Installing: /ros2_ws/install/hri_interfaces/include/hri_interfaces/hri_interfaces/msg/detail/tracked_face__functions.h
-- Installing: /ros2_ws/install/hri_interfaces/include/hri_interfaces/hri_interfaces/msg/detail/tracked_face__struct.h
-- Installing: /ros2_ws/install/hri_interfaces/include/hri_interfaces/hri_interfaces/msg/detail/tracked_face__type_support.c
-- Installing: /ros2_ws/install/hri_interfaces/include/hri_interfaces/hri_interfaces/msg/detail/tracked_face__type_support.h
-- Installing: /ros2_ws/install/hri_interfaces/include/hri_interfaces/hri_interfaces/msg/detail/tracked_face_array__description.c
-- Installing: /ros2_ws/install/hri_interfaces/include/hri_interfaces/hri_interfaces/msg/detail/tracked_face_array__functions.c
-- Installing: /ros2_ws/install/hri_interfaces/include/hri_interfaces/hri_interfaces/msg/detail/tracked_face_array__functions.h
-- Installing: /ros2_ws/install/hri_interfaces/include/hri_interfaces/hri_interfaces/msg/detail/tracked_face_array__struct.h
-- Installing: /ros2_ws/install/hri_interfaces/include/hri_interfaces/hri_interfaces/msg/detail/tracked_face_array__type_support.c
-- Installing: /ros2_ws/install/hri_interfaces/include/hri_interfaces/hri_interfaces/msg/detail/tracked_face_array__type_support.h
-- Installing: /ros2_ws/install/hri_interfaces/include/hri_interfaces/hri_interfaces/msg/detail/identified_face__description.c
-- Installing: /ros2_ws/install/hri_interfaces/include/hri_interfaces/hri_interfaces/msg/detail/identified_face__functions.c
-- Installing: /ros2_ws/install/hri_interfaces/include/hri_interfaces/hri_interfaces/msg/detail/identified_face__functions.h
-- Installing: /ros2_ws/install/hri_interfaces/include/hri_interfaces/hri_interfaces/msg/detail/identified_face__struct.h
-- Installing: /ros2_ws/install/hri_interfaces/include/hri_interfaces/hri_interfaces/msg/detail/identified_face__type_support.c
-- Installing: /ros2_ws/install/hri_interfaces/include/hri_interfaces/hri_interfaces/msg/detail/identified_face__type_support.h
-- Installing: /ros2_ws/install/hri_interfaces/include/hri_interfaces/hri_interfaces/msg/detail/identified_face_array__description.c
-- Installing: /ros2_ws/install/hri_interfaces/include/hri_interfaces/hri_interfaces/msg/detail/identified_face_array__functions.c
-- Installing: /ros2_ws/install/hri_interfaces/include/hri_interfaces/hri_interfaces/msg/detail/identified_face_array__functions.h
-- Installing: /ros2_ws/install/hri_interfaces/include/hri_interfaces/hri_interfaces/msg/detail/identified_face_array__struct.h
-- Installing: /ros2_ws/install/hri_interfaces/include/hri_interfaces/hri_interfaces/msg/detail/identified_face_array__type_support.c
-- Installing: /ros2_ws/install/hri_interfaces/include/hri_interfaces/hri_interfaces/msg/detail/identified_face_array__type_support.h
-- Installing: /ros2_ws/install/hri_interfaces/include/hri_interfaces/hri_interfaces/msg/tracked_face_array.h
-- Installing: /ros2_ws/install/hri_interfaces/include/hri_interfaces/hri_interfaces/msg/identified_face.h
-- Installing: /ros2_ws/install/hri_interfaces/include/hri_interfaces/hri_interfaces/msg/identified_face_array.h
-- Installing: /ros2_ws/install/hri_interfaces/share/hri_interfaces/environment/library_path.sh
-- Installing: /ros2_ws/install/hri_interfaces/share/hri_interfaces/environment/library_path.dsv
-- Installing: /ros2_ws/install/hri_interfaces/lib/libhri_interfaces__rosidl_generator_c.so
-- Set non-toolchain portion of runtime path of "/ros2_ws/install/hri_interfaces/lib/libhri_interfaces__rosidl_generator_c.so" to ""
-- Up-to-date: /ros2_ws/install/hri_interfaces/include/hri_interfaces/hri_interfaces
-- Up-to-date: /ros2_ws/install/hri_interfaces/include/hri_interfaces/hri_interfaces/msg
-- Installing: /ros2_ws/install/hri_interfaces/include/hri_interfaces/hri_interfaces/msg/rosidl_typesupport_fastrtps_c__visibility_control.h
-- Up-to-date: /ros2_ws/install/hri_interfaces/include/hri_interfaces/hri_interfaces/msg/detail
-- Installing: /ros2_ws/install/hri_interfaces/include/hri_interfaces/hri_interfaces/msg/detail/tracked_face__rosidl_typesupport_fastrtps_c.h
-- Installing: /ros2_ws/install/hri_interfaces/include/hri_interfaces/hri_interfaces/msg/detail/tracked_face_array__rosidl_typesupport_fastrtps_c.h
-- Installing: /ros2_ws/install/hri_interfaces/include/hri_interfaces/hri_interfaces/msg/detail/identified_face__rosidl_typesupport_fastrtps_c.h
-- Installing: /ros2_ws/install/hri_interfaces/include/hri_interfaces/hri_interfaces/msg/detail/identified_face_array__rosidl_typesupport_fastrtps_c.h
-- Installing: /ros2_ws/install/hri_interfaces/lib/libhri_interfaces__rosidl_typesupport_fastrtps_c.so
-- Set non-toolchain portion of runtime path of "/ros2_ws/install/hri_interfaces/lib/libhri_interfaces__rosidl_typesupport_fastrtps_c.so" to ""
-- Up-to-date: /ros2_ws/install/hri_interfaces/include/hri_interfaces/hri_interfaces
-- Up-to-date: /ros2_ws/install/hri_interfaces/include/hri_interfaces/hri_interfaces/msg
-- Installing: /ros2_ws/install/hri_interfaces/include/hri_interfaces/hri_interfaces/msg/rosidl_typesupport_introspection_c__visibility_control.h
-- Up-to-date: /ros2_ws/install/hri_interfaces/include/hri_interfaces/hri_interfaces/msg/detail
-- Installing: /ros2_ws/install/hri_interfaces/include/hri_interfaces/hri_interfaces/msg/detail/tracked_face__rosidl_typesupport_introspection_c.h
-- Installing: /ros2_ws/install/hri_interfaces/include/hri_interfaces/hri_interfaces/msg/detail/tracked_face__type_support.c
-- Installing: /ros2_ws/install/hri_interfaces/include/hri_interfaces/hri_interfaces/msg/detail/tracked_face_array__rosidl_typesupport_introspection_c.h
-- Installing: /ros2_ws/install/hri_interfaces/include/hri_interfaces/hri_interfaces/msg/detail/tracked_face_array__type_support.c
-- Installing: /ros2_ws/install/hri_interfaces/include/hri_interfaces/hri_interfaces/msg/detail/identified_face__rosidl_typesupport_introspection_c.h
-- Installing: /ros2_ws/install/hri_interfaces/include/hri_interfaces/hri_interfaces/msg/detail/identified_face__type_support.c
-- Installing: /ros2_ws/install/hri_interfaces/include/hri_interfaces/hri_interfaces/msg/detail/identified_face_array__rosidl_typesupport_introspection_c.h
-- Installing: /ros2_ws/install/hri_interfaces/include/hri_interfaces/hri_interfaces/msg/detail/identified_face_array__type_support.c
-- Installing: /ros2_ws/install/hri_interfaces/lib/libhri_interfaces__rosidl_typesupport_introspection_c.so
-- Set non-toolchain portion of runtime path of "/ros2_ws/install/hri_interfaces/lib/libhri_interfaces__rosidl_typesupport_introspection_c.so" to ""
-- Installing: /ros2_ws/install/hri_interfaces/lib/libhri_interfaces__rosidl_typesupport_c.so
-- Set non-toolchain portion of runtime path of "/ros2_ws/install/hri_interfaces/lib/libhri_interfaces__rosidl_typesupport_c.so" to ""
-- Up-to-date: /ros2_ws/install/hri_interfaces/include/hri_interfaces/hri_interfaces
-- Up-to-date: /ros2_ws/install/hri_interfaces/include/hri_interfaces/hri_interfaces/msg
-- Installing: /ros2_ws/install/hri_interfaces/include/hri_interfaces/hri_interfaces/msg/rosidl_generator_cpp__visibility_control.hpp
-- Installing: /ros2_ws/install/hri_interfaces/include/hri_interfaces/hri_interfaces/msg/tracked_face.hpp
-- Up-to-date: /ros2_ws/install/hri_interfaces/include/hri_interfaces/hri_interfaces/msg/detail
-- Installing: /ros2_ws/install/hri_interfaces/include/hri_interfaces/hri_interfaces/msg/detail/tracked_face__builder.hpp
-- Installing: /ros2_ws/install/hri_interfaces/include/hri_interfaces/hri_interfaces/msg/detail/tracked_face__struct.hpp
-- Installing: /ros2_ws/install/hri_interfaces/include/hri_interfaces/hri_interfaces/msg/detail/tracked_face__traits.hpp
-- Installing: /ros2_ws/install/hri_interfaces/include/hri_interfaces/hri_interfaces/msg/detail/tracked_face__type_support.hpp
-- Installing: /ros2_ws/install/hri_interfaces/include/hri_interfaces/hri_interfaces/msg/detail/tracked_face_array__builder.hpp
-- Installing: /ros2_ws/install/hri_interfaces/include/hri_interfaces/hri_interfaces/msg/detail/tracked_face_array__struct.hpp
-- Installing: /ros2_ws/install/hri_interfaces/include/hri_interfaces/hri_interfaces/msg/detail/tracked_face_array__traits.hpp
-- Installing: /ros2_ws/install/hri_interfaces/include/hri_interfaces/hri_interfaces/msg/detail/tracked_face_array__type_support.hpp
-- Installing: /ros2_ws/install/hri_interfaces/include/hri_interfaces/hri_interfaces/msg/detail/identified_face__builder.hpp
-- Installing: /ros2_ws/install/hri_interfaces/include/hri_interfaces/hri_interfaces/msg/detail/identified_face__struct.hpp
-- Installing: /ros2_ws/install/hri_interfaces/include/hri_interfaces/hri_interfaces/msg/detail/identified_face__traits.hpp
-- Installing: /ros2_ws/install/hri_interfaces/include/hri_interfaces/hri_interfaces/msg/detail/identified_face__type_support.hpp
-- Installing: /ros2_ws/install/hri_interfaces/include/hri_interfaces/hri_interfaces/msg/detail/identified_face_array__builder.hpp
-- Installing: /ros2_ws/install/hri_interfaces/include/hri_interfaces/hri_interfaces/msg/detail/identified_face_array__struct.hpp
-- Installing: /ros2_ws/install/hri_interfaces/include/hri_interfaces/hri_interfaces/msg/detail/identified_face_array__traits.hpp
-- Installing: /ros2_ws/install/hri_interfaces/include/hri_interfaces/hri_interfaces/msg/detail/identified_face_array__type_support.hpp
-- Installing: /ros2_ws/install/hri_interfaces/include/hri_interfaces/hri_interfaces/msg/tracked_face_array.hpp
-- Installing: /ros2_ws/install/hri_interfaces/include/hri_interfaces/hri_interfaces/msg/identified_face.hpp
-- Installing: /ros2_ws/install/hri_interfaces/include/hri_interfaces/hri_interfaces/msg/identified_face_array.hpp
-- Up-to-date: /ros2_ws/install/hri_interfaces/include/hri_interfaces/hri_interfaces
-- Up-to-date: /ros2_ws/install/hri_interfaces/include/hri_interfaces/hri_interfaces/msg
-- Installing: /ros2_ws/install/hri_interfaces/include/hri_interfaces/hri_interfaces/msg/rosidl_typesupport_fastrtps_cpp__visibility_control.h
-- Up-to-date: /ros2_ws/install/hri_interfaces/include/hri_interfaces/hri_interfaces/msg/detail
-- Installing: /ros2_ws/install/hri_interfaces/include/hri_interfaces/hri_interfaces/msg/detail/tracked_face__rosidl_typesupport_fastrtps_cpp.hpp
-- Installing: /ros2_ws/install/hri_interfaces/include/hri_interfaces/hri_interfaces/msg/detail/dds_fastrtps
-- Installing: /ros2_ws/install/hri_interfaces/include/hri_interfaces/hri_interfaces/msg/detail/tracked_face_array__rosidl_typesupport_fastrtps_cpp.hpp
-- Installing: /ros2_ws/install/hri_interfaces/include/hri_interfaces/hri_interfaces/msg/detail/identified_face__rosidl_typesupport_fastrtps_cpp.hpp
-- Installing: /ros2_ws/install/hri_interfaces/include/hri_interfaces/hri_interfaces/msg/detail/identified_face_array__rosidl_typesupport_fastrtps_cpp.hpp
-- Installing: /ros2_ws/install/hri_interfaces/lib/libhri_interfaces__rosidl_typesupport_fastrtps_cpp.so
-- Set non-toolchain portion of runtime path of "/ros2_ws/install/hri_interfaces/lib/libhri_interfaces__rosidl_typesupport_fastrtps_cpp.so" to ""
-- Up-to-date: /ros2_ws/install/hri_interfaces/include/hri_interfaces/hri_interfaces
-- Up-to-date: /ros2_ws/install/hri_interfaces/include/hri_interfaces/hri_interfaces/msg
-- Up-to-date: /ros2_ws/install/hri_interfaces/include/hri_interfaces/hri_interfaces/msg/detail
-- Installing: /ros2_ws/install/hri_interfaces/include/hri_interfaces/hri_interfaces/msg/detail/tracked_face__rosidl_typesupport_introspection_cpp.hpp
-- Installing: /ros2_ws/install/hri_interfaces/include/hri_interfaces/hri_interfaces/msg/detail/tracked_face__type_support.cpp
-- Installing: /ros2_ws/install/hri_interfaces/include/hri_interfaces/hri_interfaces/msg/detail/tracked_face_array__rosidl_typesupport_introspection_cpp.hpp
-- Installing: /ros2_ws/install/hri_interfaces/include/hri_interfaces/hri_interfaces/msg/detail/tracked_face_array__type_support.cpp
-- Installing: /ros2_ws/install/hri_interfaces/include/hri_interfaces/hri_interfaces/msg/detail/identified_face__rosidl_typesupport_introspection_cpp.hpp
-- Installing: /ros2_ws/install/hri_interfaces/include/hri_interfaces/hri_interfaces/msg/detail/identified_face__type_support.cpp
-- Installing: /ros2_ws/install/hri_interfaces/include/hri_interfaces/hri_interfaces/msg/detail/identified_face_array__rosidl_typesupport_introspection_cpp.hpp
-- Installing: /ros2_ws/install/hri_interfaces/include/hri_interfaces/hri_interfaces/msg/detail/identified_face_array__type_support.cpp
-- Installing: /ros2_ws/install/hri_interfaces/lib/libhri_interfaces__rosidl_typesupport_introspection_cpp.so
-- Set non-toolchain portion of runtime path of "/ros2_ws/install/hri_interfaces/lib/libhri_interfaces__rosidl_typesupport_introspection_cpp.so" to ""
-- Installing: /ros2_ws/install/hri_interfaces/lib/libhri_interfaces__rosidl_typesupport_cpp.so
-- Set non-toolchain portion of runtime path of "/ros2_ws/install/hri_interfaces/lib/libhri_interfaces__rosidl_typesupport_cpp.so" to ""
-- Installing: /ros2_ws/install/hri_interfaces/share/hri_interfaces/environment/pythonpath.sh
-- Installing: /ros2_ws/install/hri_interfaces/share/hri_interfaces/environment/pythonpath.dsv
-- Installing: /ros2_ws/install/hri_interfaces/lib/python3.12/site-packages/hri_interfaces-0.0.1-py3.12.egg-info
-- Installing: /ros2_ws/install/hri_interfaces/lib/python3.12/site-packages/hri_interfaces-0.0.1-py3.12.egg-info/PKG-INFO
-- Installing: /ros2_ws/install/hri_interfaces/lib/python3.12/site-packages/hri_interfaces-0.0.1-py3.12.egg-info/dependency_links.txt
-- Installing: /ros2_ws/install/hri_interfaces/lib/python3.12/site-packages/hri_interfaces-0.0.1-py3.12.egg-info/top_level.txt
-- Installing: /ros2_ws/install/hri_interfaces/lib/python3.12/site-packages/hri_interfaces-0.0.1-py3.12.egg-info/SOURCES.txt
-- Installing: /ros2_ws/install/hri_interfaces/lib/python3.12/site-packages/hri_interfaces
-- Installing: /ros2_ws/install/hri_interfaces/lib/python3.12/site-packages/hri_interfaces/__init__.py
-- Installing: /ros2_ws/install/hri_interfaces/lib/python3.12/site-packages/hri_interfaces/msg
-- Installing: /ros2_ws/install/hri_interfaces/lib/python3.12/site-packages/hri_interfaces/msg/_tracked_face.py
-- Installing: /ros2_ws/install/hri_interfaces/lib/python3.12/site-packages/hri_interfaces/msg/_tracked_face_s.c
-- Installing: /ros2_ws/install/hri_interfaces/lib/python3.12/site-packages/hri_interfaces/msg/_tracked_face_array.py
-- Installing: /ros2_ws/install/hri_interfaces/lib/python3.12/site-packages/hri_interfaces/msg/_tracked_face_array_s.c
-- Installing: /ros2_ws/install/hri_interfaces/lib/python3.12/site-packages/hri_interfaces/msg/_identified_face.py
-- Installing: /ros2_ws/install/hri_interfaces/lib/python3.12/site-packages/hri_interfaces/msg/_identified_face_s.c
-- Installing: /ros2_ws/install/hri_interfaces/lib/python3.12/site-packages/hri_interfaces/msg/_identified_face_array.py
-- Installing: /ros2_ws/install/hri_interfaces/lib/python3.12/site-packages/hri_interfaces/msg/_identified_face_array_s.c
-- Installing: /ros2_ws/install/hri_interfaces/lib/python3.12/site-packages/hri_interfaces/msg/__init__.py
-- Installing: /ros2_ws/install/hri_interfaces/lib/python3.12/site-packages/hri_interfaces/_hri_interfaces_s.ep.rosidl_typesupport_fastrtps_c.c
-- Installing: /ros2_ws/install/hri_interfaces/lib/python3.12/site-packages/hri_interfaces/_hri_interfaces_s.ep.rosidl_typesupport_introspection_c.c
-- Installing: /ros2_ws/install/hri_interfaces/lib/python3.12/site-packages/hri_interfaces/_hri_interfaces_s.ep.rosidl_typesupport_c.c
-- Installing: /ros2_ws/install/hri_interfaces/lib/python3.12/site-packages/hri_interfaces/hri_interfaces_s__rosidl_typesupport_fastrtps_c.so
-- Installing: /ros2_ws/install/hri_interfaces/lib/python3.12/site-packages/hri_interfaces/hri_interfaces_s__rosidl_typesupport_introspection_c.so
-- Installing: /ros2_ws/install/hri_interfaces/lib/python3.12/site-packages/hri_interfaces/hri_interfaces_s__rosidl_typesupport_c.so
Listing '/ros2_ws/install/hri_interfaces/lib/python3.12/site-packages/hri_interfaces'...
Compiling '/ros2_ws/install/hri_interfaces/lib/python3.12/site-packages/hri_interfaces/__init__.py'...
Listing '/ros2_ws/install/hri_interfaces/lib/python3.12/site-packages/hri_interfaces/msg'...
Compiling '/ros2_ws/install/hri_interfaces/lib/python3.12/site-packages/hri_interfaces/msg/__init__.py'...
Compiling '/ros2_ws/install/hri_interfaces/lib/python3.12/site-packages/hri_interfaces/msg/_identified_face.py'...
Compiling '/ros2_ws/install/hri_interfaces/lib/python3.12/site-packages/hri_interfaces/msg/_identified_face_array.py'...
Compiling '/ros2_ws/install/hri_interfaces/lib/python3.12/site-packages/hri_interfaces/msg/_tracked_face.py'...
Compiling '/ros2_ws/install/hri_interfaces/lib/python3.12/site-packages/hri_interfaces/msg/_tracked_face_array.py'...
-- Installing: /ros2_ws/install/hri_interfaces/lib/python3.12/site-packages/hri_interfaces/hri_interfaces_s__rosidl_typesupport_fastrtps_c.so
-- Set non-toolchain portion of runtime path of "/ros2_ws/install/hri_interfaces/lib/python3.12/site-packages/hri_interfaces/hri_interfaces_s__rosidl_typesupport_fastrtps_c.so" to ""
-- Installing: /ros2_ws/install/hri_interfaces/lib/python3.12/site-packages/hri_interfaces/hri_interfaces_s__rosidl_typesupport_introspection_c.so
-- Set non-toolchain portion of runtime path of "/ros2_ws/install/hri_interfaces/lib/python3.12/site-packages/hri_interfaces/hri_interfaces_s__rosidl_typesupport_introspection_c.so" to ""
-- Installing: /ros2_ws/install/hri_interfaces/lib/python3.12/site-packages/hri_interfaces/hri_interfaces_s__rosidl_typesupport_c.so
-- Set non-toolchain portion of runtime path of "/ros2_ws/install/hri_interfaces/lib/python3.12/site-packages/hri_interfaces/hri_interfaces_s__rosidl_typesupport_c.so" to ""
-- Installing: /ros2_ws/install/hri_interfaces/lib/libhri_interfaces__rosidl_generator_py.so
-- Set non-toolchain portion of runtime path of "/ros2_ws/install/hri_interfaces/lib/libhri_interfaces__rosidl_generator_py.so" to ""
-- Installing: /ros2_ws/install/hri_interfaces/share/ament_index/resource_index/rust_packages/hri_interfaces
-- Installing: /ros2_ws/install/hri_interfaces/share/hri_interfaces/rust
-- Installing: /ros2_ws/install/hri_interfaces/share/hri_interfaces/rust/src
-- Installing: /ros2_ws/install/hri_interfaces/share/hri_interfaces/rust/src/msg.rs
-- Installing: /ros2_ws/install/hri_interfaces/share/hri_interfaces/rust/src/msg
-- Installing: /ros2_ws/install/hri_interfaces/share/hri_interfaces/rust/src/msg/rmw.rs
-- Installing: /ros2_ws/install/hri_interfaces/share/hri_interfaces/rust/src/lib.rs
-- Installing: /ros2_ws/install/hri_interfaces/share/hri_interfaces/rust/Cargo.toml
-- Installing: /ros2_ws/install/hri_interfaces/share/hri_interfaces/rust/build.rs
-- Installing: /ros2_ws/install/hri_interfaces/share/hri_interfaces/msg/TrackedFace.idl
-- Installing: /ros2_ws/install/hri_interfaces/share/hri_interfaces/msg/TrackedFaceArray.idl
-- Installing: /ros2_ws/install/hri_interfaces/share/hri_interfaces/msg/IdentifiedFace.idl
-- Installing: /ros2_ws/install/hri_interfaces/share/hri_interfaces/msg/IdentifiedFaceArray.idl
-- Installing: /ros2_ws/install/hri_interfaces/share/hri_interfaces/msg/TrackedFace.msg
-- Installing: /ros2_ws/install/hri_interfaces/share/hri_interfaces/msg/TrackedFaceArray.msg
-- Installing: /ros2_ws/install/hri_interfaces/share/hri_interfaces/msg/IdentifiedFace.msg
-- Installing: /ros2_ws/install/hri_interfaces/share/hri_interfaces/msg/IdentifiedFaceArray.msg
-- Installing: /ros2_ws/install/hri_interfaces/share/ament_index/resource_index/package_run_dependencies/hri_interfaces
-- Installing: /ros2_ws/install/hri_interfaces/share/ament_index/resource_index/parent_prefix_path/hri_interfaces
-- Installing: /ros2_ws/install/hri_interfaces/share/hri_interfaces/environment/ament_prefix_path.sh
-- Installing: /ros2_ws/install/hri_interfaces/share/hri_interfaces/environment/ament_prefix_path.dsv
-- Installing: /ros2_ws/install/hri_interfaces/share/hri_interfaces/environment/path.sh
-- Installing: /ros2_ws/install/hri_interfaces/share/hri_interfaces/environment/path.dsv
-- Installing: /ros2_ws/install/hri_interfaces/share/hri_interfaces/local_setup.bash
-- Installing: /ros2_ws/install/hri_interfaces/share/hri_interfaces/local_setup.sh
-- Installing: /ros2_ws/install/hri_interfaces/share/hri_interfaces/local_setup.zsh
-- Installing: /ros2_ws/install/hri_interfaces/share/hri_interfaces/local_setup.dsv
-- Installing: /ros2_ws/install/hri_interfaces/share/hri_interfaces/package.dsv
-- Installing: /ros2_ws/install/hri_interfaces/share/ament_index/resource_index/packages/hri_interfaces
-- Installing: /ros2_ws/install/hri_interfaces/share/hri_interfaces/cmake/export_hri_interfaces__rosidl_generator_cExport.cmake
-- Installing: /ros2_ws/install/hri_interfaces/share/hri_interfaces/cmake/export_hri_interfaces__rosidl_generator_cExport-noconfig.cmake
-- Installing: /ros2_ws/install/hri_interfaces/share/hri_interfaces/cmake/export_hri_interfaces__rosidl_typesupport_fastrtps_cExport.cmake
-- Installing: /ros2_ws/install/hri_interfaces/share/hri_interfaces/cmake/export_hri_interfaces__rosidl_typesupport_fastrtps_cExport-noconfig.cmake
-- Installing: /ros2_ws/install/hri_interfaces/share/hri_interfaces/cmake/hri_interfaces__rosidl_typesupport_introspection_cExport.cmake
-- Installing: /ros2_ws/install/hri_interfaces/share/hri_interfaces/cmake/hri_interfaces__rosidl_typesupport_introspection_cExport-noconfig.cmake
-- Installing: /ros2_ws/install/hri_interfaces/share/hri_interfaces/cmake/hri_interfaces__rosidl_typesupport_cExport.cmake
-- Installing: /ros2_ws/install/hri_interfaces/share/hri_interfaces/cmake/hri_interfaces__rosidl_typesupport_cExport-noconfig.cmake
-- Installing: /ros2_ws/install/hri_interfaces/share/hri_interfaces/cmake/export_hri_interfaces__rosidl_generator_cppExport.cmake
-- Installing: /ros2_ws/install/hri_interfaces/share/hri_interfaces/cmake/export_hri_interfaces__rosidl_typesupport_fastrtps_cppExport.cmake
-- Installing: /ros2_ws/install/hri_interfaces/share/hri_interfaces/cmake/export_hri_interfaces__rosidl_typesupport_fastrtps_cppExport-noconfig.cmake
-- Installing: /ros2_ws/install/hri_interfaces/share/hri_interfaces/cmake/hri_interfaces__rosidl_typesupport_introspection_cppExport.cmake
-- Installing: /ros2_ws/install/hri_interfaces/share/hri_interfaces/cmake/hri_interfaces__rosidl_typesupport_introspection_cppExport-noconfig.cmake
-- Installing: /ros2_ws/install/hri_interfaces/share/hri_interfaces/cmake/hri_interfaces__rosidl_typesupport_cppExport.cmake
-- Installing: /ros2_ws/install/hri_interfaces/share/hri_interfaces/cmake/hri_interfaces__rosidl_typesupport_cppExport-noconfig.cmake
-- Installing: /ros2_ws/install/hri_interfaces/share/hri_interfaces/cmake/export_hri_interfaces__rosidl_generator_pyExport.cmake
-- Installing: /ros2_ws/install/hri_interfaces/share/hri_interfaces/cmake/export_hri_interfaces__rosidl_generator_pyExport-noconfig.cmake
-- Installing: /ros2_ws/install/hri_interfaces/share/hri_interfaces/cmake/rosidl_cmake-extras.cmake
-- Installing: /ros2_ws/install/hri_interfaces/share/hri_interfaces/cmake/ament_cmake_export_dependencies-extras.cmake
-- Installing: /ros2_ws/install/hri_interfaces/share/hri_interfaces/cmake/ament_cmake_export_include_directories-extras.cmake
-- Installing: /ros2_ws/install/hri_interfaces/share/hri_interfaces/cmake/ament_cmake_export_libraries-extras.cmake
-- Installing: /ros2_ws/install/hri_interfaces/share/hri_interfaces/cmake/ament_cmake_export_targets-extras.cmake
-- Installing: /ros2_ws/install/hri_interfaces/share/hri_interfaces/cmake/rosidl_cmake_export_typesupport_targets-extras.cmake
-- Installing: /ros2_ws/install/hri_interfaces/share/hri_interfaces/cmake/rosidl_cmake_export_typesupport_libraries-extras.cmake
-- Installing: /ros2_ws/install/hri_interfaces/share/hri_interfaces/cmake/rosidl_cmake_aggregate_target-extras.cmake
-- Installing: /ros2_ws/install/hri_interfaces/share/hri_interfaces/cmake/hri_interfacesConfig.cmake
-- Installing: /ros2_ws/install/hri_interfaces/share/hri_interfaces/cmake/hri_interfacesConfig-version.cmake
-- Installing: /ros2_ws/install/hri_interfaces/share/hri_interfaces/package.xml
