[0.054s] DEBUG:colcon:Command line arguments: ['/usr/bin/colcon', 'build', '--symlink-install']
[0.054s] DEBUG:colcon:Parsed command line arguments: Namespace(log_base=None, log_level=None, verb_name='build', build_base='build', install_base='install', merge_install=False, symlink_install=True, test_result_base=None, continue_on_error=False, executor='parallel', parallel_workers=20, event_handlers=None, ignore_user_meta=False, metas=['./colcon.meta'], base_paths=['.'], packages_ignore=None, packages_ignore_regex=None, paths=None, packages_up_to=None, packages_up_to_regex=None, packages_above=None, packages_above_and_dependencies=None, packages_above_depth=None, packages_select_by_dep=None, packages_skip_by_dep=None, packages_skip_up_to=None, packages_select_build_failed=False, packages_skip_build_finished=False, packages_select_test_failures=False, packages_skip_test_passed=False, packages_select=None, packages_skip=None, packages_select_regex=None, packages_skip_regex=None, packages_start=None, packages_end=None, allow_overriding=[], cmake_args=None, cmake_target=None, cmake_target_skip_unavailable=False, cmake_clean_cache=False, cmake_clean_first=False, cmake_force_configure=False, ament_cmake_args=None, catkin_cmake_args=None, catkin_skip_building_tests=False, mixin_files=None, mixin=None, verb_parser=<colcon_mixin.mixin.mixin_argument.MixinArgumentDecorator object at 0x7f511287a4e0>, verb_extension=<colcon_core.verb.build.BuildVerb object at 0x7f51129c3080>, main=<bound method BuildVerb.main of <colcon_core.verb.build.BuildVerb object at 0x7f51129c3080>>, mixin_verb=('build',))
[0.074s] Level 1:colcon.colcon_core.package_discovery:discover_packages(colcon_meta) check parameters
[0.074s] Level 1:colcon.colcon_core.package_discovery:discover_packages(recursive) check parameters
[0.074s] Level 1:colcon.colcon_core.package_discovery:discover_packages(ignore) check parameters
[0.074s] Level 1:colcon.colcon_core.package_discovery:discover_packages(path) check parameters
[0.074s] Level 1:colcon.colcon_core.package_discovery:discover_packages(colcon_meta) discover
[0.074s] Level 1:colcon.colcon_core.package_discovery:discover_packages(recursive) discover
[0.074s] INFO:colcon.colcon_core.package_discovery:Crawling recursively for packages in '/ros2_ws'
[0.074s] Level 1:colcon.colcon_core.package_identification:_identify(.) by extensions ['ignore', 'ignore_ament_install']
[0.074s] Level 1:colcon.colcon_core.package_identification:_identify(.) by extension 'ignore'
[0.074s] Level 1:colcon.colcon_core.package_identification:_identify(.) by extension 'ignore_ament_install'
[0.074s] Level 1:colcon.colcon_core.package_identification:_identify(.) by extensions ['colcon_pkg']
[0.074s] Level 1:colcon.colcon_core.package_identification:_identify(.) by extension 'colcon_pkg'
[0.074s] Level 1:colcon.colcon_core.package_identification:_identify(.) by extensions ['colcon_meta']
[0.074s] Level 1:colcon.colcon_core.package_identification:_identify(.) by extension 'colcon_meta'
[0.074s] Level 1:colcon.colcon_core.package_identification:_identify(.) by extensions ['ros']
[0.074s] Level 1:colcon.colcon_core.package_identification:_identify(.) by extension 'ros'
[0.088s] Level 1:colcon.colcon_core.package_identification:_identify(.) by extensions ['cmake', 'python']
[0.088s] Level 1:colcon.colcon_core.package_identification:_identify(.) by extension 'cmake'
[0.088s] Level 1:colcon.colcon_core.package_identification:_identify(.) by extension 'python'
[0.088s] Level 1:colcon.colcon_core.package_identification:_identify(.) by extensions ['python_setup_py']
[0.088s] Level 1:colcon.colcon_core.package_identification:_identify(.) by extension 'python_setup_py'
[0.088s] Level 1:colcon.colcon_core.package_identification:_identify(build) by extensions ['ignore', 'ignore_ament_install']
[0.088s] Level 1:colcon.colcon_core.package_identification:_identify(build) by extension 'ignore'
[0.088s] Level 1:colcon.colcon_core.package_identification:_identify(build) ignored
[0.088s] Level 1:colcon.colcon_core.package_identification:_identify(install) by extensions ['ignore', 'ignore_ament_install']
[0.088s] Level 1:colcon.colcon_core.package_identification:_identify(install) by extension 'ignore'
[0.089s] Level 1:colcon.colcon_core.package_identification:_identify(install) ignored
[0.089s] Level 1:colcon.colcon_core.package_identification:_identify(log) by extensions ['ignore', 'ignore_ament_install']
[0.089s] Level 1:colcon.colcon_core.package_identification:_identify(log) by extension 'ignore'
[0.089s] Level 1:colcon.colcon_core.package_identification:_identify(log) ignored
[0.089s] Level 1:colcon.colcon_core.package_identification:_identify(src) by extensions ['ignore', 'ignore_ament_install']
[0.089s] Level 1:colcon.colcon_core.package_identification:_identify(src) by extension 'ignore'
[0.089s] Level 1:colcon.colcon_core.package_identification:_identify(src) by extension 'ignore_ament_install'
[0.089s] Level 1:colcon.colcon_core.package_identification:_identify(src) by extensions ['colcon_pkg']
[0.089s] Level 1:colcon.colcon_core.package_identification:_identify(src) by extension 'colcon_pkg'
[0.089s] Level 1:colcon.colcon_core.package_identification:_identify(src) by extensions ['colcon_meta']
[0.089s] Level 1:colcon.colcon_core.package_identification:_identify(src) by extension 'colcon_meta'
[0.089s] Level 1:colcon.colcon_core.package_identification:_identify(src) by extensions ['ros']
[0.089s] Level 1:colcon.colcon_core.package_identification:_identify(src) by extension 'ros'
[0.089s] Level 1:colcon.colcon_core.package_identification:_identify(src) by extensions ['cmake', 'python']
[0.089s] Level 1:colcon.colcon_core.package_identification:_identify(src) by extension 'cmake'
[0.089s] Level 1:colcon.colcon_core.package_identification:_identify(src) by extension 'python'
[0.089s] Level 1:colcon.colcon_core.package_identification:_identify(src) by extensions ['python_setup_py']
[0.089s] Level 1:colcon.colcon_core.package_identification:_identify(src) by extension 'python_setup_py'
[0.089s] Level 1:colcon.colcon_core.package_identification:_identify(src/hri_camera) by extensions ['ignore', 'ignore_ament_install']
[0.089s] Level 1:colcon.colcon_core.package_identification:_identify(src/hri_camera) by extension 'ignore'
[0.089s] Level 1:colcon.colcon_core.package_identification:_identify(src/hri_camera) by extension 'ignore_ament_install'
[0.089s] Level 1:colcon.colcon_core.package_identification:_identify(src/hri_camera) by extensions ['colcon_pkg']
[0.089s] Level 1:colcon.colcon_core.package_identification:_identify(src/hri_camera) by extension 'colcon_pkg'
[0.089s] Level 1:colcon.colcon_core.package_identification:_identify(src/hri_camera) by extensions ['colcon_meta']
[0.089s] Level 1:colcon.colcon_core.package_identification:_identify(src/hri_camera) by extension 'colcon_meta'
[0.089s] Level 1:colcon.colcon_core.package_identification:_identify(src/hri_camera) by extensions ['ros']
[0.089s] Level 1:colcon.colcon_core.package_identification:_identify(src/hri_camera) by extension 'ros'
[0.091s] DEBUG:colcon.colcon_core.package_identification:Package 'src/hri_camera' with type 'ros.ament_python' and name 'hri_camera'
[0.091s] Level 1:colcon.colcon_core.package_identification:_identify(src/hri_interfaces) by extensions ['ignore', 'ignore_ament_install']
[0.091s] Level 1:colcon.colcon_core.package_identification:_identify(src/hri_interfaces) by extension 'ignore'
[0.091s] Level 1:colcon.colcon_core.package_identification:_identify(src/hri_interfaces) by extension 'ignore_ament_install'
[0.091s] Level 1:colcon.colcon_core.package_identification:_identify(src/hri_interfaces) by extensions ['colcon_pkg']
[0.091s] Level 1:colcon.colcon_core.package_identification:_identify(src/hri_interfaces) by extension 'colcon_pkg'
[0.091s] Level 1:colcon.colcon_core.package_identification:_identify(src/hri_interfaces) by extensions ['colcon_meta']
[0.091s] Level 1:colcon.colcon_core.package_identification:_identify(src/hri_interfaces) by extension 'colcon_meta'
[0.091s] Level 1:colcon.colcon_core.package_identification:_identify(src/hri_interfaces) by extensions ['ros']
[0.091s] Level 1:colcon.colcon_core.package_identification:_identify(src/hri_interfaces) by extension 'ros'
[0.091s] DEBUG:colcon.colcon_core.package_identification:Package 'src/hri_interfaces' with type 'ros.ament_cmake' and name 'hri_interfaces'
[0.091s] Level 1:colcon.colcon_core.package_discovery:discover_packages(recursive) using defaults
[0.091s] Level 1:colcon.colcon_core.package_discovery:discover_packages(ignore) discover
[0.091s] Level 1:colcon.colcon_core.package_discovery:discover_packages(ignore) using defaults
[0.091s] Level 1:colcon.colcon_core.package_discovery:discover_packages(path) discover
[0.091s] Level 1:colcon.colcon_core.package_discovery:discover_packages(path) using defaults
[0.101s] Level 1:colcon.colcon_core.package_discovery:discover_packages(prefix_path) check parameters
[0.101s] Level 1:colcon.colcon_core.package_discovery:discover_packages(prefix_path) discover
[0.102s] DEBUG:colcon.colcon_installed_package_information.package_discovery:Found 287 installed packages in /opt/ros/jazzy
[0.103s] Level 1:colcon.colcon_core.package_discovery:discover_packages(prefix_path) using defaults
[0.122s] Level 5:colcon.colcon_core.verb:set package 'hri_camera' build argument 'cmake_args' from command line to 'None'
[0.122s] Level 5:colcon.colcon_core.verb:set package 'hri_camera' build argument 'cmake_target' from command line to 'None'
[0.122s] Level 5:colcon.colcon_core.verb:set package 'hri_camera' build argument 'cmake_target_skip_unavailable' from command line to 'False'
[0.122s] Level 5:colcon.colcon_core.verb:set package 'hri_camera' build argument 'cmake_clean_cache' from command line to 'False'
[0.122s] Level 5:colcon.colcon_core.verb:set package 'hri_camera' build argument 'cmake_clean_first' from command line to 'False'
[0.122s] Level 5:colcon.colcon_core.verb:set package 'hri_camera' build argument 'cmake_force_configure' from command line to 'False'
[0.122s] Level 5:colcon.colcon_core.verb:set package 'hri_camera' build argument 'ament_cmake_args' from command line to 'None'
[0.122s] Level 5:colcon.colcon_core.verb:set package 'hri_camera' build argument 'catkin_cmake_args' from command line to 'None'
[0.122s] Level 5:colcon.colcon_core.verb:set package 'hri_camera' build argument 'catkin_skip_building_tests' from command line to 'False'
[0.122s] DEBUG:colcon.colcon_core.verb:Building package 'hri_camera' with the following arguments: {'ament_cmake_args': None, 'build_base': '/ros2_ws/build/hri_camera', 'catkin_cmake_args': None, 'catkin_skip_building_tests': False, 'cmake_args': None, 'cmake_clean_cache': False, 'cmake_clean_first': False, 'cmake_force_configure': False, 'cmake_target': None, 'cmake_target_skip_unavailable': False, 'install_base': '/ros2_ws/install/hri_camera', 'merge_install': False, 'path': '/ros2_ws/src/hri_camera', 'symlink_install': True, 'test_result_base': None}
[0.123s] Level 5:colcon.colcon_core.verb:set package 'hri_interfaces' build argument 'cmake_args' from command line to 'None'
[0.123s] Level 5:colcon.colcon_core.verb:set package 'hri_interfaces' build argument 'cmake_target' from command line to 'None'
[0.123s] Level 5:colcon.colcon_core.verb:set package 'hri_interfaces' build argument 'cmake_target_skip_unavailable' from command line to 'False'
[0.123s] Level 5:colcon.colcon_core.verb:set package 'hri_interfaces' build argument 'cmake_clean_cache' from command line to 'False'
[0.123s] Level 5:colcon.colcon_core.verb:set package 'hri_interfaces' build argument 'cmake_clean_first' from command line to 'False'
[0.123s] Level 5:colcon.colcon_core.verb:set package 'hri_interfaces' build argument 'cmake_force_configure' from command line to 'False'
[0.123s] Level 5:colcon.colcon_core.verb:set package 'hri_interfaces' build argument 'ament_cmake_args' from command line to 'None'
[0.123s] Level 5:colcon.colcon_core.verb:set package 'hri_interfaces' build argument 'catkin_cmake_args' from command line to 'None'
[0.123s] Level 5:colcon.colcon_core.verb:set package 'hri_interfaces' build argument 'catkin_skip_building_tests' from command line to 'False'
[0.123s] DEBUG:colcon.colcon_core.verb:Building package 'hri_interfaces' with the following arguments: {'ament_cmake_args': None, 'build_base': '/ros2_ws/build/hri_interfaces', 'catkin_cmake_args': None, 'catkin_skip_building_tests': False, 'cmake_args': None, 'cmake_clean_cache': False, 'cmake_clean_first': False, 'cmake_force_configure': False, 'cmake_target': None, 'cmake_target_skip_unavailable': False, 'install_base': '/ros2_ws/install/hri_interfaces', 'merge_install': False, 'path': '/ros2_ws/src/hri_interfaces', 'symlink_install': True, 'test_result_base': None}
[0.123s] INFO:colcon.colcon_core.executor:Executing jobs using 'parallel' executor
[0.124s] DEBUG:colcon.colcon_parallel_executor.executor.parallel:run_until_complete
[0.124s] INFO:colcon.colcon_ros.task.ament_python.build:Building ROS package in '/ros2_ws/src/hri_camera' with build type 'ament_python'
[0.124s] Level 1:colcon.colcon_core.shell:create_environment_hook('hri_camera', 'ament_prefix_path')
[0.125s] INFO:colcon.colcon_core.plugin_system:Skipping extension 'colcon_core.shell.bat': Not used on non-Windows systems
[0.125s] INFO:colcon.colcon_core.shell:Creating environment hook '/ros2_ws/install/hri_camera/share/hri_camera/hook/ament_prefix_path.ps1'
[0.125s] INFO:colcon.colcon_core.shell:Creating environment descriptor '/ros2_ws/install/hri_camera/share/hri_camera/hook/ament_prefix_path.dsv'
[0.126s] INFO:colcon.colcon_core.shell:Creating environment hook '/ros2_ws/install/hri_camera/share/hri_camera/hook/ament_prefix_path.sh'
[0.126s] INFO:colcon.colcon_core.shell:Skip shell extension 'powershell' for command environment: Not usable outside of PowerShell
[0.126s] DEBUG:colcon.colcon_core.shell:Skip shell extension 'dsv' for command environment
[0.127s] INFO:colcon.colcon_ros.task.ament_cmake.build:Building ROS package in '/ros2_ws/src/hri_interfaces' with build type 'ament_cmake'
[0.127s] INFO:colcon.colcon_cmake.task.cmake.build:Building CMake package in '/ros2_ws/src/hri_interfaces'
[0.127s] INFO:colcon.colcon_core.shell:Skip shell extension 'powershell' for command environment: Not usable outside of PowerShell
[0.128s] DEBUG:colcon.colcon_core.shell:Skip shell extension 'dsv' for command environment
[0.273s] INFO:colcon.colcon_core.task.python.build:Building Python package in '/ros2_ws/src/hri_camera'
[0.274s] INFO:colcon.colcon_core.shell:Skip shell extension 'powershell' for command environment: Not usable outside of PowerShell
[0.274s] DEBUG:colcon.colcon_core.shell:Skip shell extension 'dsv' for command environment
[0.276s] DEBUG:colcon.colcon_core.event_handler.log_command:Invoking command in '/ros2_ws/build/hri_interfaces': CMAKE_PREFIX_PATH=${CMAKE_PREFIX_PATH}:/opt/ros/jazzy /usr/bin/cmake /ros2_ws/src/hri_interfaces -DAMENT_CMAKE_SYMLINK_INSTALL=1 -DCMAKE_INSTALL_PREFIX=/ros2_ws/install/hri_interfaces
[0.562s] DEBUG:colcon.colcon_core.task.python.build:Available setuptools commands: build_scripts, bdist_rpm, setopt, easy_install, install_lib, symlink_data, build_ext, build_py, register, install, sdist, build, saveopts, install_headers, bdist, upload_docs, test, upload, clean, build_clib, install_data, develop, check, egg_info, install_scripts, bdist_egg, dist_info, bdist_dumb, rotate, alias, install_egg_info, editable_wheel
[0.773s] DEBUG:colcon.colcon_core.task.python.build:Available setuptools 'develop' options: --no-find-links, --prefix, --install-layout, --exclude-scripts, --egg-path, --index-url, --site-dirs, --uninstall, --local-snapshots-ok, --zip-ok, --allow-hosts, --no-deps, --always-copy, --force-installation-into-system-dir, --help, --dry-run, --find-links, --always-unzip, --script-dir, --no-user-cfg, --editable, --quiet, --multi-version, --version, --verbose, --record, --user, --install-dir, --build-directory, --optimize, --upgrade
[0.774s] DEBUG:colcon.colcon_core.event_handler.log_command:Invoking command in '/ros2_ws/build/hri_camera': PYTHONPATH=/ros2_ws/build/hri_camera/prefix_override:/usr/lib/python3/dist-packages/colcon_core/task/python/colcon_distutils_commands:/ros2_ws/install/hri_camera/lib/python3.12/site-packages:${PYTHONPATH} /usr/bin/python3 -W ignore:setup.py install is deprecated -W ignore:easy_install command is deprecated setup.py develop --editable --build-directory /ros2_ws/build/hri_camera/build --no-deps symlink_data
[1.107s] Level 1:colcon.colcon_core.shell:create_environment_hook('hri_camera', 'pythonpath_develop')
[1.107s] INFO:colcon.colcon_core.shell:Creating environment hook '/ros2_ws/build/hri_camera/share/hri_camera/hook/pythonpath_develop.ps1'
[1.108s] DEBUG:colcon.colcon_core.event_handler.log_command:Invoked command in '/ros2_ws/build/hri_camera' returned '0': PYTHONPATH=/ros2_ws/build/hri_camera/prefix_override:/usr/lib/python3/dist-packages/colcon_core/task/python/colcon_distutils_commands:/ros2_ws/install/hri_camera/lib/python3.12/site-packages:${PYTHONPATH} /usr/bin/python3 -W ignore:setup.py install is deprecated -W ignore:easy_install command is deprecated setup.py develop --editable --build-directory /ros2_ws/build/hri_camera/build --no-deps symlink_data
[1.108s] INFO:colcon.colcon_core.shell:Creating environment descriptor '/ros2_ws/build/hri_camera/share/hri_camera/hook/pythonpath_develop.dsv'
[1.108s] INFO:colcon.colcon_core.shell:Creating environment hook '/ros2_ws/build/hri_camera/share/hri_camera/hook/pythonpath_develop.sh'
[1.109s] Level 1:colcon.colcon_core.environment:checking '/ros2_ws/install/hri_camera' for CMake module files
[1.110s] Level 1:colcon.colcon_core.environment:checking '/ros2_ws/install/hri_camera' for CMake config files
[1.110s] Level 1:colcon.colcon_core.environment:checking '/ros2_ws/install/hri_camera/lib'
[1.110s] Level 1:colcon.colcon_core.environment:checking '/ros2_ws/install/hri_camera/bin'
[1.110s] Level 1:colcon.colcon_core.environment:checking '/ros2_ws/install/hri_camera/lib/pkgconfig/hri_camera.pc'
[1.110s] Level 1:colcon.colcon_core.environment:checking '/ros2_ws/install/hri_camera/lib/python3.12/site-packages'
[1.110s] Level 1:colcon.colcon_core.shell:create_environment_hook('hri_camera', 'pythonpath')
[1.110s] INFO:colcon.colcon_core.shell:Creating environment hook '/ros2_ws/install/hri_camera/share/hri_camera/hook/pythonpath.ps1'
[1.111s] INFO:colcon.colcon_core.shell:Creating environment descriptor '/ros2_ws/install/hri_camera/share/hri_camera/hook/pythonpath.dsv'
[1.111s] INFO:colcon.colcon_core.shell:Creating environment hook '/ros2_ws/install/hri_camera/share/hri_camera/hook/pythonpath.sh'
[1.111s] Level 1:colcon.colcon_core.environment:checking '/ros2_ws/install/hri_camera/bin'
[1.111s] Level 1:colcon.colcon_core.environment:create_environment_scripts_only(hri_camera)
[1.111s] INFO:colcon.colcon_core.shell:Creating package script '/ros2_ws/install/hri_camera/share/hri_camera/package.ps1'
[1.112s] INFO:colcon.colcon_core.shell:Creating package descriptor '/ros2_ws/install/hri_camera/share/hri_camera/package.dsv'
[1.112s] INFO:colcon.colcon_core.shell:Creating package script '/ros2_ws/install/hri_camera/share/hri_camera/package.sh'
[1.112s] INFO:colcon.colcon_core.shell:Creating package script '/ros2_ws/install/hri_camera/share/hri_camera/package.bash'
[1.113s] INFO:colcon.colcon_core.shell:Creating package script '/ros2_ws/install/hri_camera/share/hri_camera/package.zsh'
[1.113s] Level 1:colcon.colcon_core.environment:create_file_with_runtime_dependencies(/ros2_ws/install/hri_camera/share/colcon-core/packages/hri_camera)
[3.528s] DEBUG:colcon.colcon_core.event_handler.log_command:Invoked command in '/ros2_ws/build/hri_interfaces' returned '0': CMAKE_PREFIX_PATH=${CMAKE_PREFIX_PATH}:/opt/ros/jazzy /usr/bin/cmake /ros2_ws/src/hri_interfaces -DAMENT_CMAKE_SYMLINK_INSTALL=1 -DCMAKE_INSTALL_PREFIX=/ros2_ws/install/hri_interfaces
[3.529s] DEBUG:colcon.colcon_core.event_handler.log_command:Invoking command in '/ros2_ws/build/hri_interfaces': CMAKE_PREFIX_PATH=${CMAKE_PREFIX_PATH}:/opt/ros/jazzy /usr/bin/cmake --build /ros2_ws/build/hri_interfaces -- -j20 -l20
[5.860s] DEBUG:colcon.colcon_core.event_handler.log_command:Invoked command in '/ros2_ws/build/hri_interfaces' returned '0': CMAKE_PREFIX_PATH=${CMAKE_PREFIX_PATH}:/opt/ros/jazzy /usr/bin/cmake --build /ros2_ws/build/hri_interfaces -- -j20 -l20
[5.875s] DEBUG:colcon.colcon_core.event_handler.log_command:Invoking command in '/ros2_ws/build/hri_interfaces': CMAKE_PREFIX_PATH=${CMAKE_PREFIX_PATH}:/opt/ros/jazzy /usr/bin/cmake --install /ros2_ws/build/hri_interfaces
[7.419s] Level 1:colcon.colcon_core.environment:create_environment_scripts_only(hri_interfaces)
[7.420s] Level 1:colcon.colcon_core.environment:checking '/ros2_ws/install/hri_interfaces' for CMake module files
[7.420s] DEBUG:colcon.colcon_core.event_handler.log_command:Invoked command in '/ros2_ws/build/hri_interfaces' returned '0': CMAKE_PREFIX_PATH=${CMAKE_PREFIX_PATH}:/opt/ros/jazzy /usr/bin/cmake --install /ros2_ws/build/hri_interfaces
[7.421s] Level 1:colcon.colcon_core.environment:checking '/ros2_ws/install/hri_interfaces' for CMake config files
[7.422s] Level 1:colcon.colcon_core.shell:create_environment_hook('hri_interfaces', 'cmake_prefix_path')
[7.423s] INFO:colcon.colcon_core.shell:Creating environment hook '/ros2_ws/install/hri_interfaces/share/hri_interfaces/hook/cmake_prefix_path.ps1'
[7.424s] INFO:colcon.colcon_core.shell:Creating environment descriptor '/ros2_ws/install/hri_interfaces/share/hri_interfaces/hook/cmake_prefix_path.dsv'
[7.424s] INFO:colcon.colcon_core.shell:Creating environment hook '/ros2_ws/install/hri_interfaces/share/hri_interfaces/hook/cmake_prefix_path.sh'
[7.425s] Level 1:colcon.colcon_core.environment:checking '/ros2_ws/install/hri_interfaces/lib'
[7.425s] Level 1:colcon.colcon_core.shell:create_environment_hook('hri_interfaces', 'ld_library_path_lib')
[7.426s] INFO:colcon.colcon_core.shell:Creating environment hook '/ros2_ws/install/hri_interfaces/share/hri_interfaces/hook/ld_library_path_lib.ps1'
[7.426s] INFO:colcon.colcon_core.shell:Creating environment descriptor '/ros2_ws/install/hri_interfaces/share/hri_interfaces/hook/ld_library_path_lib.dsv'
[7.427s] INFO:colcon.colcon_core.shell:Creating environment hook '/ros2_ws/install/hri_interfaces/share/hri_interfaces/hook/ld_library_path_lib.sh'
[7.427s] Level 1:colcon.colcon_core.environment:checking '/ros2_ws/install/hri_interfaces/bin'
[7.427s] Level 1:colcon.colcon_core.environment:checking '/ros2_ws/install/hri_interfaces/lib/pkgconfig/hri_interfaces.pc'
[7.427s] Level 1:colcon.colcon_core.environment:checking '/ros2_ws/install/hri_interfaces/lib/python3.12/site-packages'
[7.428s] Level 1:colcon.colcon_core.shell:create_environment_hook('hri_interfaces', 'pythonpath')
[7.428s] INFO:colcon.colcon_core.shell:Creating environment hook '/ros2_ws/install/hri_interfaces/share/hri_interfaces/hook/pythonpath.ps1'
[7.428s] INFO:colcon.colcon_core.shell:Creating environment descriptor '/ros2_ws/install/hri_interfaces/share/hri_interfaces/hook/pythonpath.dsv'
[7.429s] INFO:colcon.colcon_core.shell:Creating environment hook '/ros2_ws/install/hri_interfaces/share/hri_interfaces/hook/pythonpath.sh'
[7.430s] Level 1:colcon.colcon_core.environment:checking '/ros2_ws/install/hri_interfaces/bin'
[7.430s] INFO:colcon.colcon_core.shell:Creating package script '/ros2_ws/install/hri_interfaces/share/hri_interfaces/package.ps1'
[7.431s] INFO:colcon.colcon_core.shell:Creating package descriptor '/ros2_ws/install/hri_interfaces/share/hri_interfaces/package.dsv'
[7.432s] INFO:colcon.colcon_core.shell:Creating package script '/ros2_ws/install/hri_interfaces/share/hri_interfaces/package.sh'
[7.433s] INFO:colcon.colcon_core.shell:Creating package script '/ros2_ws/install/hri_interfaces/share/hri_interfaces/package.bash'
[7.434s] INFO:colcon.colcon_core.shell:Creating package script '/ros2_ws/install/hri_interfaces/share/hri_interfaces/package.zsh'
[7.434s] Level 1:colcon.colcon_core.environment:create_file_with_runtime_dependencies(/ros2_ws/install/hri_interfaces/share/colcon-core/packages/hri_interfaces)
[7.435s] Level 1:colcon.colcon_core.environment:create_environment_scripts_only(hri_interfaces)
[7.435s] Level 1:colcon.colcon_core.environment:checking '/ros2_ws/install/hri_interfaces' for CMake module files
[7.436s] Level 1:colcon.colcon_core.environment:checking '/ros2_ws/install/hri_interfaces' for CMake config files
[7.437s] Level 1:colcon.colcon_core.shell:create_environment_hook('hri_interfaces', 'cmake_prefix_path')
[7.438s] INFO:colcon.colcon_core.shell:Creating environment hook '/ros2_ws/install/hri_interfaces/share/hri_interfaces/hook/cmake_prefix_path.ps1'
[7.439s] INFO:colcon.colcon_core.shell:Creating environment descriptor '/ros2_ws/install/hri_interfaces/share/hri_interfaces/hook/cmake_prefix_path.dsv'
[7.439s] INFO:colcon.colcon_core.shell:Creating environment hook '/ros2_ws/install/hri_interfaces/share/hri_interfaces/hook/cmake_prefix_path.sh'
[7.440s] Level 1:colcon.colcon_core.environment:checking '/ros2_ws/install/hri_interfaces/lib'
[7.440s] Level 1:colcon.colcon_core.shell:create_environment_hook('hri_interfaces', 'ld_library_path_lib')
[7.441s] INFO:colcon.colcon_core.shell:Creating environment hook '/ros2_ws/install/hri_interfaces/share/hri_interfaces/hook/ld_library_path_lib.ps1'
[7.441s] INFO:colcon.colcon_core.shell:Creating environment descriptor '/ros2_ws/install/hri_interfaces/share/hri_interfaces/hook/ld_library_path_lib.dsv'
[7.442s] INFO:colcon.colcon_core.shell:Creating environment hook '/ros2_ws/install/hri_interfaces/share/hri_interfaces/hook/ld_library_path_lib.sh'
[7.442s] Level 1:colcon.colcon_core.environment:checking '/ros2_ws/install/hri_interfaces/bin'
[7.443s] Level 1:colcon.colcon_core.environment:checking '/ros2_ws/install/hri_interfaces/lib/pkgconfig/hri_interfaces.pc'
[7.443s] Level 1:colcon.colcon_core.environment:checking '/ros2_ws/install/hri_interfaces/lib/python3.12/site-packages'
[7.443s] Level 1:colcon.colcon_core.shell:create_environment_hook('hri_interfaces', 'pythonpath')
[7.443s] INFO:colcon.colcon_core.shell:Creating environment hook '/ros2_ws/install/hri_interfaces/share/hri_interfaces/hook/pythonpath.ps1'
[7.444s] INFO:colcon.colcon_core.shell:Creating environment descriptor '/ros2_ws/install/hri_interfaces/share/hri_interfaces/hook/pythonpath.dsv'
[7.445s] INFO:colcon.colcon_core.shell:Creating environment hook '/ros2_ws/install/hri_interfaces/share/hri_interfaces/hook/pythonpath.sh'
[7.446s] Level 1:colcon.colcon_core.environment:checking '/ros2_ws/install/hri_interfaces/bin'
[7.446s] INFO:colcon.colcon_core.shell:Creating package script '/ros2_ws/install/hri_interfaces/share/hri_interfaces/package.ps1'
[7.448s] INFO:colcon.colcon_core.shell:Creating package descriptor '/ros2_ws/install/hri_interfaces/share/hri_interfaces/package.dsv'
[7.448s] INFO:colcon.colcon_core.shell:Creating package script '/ros2_ws/install/hri_interfaces/share/hri_interfaces/package.sh'
[7.449s] INFO:colcon.colcon_core.shell:Creating package script '/ros2_ws/install/hri_interfaces/share/hri_interfaces/package.bash'
[7.450s] INFO:colcon.colcon_core.shell:Creating package script '/ros2_ws/install/hri_interfaces/share/hri_interfaces/package.zsh'
[7.450s] Level 1:colcon.colcon_core.environment:create_file_with_runtime_dependencies(/ros2_ws/install/hri_interfaces/share/colcon-core/packages/hri_interfaces)
[7.451s] DEBUG:colcon.colcon_parallel_executor.executor.parallel:closing loop
[7.451s] DEBUG:colcon.colcon_parallel_executor.executor.parallel:loop closed
[7.451s] DEBUG:colcon.colcon_parallel_executor.executor.parallel:run_until_complete finished with '0'
[7.451s] DEBUG:colcon.colcon_core.event_reactor:joining thread
[7.461s] INFO:colcon.colcon_core.plugin_system:Skipping extension 'colcon_notification.desktop_notification.notify_send': Could not find 'notify-send'
[7.461s] INFO:colcon.colcon_core.plugin_system:Skipping extension 'colcon_notification.desktop_notification.terminal_notifier': Not used on non-Darwin systems
[7.461s] INFO:colcon.colcon_core.plugin_system:Skipping extension 'colcon_notification.desktop_notification.win32': Not used on non-Windows systems
[7.462s] INFO:colcon.colcon_notification.desktop_notification:Sending desktop notification using 'notify2'
[7.462s] DEBUG:colcon.colcon_notification.desktop_notification.notify2:Failed to initialize notify2: org.freedesktop.DBus.Error.NotSupported: Unable to autolaunch a dbus-daemon without a $DISPLAY for X11
[7.462s] DEBUG:colcon.colcon_core.event_reactor:joined thread
[7.462s] INFO:colcon.colcon_core.shell:Creating prefix script '/ros2_ws/install/local_setup.ps1'
[7.463s] INFO:colcon.colcon_core.shell:Creating prefix util module '/ros2_ws/install/_local_setup_util_ps1.py'
[7.465s] INFO:colcon.colcon_core.shell:Creating prefix chain script '/ros2_ws/install/setup.ps1'
[7.467s] INFO:colcon.colcon_core.shell:Creating prefix script '/ros2_ws/install/local_setup.sh'
[7.468s] INFO:colcon.colcon_core.shell:Creating prefix util module '/ros2_ws/install/_local_setup_util_sh.py'
[7.469s] INFO:colcon.colcon_core.shell:Creating prefix chain script '/ros2_ws/install/setup.sh'
[7.471s] INFO:colcon.colcon_core.shell:Creating prefix script '/ros2_ws/install/local_setup.bash'
[7.472s] INFO:colcon.colcon_core.shell:Creating prefix chain script '/ros2_ws/install/setup.bash'
[7.473s] INFO:colcon.colcon_core.shell:Creating prefix script '/ros2_ws/install/local_setup.zsh'
[7.474s] INFO:colcon.colcon_core.shell:Creating prefix chain script '/ros2_ws/install/setup.zsh'
