-- The C compiler identification is GNU 13.3.0
-- The CXX compiler identification is GNU 13.3.0
-- Detecting C compiler ABI info
-- Detecting C compiler ABI info - done
-- Check for working C compiler: /usr/bin/cc - skipped
-- Detecting C compile features
-- Detecting C compile features - done
-- Detecting CXX compiler ABI info
-- Detecting CXX compiler ABI info - done
-- Check for working CXX compiler: /usr/bin/c++ - skipped
-- Detecting CXX compile features
-- Detecting CXX compile features - done
-- Found ament_cmake: 2.5.6 (/opt/ros/jazzy/share/ament_cmake/cmake)
-- Found Python3: /usr/bin/python3 (found version "3.12.3") found components: Interpreter 
-- Override CMake install command with custom implementation using symlinks instead of copying resources
-- Found rosidl_default_generators: 1.6.1 (/opt/ros/jazzy/share/rosidl_default_generators/cmake)
-- Using all available rosidl_typesupport_c: rosidl_typesupport_fastrtps_c;rosidl_typesupport_introspection_c
-- Using all available rosidl_typesupport_cpp: rosidl_typesupport_fastrtps_cpp;rosidl_typesupport_introspection_cpp
-- Found rosidl_adapter: 4.6.9 (/opt/ros/jazzy/share/rosidl_adapter/cmake)
-- Found std_msgs: 5.3.8 (/opt/ros/jazzy/share/std_msgs/cmake)
-- Found ament_cmake_ros: 0.12.1 (/opt/ros/jazzy/share/ament_cmake_ros/cmake)
-- Using all available rosidl_typesupport_c: rosidl_typesupport_fastrtps_c;rosidl_typesupport_introspection_c
-- Using all available rosidl_typesupport_cpp: rosidl_typesupport_fastrtps_cpp;rosidl_typesupport_introspection_cpp
-- Found python_cmake_module: 0.11.1 (/opt/ros/jazzy/share/python_cmake_module/cmake)
-- Found PythonExtra: /usr/bin/python3  
-- Found Python3: /usr/bin/python3 (found version "3.12.3") found components: Interpreter Development NumPy Development.Module Development.Embed 
-- Found Python3: /usr/bin/python3 (found version "3.12.3") found components: Interpreter 
-- Configuring done (3.2s)
-- Generating done (0.0s)
-- Build files have been written to: /ros2_ws/build/hri_interfaces
[  1%] Generating type hashes for ROS interfaces
[  3%] Generating Rust code for ROS interfaces
[  3%] Built target ament_cmake_python_symlink_hri_interfaces
running egg_info
creating hri_interfaces.egg-info
writing hri_interfaces.egg-info/PKG-INFO
writing dependency_links to hri_interfaces.egg-info/dependency_links.txt
writing top-level names to hri_interfaces.egg-info/top_level.txt
writing manifest file 'hri_interfaces.egg-info/SOURCES.txt'
[  3%] Built target hri_interfaces__rosidl_generator_type_description
reading manifest file 'hri_interfaces.egg-info/SOURCES.txt'
writing manifest file 'hri_interfaces.egg-info/SOURCES.txt'
[  4%] Generating C code for ROS interfaces
[  4%] Built target hri_interfaces__rs
[  6%] Generating C++ code for ROS interfaces
[  6%] Built target ament_cmake_python_build_hri_interfaces_egg
[  6%] Built target hri_interfaces__cpp
[  7%] Building C object CMakeFiles/hri_interfaces__rosidl_generator_c.dir/rosidl_generator_c/hri_interfaces/msg/detail/tracked_face__description.c.o
[  9%] Building C object CMakeFiles/hri_interfaces__rosidl_generator_c.dir/rosidl_generator_c/hri_interfaces/msg/detail/tracked_face_array__description.c.o
[ 10%] Building C object CMakeFiles/hri_interfaces__rosidl_generator_c.dir/rosidl_generator_c/hri_interfaces/msg/detail/tracked_face_array__functions.c.o
[ 13%] Building C object CMakeFiles/hri_interfaces__rosidl_generator_c.dir/rosidl_generator_c/hri_interfaces/msg/detail/identified_face__functions.c.o
[ 12%] Building C object CMakeFiles/hri_interfaces__rosidl_generator_c.dir/rosidl_generator_c/hri_interfaces/msg/detail/identified_face__type_support.c.o
[ 15%] Building C object CMakeFiles/hri_interfaces__rosidl_generator_c.dir/rosidl_generator_c/hri_interfaces/msg/detail/identified_face_array__description.c.o
[ 16%] Building C object CMakeFiles/hri_interfaces__rosidl_generator_c.dir/rosidl_generator_c/hri_interfaces/msg/detail/tracked_face__functions.c.o
[ 18%] Building C object CMakeFiles/hri_interfaces__rosidl_generator_c.dir/rosidl_generator_c/hri_interfaces/msg/detail/tracked_face__type_support.c.o
[ 21%] Building C object CMakeFiles/hri_interfaces__rosidl_generator_c.dir/rosidl_generator_c/hri_interfaces/msg/detail/identified_face__description.c.o
[ 21%] Building C object CMakeFiles/hri_interfaces__rosidl_generator_c.dir/rosidl_generator_c/hri_interfaces/msg/detail/tracked_face_array__type_support.c.o
[ 23%] Building C object CMakeFiles/hri_interfaces__rosidl_generator_c.dir/rosidl_generator_c/hri_interfaces/msg/detail/identified_face_array__functions.c.o
[ 24%] Building C object CMakeFiles/hri_interfaces__rosidl_generator_c.dir/rosidl_generator_c/hri_interfaces/msg/detail/identified_face_array__type_support.c.o
[ 26%] Linking C shared library libhri_interfaces__rosidl_generator_c.so
[ 26%] Built target hri_interfaces__rosidl_generator_c
[ 27%] Generating C type support for eProsima Fast-RTPS
[ 29%] Generating C++ type support dispatch for ROS interfaces
[ 30%] Generating C++ introspection for ROS interfaces
[ 33%] Generating C introspection for ROS interfaces
[ 33%] Generating C type support dispatch for ROS interfaces
[ 35%] Generating C++ type support for eProsima Fast-RTPS
[ 36%] Building CXX object CMakeFiles/hri_interfaces__rosidl_typesupport_c.dir/rosidl_typesupport_c/hri_interfaces/msg/identified_face_array__type_support.cpp.o
[ 38%] Building CXX object CMakeFiles/hri_interfaces__rosidl_typesupport_c.dir/rosidl_typesupport_c/hri_interfaces/msg/tracked_face__type_support.cpp.o
[ 40%] Building CXX object CMakeFiles/hri_interfaces__rosidl_typesupport_c.dir/rosidl_typesupport_c/hri_interfaces/msg/tracked_face_array__type_support.cpp.o
[ 41%] Building CXX object CMakeFiles/hri_interfaces__rosidl_typesupport_c.dir/rosidl_typesupport_c/hri_interfaces/msg/identified_face__type_support.cpp.o
[ 43%] Building CXX object CMakeFiles/hri_interfaces__rosidl_typesupport_cpp.dir/rosidl_typesupport_cpp/hri_interfaces/msg/identified_face_array__type_support.cpp.o
[ 46%] Building CXX object CMakeFiles/hri_interfaces__rosidl_typesupport_cpp.dir/rosidl_typesupport_cpp/hri_interfaces/msg/tracked_face_array__type_support.cpp.o
[ 46%] Building CXX object CMakeFiles/hri_interfaces__rosidl_typesupport_cpp.dir/rosidl_typesupport_cpp/hri_interfaces/msg/identified_face__type_support.cpp.o
[ 47%] Building CXX object CMakeFiles/hri_interfaces__rosidl_typesupport_cpp.dir/rosidl_typesupport_cpp/hri_interfaces/msg/tracked_face__type_support.cpp.o
[ 49%] Building CXX object CMakeFiles/hri_interfaces__rosidl_typesupport_introspection_cpp.dir/rosidl_typesupport_introspection_cpp/hri_interfaces/msg/detail/tracked_face__type_support.cpp.o
[ 50%] Building CXX object CMakeFiles/hri_interfaces__rosidl_typesupport_introspection_cpp.dir/rosidl_typesupport_introspection_cpp/hri_interfaces/msg/detail/tracked_face_array__type_support.cpp.o
[ 52%] Building CXX object CMakeFiles/hri_interfaces__rosidl_typesupport_introspection_cpp.dir/rosidl_typesupport_introspection_cpp/hri_interfaces/msg/detail/identified_face_array__type_support.cpp.o
[ 53%] Building CXX object CMakeFiles/hri_interfaces__rosidl_typesupport_introspection_cpp.dir/rosidl_typesupport_introspection_cpp/hri_interfaces/msg/detail/identified_face__type_support.cpp.o
[ 55%] Building C object CMakeFiles/hri_interfaces__rosidl_typesupport_introspection_c.dir/rosidl_typesupport_introspection_c/hri_interfaces/msg/detail/tracked_face__type_support.c.o
[ 56%] Building C object CMakeFiles/hri_interfaces__rosidl_typesupport_introspection_c.dir/rosidl_typesupport_introspection_c/hri_interfaces/msg/detail/identified_face__type_support.c.o
[ 58%] Building C object CMakeFiles/hri_interfaces__rosidl_typesupport_introspection_c.dir/rosidl_typesupport_introspection_c/hri_interfaces/msg/detail/identified_face_array__type_support.c.o
[ 60%] Building C object CMakeFiles/hri_interfaces__rosidl_typesupport_introspection_c.dir/rosidl_typesupport_introspection_c/hri_interfaces/msg/detail/tracked_face_array__type_support.c.o
[ 61%] Linking CXX shared library libhri_interfaces__rosidl_typesupport_c.so
[ 63%] Linking C shared library libhri_interfaces__rosidl_typesupport_introspection_c.so
[ 64%] Building CXX object CMakeFiles/hri_interfaces__rosidl_typesupport_fastrtps_c.dir/rosidl_typesupport_fastrtps_c/hri_interfaces/msg/detail/tracked_face_array__type_support_c.cpp.o
[ 67%] Building CXX object CMakeFiles/hri_interfaces__rosidl_typesupport_fastrtps_c.dir/rosidl_typesupport_fastrtps_c/hri_interfaces/msg/detail/identified_face_array__type_support_c.cpp.o
[ 66%] Building CXX object CMakeFiles/hri_interfaces__rosidl_typesupport_fastrtps_c.dir/rosidl_typesupport_fastrtps_c/hri_interfaces/msg/detail/identified_face__type_support_c.cpp.o
[ 69%] Building CXX object CMakeFiles/hri_interfaces__rosidl_typesupport_fastrtps_c.dir/rosidl_typesupport_fastrtps_c/hri_interfaces/msg/detail/tracked_face__type_support_c.cpp.o
[ 72%] Building CXX object CMakeFiles/hri_interfaces__rosidl_typesupport_fastrtps_cpp.dir/rosidl_typesupport_fastrtps_cpp/hri_interfaces/msg/detail/dds_fastrtps/tracked_face__type_support.cpp.o
[ 72%] Building CXX object CMakeFiles/hri_interfaces__rosidl_typesupport_fastrtps_cpp.dir/rosidl_typesupport_fastrtps_cpp/hri_interfaces/msg/detail/dds_fastrtps/tracked_face_array__type_support.cpp.o
[ 73%] Building CXX object CMakeFiles/hri_interfaces__rosidl_typesupport_fastrtps_cpp.dir/rosidl_typesupport_fastrtps_cpp/hri_interfaces/msg/detail/dds_fastrtps/identified_face__type_support.cpp.o
[ 75%] Building CXX object CMakeFiles/hri_interfaces__rosidl_typesupport_fastrtps_cpp.dir/rosidl_typesupport_fastrtps_cpp/hri_interfaces/msg/detail/dds_fastrtps/identified_face_array__type_support.cpp.o
[ 75%] Built target hri_interfaces__rosidl_typesupport_c
[ 75%] Built target hri_interfaces__rosidl_typesupport_introspection_c
[ 76%] Linking CXX shared library libhri_interfaces__rosidl_typesupport_cpp.so
[ 76%] Built target hri_interfaces__rosidl_typesupport_cpp
[ 78%] Linking CXX shared library libhri_interfaces__rosidl_typesupport_introspection_cpp.so
[ 78%] Built target hri_interfaces__rosidl_typesupport_introspection_cpp
[ 80%] Linking CXX shared library libhri_interfaces__rosidl_typesupport_fastrtps_c.so
[ 81%] Linking CXX shared library libhri_interfaces__rosidl_typesupport_fastrtps_cpp.so
[ 81%] Built target hri_interfaces__rosidl_typesupport_fastrtps_c
[ 81%] Built target hri_interfaces__rosidl_typesupport_fastrtps_cpp
[ 81%] Built target hri_interfaces
[ 83%] Generating Python code for ROS interfaces
[ 83%] Built target hri_interfaces__py
[ 84%] Building C object CMakeFiles/hri_interfaces__rosidl_generator_py.dir/rosidl_generator_py/hri_interfaces/msg/_tracked_face_s.c.o
[ 87%] Building C object CMakeFiles/hri_interfaces__rosidl_generator_py.dir/rosidl_generator_py/hri_interfaces/msg/_identified_face_s.c.o
[ 87%] Building C object CMakeFiles/hri_interfaces__rosidl_generator_py.dir/rosidl_generator_py/hri_interfaces/msg/_identified_face_array_s.c.o
[ 89%] Building C object CMakeFiles/hri_interfaces__rosidl_generator_py.dir/rosidl_generator_py/hri_interfaces/msg/_tracked_face_array_s.c.o
[ 90%] Linking C shared library libhri_interfaces__rosidl_generator_py.so
[ 90%] Built target hri_interfaces__rosidl_generator_py
[ 92%] Building C object CMakeFiles/hri_interfaces_s__rosidl_typesupport_c.dir/rosidl_generator_py/hri_interfaces/_hri_interfaces_s.ep.rosidl_typesupport_c.c.o
[ 93%] Building C object CMakeFiles/hri_interfaces_s__rosidl_typesupport_fastrtps_c.dir/rosidl_generator_py/hri_interfaces/_hri_interfaces_s.ep.rosidl_typesupport_fastrtps_c.c.o
[ 95%] Building C object CMakeFiles/hri_interfaces_s__rosidl_typesupport_introspection_c.dir/rosidl_generator_py/hri_interfaces/_hri_interfaces_s.ep.rosidl_typesupport_introspection_c.c.o
[ 96%] Linking C shared module rosidl_generator_py/hri_interfaces/hri_interfaces_s__rosidl_typesupport_c.so
[ 98%] Linking C shared module rosidl_generator_py/hri_interfaces/hri_interfaces_s__rosidl_typesupport_fastrtps_c.so
[100%] Linking C shared module rosidl_generator_py/hri_interfaces/hri_interfaces_s__rosidl_typesupport_introspection_c.so
[100%] Built target hri_interfaces_s__rosidl_typesupport_fastrtps_c
[100%] Built target hri_interfaces_s__rosidl_typesupport_c
[100%] Built target hri_interfaces_s__rosidl_typesupport_introspection_c
-- Install configuration: ""
-- Execute custom install script
-- Symlinking: /ros2_ws/install/hri_interfaces/share/ament_index/resource_index/rosidl_interfaces/hri_interfaces
-- Symlinking: /ros2_ws/install/hri_interfaces/share/hri_interfaces/msg/TrackedFace.json
-- Symlinking: /ros2_ws/install/hri_interfaces/share/hri_interfaces/msg/TrackedFaceArray.json
-- Symlinking: /ros2_ws/install/hri_interfaces/share/hri_interfaces/msg/IdentifiedFace.json
-- Symlinking: /ros2_ws/install/hri_interfaces/share/hri_interfaces/msg/IdentifiedFaceArray.json
-- Symlinking: /ros2_ws/install/hri_interfaces/include/hri_interfaces/hri_interfaces/msg/detail/identified_face__functions.h
-- Symlinking: /ros2_ws/install/hri_interfaces/include/hri_interfaces/hri_interfaces/msg/detail/identified_face__struct.h
-- Symlinking: /ros2_ws/install/hri_interfaces/include/hri_interfaces/hri_interfaces/msg/detail/identified_face__type_support.h
-- Symlinking: /ros2_ws/install/hri_interfaces/include/hri_interfaces/hri_interfaces/msg/detail/identified_face_array__functions.h
-- Symlinking: /ros2_ws/install/hri_interfaces/include/hri_interfaces/hri_interfaces/msg/detail/identified_face_array__struct.h
-- Symlinking: /ros2_ws/install/hri_interfaces/include/hri_interfaces/hri_interfaces/msg/detail/identified_face_array__type_support.h
-- Symlinking: /ros2_ws/install/hri_interfaces/include/hri_interfaces/hri_interfaces/msg/detail/tracked_face__functions.h
-- Symlinking: /ros2_ws/install/hri_interfaces/include/hri_interfaces/hri_interfaces/msg/detail/tracked_face__struct.h
-- Symlinking: /ros2_ws/install/hri_interfaces/include/hri_interfaces/hri_interfaces/msg/detail/tracked_face__type_support.h
-- Symlinking: /ros2_ws/install/hri_interfaces/include/hri_interfaces/hri_interfaces/msg/detail/tracked_face_array__functions.h
-- Symlinking: /ros2_ws/install/hri_interfaces/include/hri_interfaces/hri_interfaces/msg/detail/tracked_face_array__struct.h
-- Symlinking: /ros2_ws/install/hri_interfaces/include/hri_interfaces/hri_interfaces/msg/detail/tracked_face_array__type_support.h
-- Symlinking: /ros2_ws/install/hri_interfaces/include/hri_interfaces/hri_interfaces/msg/identified_face.h
-- Symlinking: /ros2_ws/install/hri_interfaces/include/hri_interfaces/hri_interfaces/msg/identified_face_array.h
-- Symlinking: /ros2_ws/install/hri_interfaces/include/hri_interfaces/hri_interfaces/msg/rosidl_generator_c__visibility_control.h
-- Symlinking: /ros2_ws/install/hri_interfaces/include/hri_interfaces/hri_interfaces/msg/tracked_face.h
-- Symlinking: /ros2_ws/install/hri_interfaces/include/hri_interfaces/hri_interfaces/msg/tracked_face_array.h
-- Symlinking: /ros2_ws/install/hri_interfaces/share/hri_interfaces/environment/library_path.sh
-- Symlinking: /ros2_ws/install/hri_interfaces/share/hri_interfaces/environment/library_path.dsv
-- Symlinking: /ros2_ws/install/hri_interfaces/include/hri_interfaces/hri_interfaces/msg/detail/identified_face__rosidl_typesupport_fastrtps_c.h
-- Symlinking: /ros2_ws/install/hri_interfaces/include/hri_interfaces/hri_interfaces/msg/detail/identified_face_array__rosidl_typesupport_fastrtps_c.h
-- Symlinking: /ros2_ws/install/hri_interfaces/include/hri_interfaces/hri_interfaces/msg/detail/tracked_face__rosidl_typesupport_fastrtps_c.h
-- Symlinking: /ros2_ws/install/hri_interfaces/include/hri_interfaces/hri_interfaces/msg/detail/tracked_face_array__rosidl_typesupport_fastrtps_c.h
-- Symlinking: /ros2_ws/install/hri_interfaces/include/hri_interfaces/hri_interfaces/msg/rosidl_typesupport_fastrtps_c__visibility_control.h
-- Symlinking: /ros2_ws/install/hri_interfaces/include/hri_interfaces/hri_interfaces/msg/detail/identified_face__rosidl_typesupport_introspection_c.h
-- Symlinking: /ros2_ws/install/hri_interfaces/include/hri_interfaces/hri_interfaces/msg/detail/identified_face_array__rosidl_typesupport_introspection_c.h
-- Symlinking: /ros2_ws/install/hri_interfaces/include/hri_interfaces/hri_interfaces/msg/detail/tracked_face__rosidl_typesupport_introspection_c.h
-- Symlinking: /ros2_ws/install/hri_interfaces/include/hri_interfaces/hri_interfaces/msg/detail/tracked_face_array__rosidl_typesupport_introspection_c.h
-- Symlinking: /ros2_ws/install/hri_interfaces/include/hri_interfaces/hri_interfaces/msg/rosidl_typesupport_introspection_c__visibility_control.h
-- Symlinking: /ros2_ws/install/hri_interfaces/include/hri_interfaces/hri_interfaces/msg/detail/identified_face__builder.hpp
-- Symlinking: /ros2_ws/install/hri_interfaces/include/hri_interfaces/hri_interfaces/msg/detail/identified_face__struct.hpp
-- Symlinking: /ros2_ws/install/hri_interfaces/include/hri_interfaces/hri_interfaces/msg/detail/identified_face__traits.hpp
-- Symlinking: /ros2_ws/install/hri_interfaces/include/hri_interfaces/hri_interfaces/msg/detail/identified_face__type_support.hpp
-- Symlinking: /ros2_ws/install/hri_interfaces/include/hri_interfaces/hri_interfaces/msg/detail/identified_face_array__builder.hpp
-- Symlinking: /ros2_ws/install/hri_interfaces/include/hri_interfaces/hri_interfaces/msg/detail/identified_face_array__struct.hpp
-- Symlinking: /ros2_ws/install/hri_interfaces/include/hri_interfaces/hri_interfaces/msg/detail/identified_face_array__traits.hpp
-- Symlinking: /ros2_ws/install/hri_interfaces/include/hri_interfaces/hri_interfaces/msg/detail/identified_face_array__type_support.hpp
-- Symlinking: /ros2_ws/install/hri_interfaces/include/hri_interfaces/hri_interfaces/msg/detail/tracked_face__builder.hpp
-- Symlinking: /ros2_ws/install/hri_interfaces/include/hri_interfaces/hri_interfaces/msg/detail/tracked_face__struct.hpp
-- Symlinking: /ros2_ws/install/hri_interfaces/include/hri_interfaces/hri_interfaces/msg/detail/tracked_face__traits.hpp
-- Symlinking: /ros2_ws/install/hri_interfaces/include/hri_interfaces/hri_interfaces/msg/detail/tracked_face__type_support.hpp
-- Symlinking: /ros2_ws/install/hri_interfaces/include/hri_interfaces/hri_interfaces/msg/detail/tracked_face_array__builder.hpp
-- Symlinking: /ros2_ws/install/hri_interfaces/include/hri_interfaces/hri_interfaces/msg/detail/tracked_face_array__struct.hpp
-- Symlinking: /ros2_ws/install/hri_interfaces/include/hri_interfaces/hri_interfaces/msg/detail/tracked_face_array__traits.hpp
-- Symlinking: /ros2_ws/install/hri_interfaces/include/hri_interfaces/hri_interfaces/msg/detail/tracked_face_array__type_support.hpp
-- Symlinking: /ros2_ws/install/hri_interfaces/include/hri_interfaces/hri_interfaces/msg/identified_face.hpp
-- Symlinking: /ros2_ws/install/hri_interfaces/include/hri_interfaces/hri_interfaces/msg/identified_face_array.hpp
-- Symlinking: /ros2_ws/install/hri_interfaces/include/hri_interfaces/hri_interfaces/msg/rosidl_generator_cpp__visibility_control.hpp
-- Symlinking: /ros2_ws/install/hri_interfaces/include/hri_interfaces/hri_interfaces/msg/tracked_face.hpp
-- Symlinking: /ros2_ws/install/hri_interfaces/include/hri_interfaces/hri_interfaces/msg/tracked_face_array.hpp
-- Symlinking: /ros2_ws/install/hri_interfaces/include/hri_interfaces/hri_interfaces/msg/detail/identified_face__rosidl_typesupport_fastrtps_cpp.hpp
-- Symlinking: /ros2_ws/install/hri_interfaces/include/hri_interfaces/hri_interfaces/msg/detail/identified_face_array__rosidl_typesupport_fastrtps_cpp.hpp
-- Symlinking: /ros2_ws/install/hri_interfaces/include/hri_interfaces/hri_interfaces/msg/detail/tracked_face__rosidl_typesupport_fastrtps_cpp.hpp
-- Symlinking: /ros2_ws/install/hri_interfaces/include/hri_interfaces/hri_interfaces/msg/detail/tracked_face_array__rosidl_typesupport_fastrtps_cpp.hpp
-- Symlinking: /ros2_ws/install/hri_interfaces/include/hri_interfaces/hri_interfaces/msg/rosidl_typesupport_fastrtps_cpp__visibility_control.h
-- Symlinking: /ros2_ws/install/hri_interfaces/include/hri_interfaces/hri_interfaces/msg/detail/identified_face__rosidl_typesupport_introspection_cpp.hpp
-- Symlinking: /ros2_ws/install/hri_interfaces/include/hri_interfaces/hri_interfaces/msg/detail/identified_face_array__rosidl_typesupport_introspection_cpp.hpp
-- Symlinking: /ros2_ws/install/hri_interfaces/include/hri_interfaces/hri_interfaces/msg/detail/tracked_face__rosidl_typesupport_introspection_cpp.hpp
-- Symlinking: /ros2_ws/install/hri_interfaces/include/hri_interfaces/hri_interfaces/msg/detail/tracked_face_array__rosidl_typesupport_introspection_cpp.hpp
-- Symlinking: /ros2_ws/install/hri_interfaces/share/hri_interfaces/environment/pythonpath.sh
-- Symlinking: /ros2_ws/install/hri_interfaces/share/hri_interfaces/environment/pythonpath.dsv
-- Symlinking: /ros2_ws/install/hri_interfaces/lib/python3.12/site-packages/hri_interfaces-0.0.1-py3.12.egg-info/PKG-INFO
-- Symlinking: /ros2_ws/install/hri_interfaces/lib/python3.12/site-packages/hri_interfaces-0.0.1-py3.12.egg-info/SOURCES.txt
-- Symlinking: /ros2_ws/install/hri_interfaces/lib/python3.12/site-packages/hri_interfaces-0.0.1-py3.12.egg-info/dependency_links.txt
-- Symlinking: /ros2_ws/install/hri_interfaces/lib/python3.12/site-packages/hri_interfaces-0.0.1-py3.12.egg-info/top_level.txt
-- Symlinking: /ros2_ws/install/hri_interfaces/lib/python3.12/site-packages/hri_interfaces/__init__.py
-- Symlinking: /ros2_ws/install/hri_interfaces/lib/python3.12/site-packages/hri_interfaces/_hri_interfaces_s.ep.rosidl_typesupport_c.c
-- Symlinking: /ros2_ws/install/hri_interfaces/lib/python3.12/site-packages/hri_interfaces/_hri_interfaces_s.ep.rosidl_typesupport_fastrtps_c.c
-- Symlinking: /ros2_ws/install/hri_interfaces/lib/python3.12/site-packages/hri_interfaces/_hri_interfaces_s.ep.rosidl_typesupport_introspection_c.c
-- Symlinking: /ros2_ws/install/hri_interfaces/lib/python3.12/site-packages/hri_interfaces/hri_interfaces_s__rosidl_typesupport_c.so
-- Symlinking: /ros2_ws/install/hri_interfaces/lib/python3.12/site-packages/hri_interfaces/hri_interfaces_s__rosidl_typesupport_fastrtps_c.so
-- Symlinking: /ros2_ws/install/hri_interfaces/lib/python3.12/site-packages/hri_interfaces/hri_interfaces_s__rosidl_typesupport_introspection_c.so
-- Symlinking: /ros2_ws/install/hri_interfaces/lib/python3.12/site-packages/hri_interfaces/msg/__init__.py
-- Symlinking: /ros2_ws/install/hri_interfaces/lib/python3.12/site-packages/hri_interfaces/msg/_identified_face.py
-- Symlinking: /ros2_ws/install/hri_interfaces/lib/python3.12/site-packages/hri_interfaces/msg/_identified_face_array.py
-- Symlinking: /ros2_ws/install/hri_interfaces/lib/python3.12/site-packages/hri_interfaces/msg/_identified_face_array_s.c
-- Symlinking: /ros2_ws/install/hri_interfaces/lib/python3.12/site-packages/hri_interfaces/msg/_identified_face_s.c
-- Symlinking: /ros2_ws/install/hri_interfaces/lib/python3.12/site-packages/hri_interfaces/msg/_tracked_face.py
-- Symlinking: /ros2_ws/install/hri_interfaces/lib/python3.12/site-packages/hri_interfaces/msg/_tracked_face_array.py
-- Symlinking: /ros2_ws/install/hri_interfaces/lib/python3.12/site-packages/hri_interfaces/msg/_tracked_face_array_s.c
-- Symlinking: /ros2_ws/install/hri_interfaces/lib/python3.12/site-packages/hri_interfaces/msg/_tracked_face_s.c
-- Up-to-date symlink: /ros2_ws/install/hri_interfaces/lib/python3.12/site-packages/hri_interfaces/hri_interfaces_s__rosidl_typesupport_fastrtps_c.so
-- Up-to-date symlink: /ros2_ws/install/hri_interfaces/lib/python3.12/site-packages/hri_interfaces/hri_interfaces_s__rosidl_typesupport_introspection_c.so
-- Up-to-date symlink: /ros2_ws/install/hri_interfaces/lib/python3.12/site-packages/hri_interfaces/hri_interfaces_s__rosidl_typesupport_c.so
-- Symlinking: /ros2_ws/install/hri_interfaces/share/ament_index/resource_index/rust_packages/hri_interfaces
-- Symlinking: /ros2_ws/install/hri_interfaces/share/hri_interfaces/rust/Cargo.toml
-- Symlinking: /ros2_ws/install/hri_interfaces/share/hri_interfaces/rust/build.rs
-- Symlinking: /ros2_ws/install/hri_interfaces/share/hri_interfaces/rust/src/lib.rs
-- Symlinking: /ros2_ws/install/hri_interfaces/share/hri_interfaces/rust/src/msg.rs
-- Symlinking: /ros2_ws/install/hri_interfaces/share/hri_interfaces/rust/src/msg/rmw.rs
-- Symlinking: /ros2_ws/install/hri_interfaces/share/hri_interfaces/msg/TrackedFace.idl
-- Symlinking: /ros2_ws/install/hri_interfaces/share/hri_interfaces/msg/TrackedFaceArray.idl
-- Symlinking: /ros2_ws/install/hri_interfaces/share/hri_interfaces/msg/IdentifiedFace.idl
-- Symlinking: /ros2_ws/install/hri_interfaces/share/hri_interfaces/msg/IdentifiedFaceArray.idl
-- Symlinking: /ros2_ws/install/hri_interfaces/share/hri_interfaces/msg/TrackedFace.msg
-- Symlinking: /ros2_ws/install/hri_interfaces/share/hri_interfaces/msg/TrackedFaceArray.msg
-- Symlinking: /ros2_ws/install/hri_interfaces/share/hri_interfaces/msg/IdentifiedFace.msg
-- Symlinking: /ros2_ws/install/hri_interfaces/share/hri_interfaces/msg/IdentifiedFaceArray.msg
-- Symlinking: /ros2_ws/install/hri_interfaces/share/ament_index/resource_index/package_run_dependencies/hri_interfaces
-- Symlinking: /ros2_ws/install/hri_interfaces/share/ament_index/resource_index/parent_prefix_path/hri_interfaces
-- Symlinking: /ros2_ws/install/hri_interfaces/share/hri_interfaces/environment/ament_prefix_path.sh
-- Symlinking: /ros2_ws/install/hri_interfaces/share/hri_interfaces/environment/ament_prefix_path.dsv
-- Symlinking: /ros2_ws/install/hri_interfaces/share/hri_interfaces/environment/path.sh
-- Symlinking: /ros2_ws/install/hri_interfaces/share/hri_interfaces/environment/path.dsv
-- Symlinking: /ros2_ws/install/hri_interfaces/share/hri_interfaces/local_setup.bash
-- Symlinking: /ros2_ws/install/hri_interfaces/share/hri_interfaces/local_setup.sh
-- Symlinking: /ros2_ws/install/hri_interfaces/share/hri_interfaces/local_setup.zsh
-- Symlinking: /ros2_ws/install/hri_interfaces/share/hri_interfaces/local_setup.dsv
-- Symlinking: /ros2_ws/install/hri_interfaces/share/hri_interfaces/package.dsv
-- Symlinking: /ros2_ws/install/hri_interfaces/share/ament_index/resource_index/packages/hri_interfaces
-- Symlinking: /ros2_ws/install/hri_interfaces/share/hri_interfaces/cmake/rosidl_cmake-extras.cmake
-- Symlinking: /ros2_ws/install/hri_interfaces/share/hri_interfaces/cmake/ament_cmake_export_dependencies-extras.cmake
-- Symlinking: /ros2_ws/install/hri_interfaces/share/hri_interfaces/cmake/ament_cmake_export_include_directories-extras.cmake
-- Symlinking: /ros2_ws/install/hri_interfaces/share/hri_interfaces/cmake/ament_cmake_export_libraries-extras.cmake
-- Symlinking: /ros2_ws/install/hri_interfaces/share/hri_interfaces/cmake/ament_cmake_export_targets-extras.cmake
-- Symlinking: /ros2_ws/install/hri_interfaces/share/hri_interfaces/cmake/rosidl_cmake_export_typesupport_targets-extras.cmake
-- Symlinking: /ros2_ws/install/hri_interfaces/share/hri_interfaces/cmake/rosidl_cmake_export_typesupport_libraries-extras.cmake
-- Symlinking: /ros2_ws/install/hri_interfaces/share/hri_interfaces/cmake/rosidl_cmake_aggregate_target-extras.cmake
-- Symlinking: /ros2_ws/install/hri_interfaces/share/hri_interfaces/cmake/hri_interfacesConfig.cmake
-- Symlinking: /ros2_ws/install/hri_interfaces/share/hri_interfaces/cmake/hri_interfacesConfig-version.cmake
-- Symlinking: /ros2_ws/install/hri_interfaces/share/hri_interfaces/package.xml
-- Installing: /ros2_ws/install/hri_interfaces/lib/libhri_interfaces__rosidl_generator_c.so
-- Set non-toolchain portion of runtime path of "/ros2_ws/install/hri_interfaces/lib/libhri_interfaces__rosidl_generator_c.so" to ""
-- Installing: /ros2_ws/install/hri_interfaces/lib/libhri_interfaces__rosidl_typesupport_fastrtps_c.so
-- Set non-toolchain portion of runtime path of "/ros2_ws/install/hri_interfaces/lib/libhri_interfaces__rosidl_typesupport_fastrtps_c.so" to ""
-- Installing: /ros2_ws/install/hri_interfaces/lib/libhri_interfaces__rosidl_typesupport_introspection_c.so
-- Set non-toolchain portion of runtime path of "/ros2_ws/install/hri_interfaces/lib/libhri_interfaces__rosidl_typesupport_introspection_c.so" to ""
-- Installing: /ros2_ws/install/hri_interfaces/lib/libhri_interfaces__rosidl_typesupport_c.so
-- Set non-toolchain portion of runtime path of "/ros2_ws/install/hri_interfaces/lib/libhri_interfaces__rosidl_typesupport_c.so" to ""
-- Installing: /ros2_ws/install/hri_interfaces/lib/libhri_interfaces__rosidl_typesupport_fastrtps_cpp.so
-- Set non-toolchain portion of runtime path of "/ros2_ws/install/hri_interfaces/lib/libhri_interfaces__rosidl_typesupport_fastrtps_cpp.so" to ""
-- Installing: /ros2_ws/install/hri_interfaces/lib/libhri_interfaces__rosidl_typesupport_introspection_cpp.so
-- Set non-toolchain portion of runtime path of "/ros2_ws/install/hri_interfaces/lib/libhri_interfaces__rosidl_typesupport_introspection_cpp.so" to ""
-- Installing: /ros2_ws/install/hri_interfaces/lib/libhri_interfaces__rosidl_typesupport_cpp.so
-- Set non-toolchain portion of runtime path of "/ros2_ws/install/hri_interfaces/lib/libhri_interfaces__rosidl_typesupport_cpp.so" to ""
Listing '/ros2_ws/install/hri_interfaces/lib/python3.12/site-packages/hri_interfaces'...
Compiling '/ros2_ws/install/hri_interfaces/lib/python3.12/site-packages/hri_interfaces/__init__.py'...
Listing '/ros2_ws/install/hri_interfaces/lib/python3.12/site-packages/hri_interfaces/msg'...
Compiling '/ros2_ws/install/hri_interfaces/lib/python3.12/site-packages/hri_interfaces/msg/__init__.py'...
Compiling '/ros2_ws/install/hri_interfaces/lib/python3.12/site-packages/hri_interfaces/msg/_identified_face.py'...
Compiling '/ros2_ws/install/hri_interfaces/lib/python3.12/site-packages/hri_interfaces/msg/_identified_face_array.py'...
Compiling '/ros2_ws/install/hri_interfaces/lib/python3.12/site-packages/hri_interfaces/msg/_tracked_face.py'...
Compiling '/ros2_ws/install/hri_interfaces/lib/python3.12/site-packages/hri_interfaces/msg/_tracked_face_array.py'...
-- Installing: /ros2_ws/install/hri_interfaces/lib/libhri_interfaces__rosidl_generator_py.so
-- Set non-toolchain portion of runtime path of "/ros2_ws/install/hri_interfaces/lib/libhri_interfaces__rosidl_generator_py.so" to ""
-- Installing: /ros2_ws/install/hri_interfaces/share/hri_interfaces/cmake/export_hri_interfaces__rosidl_generator_cExport.cmake
-- Installing: /ros2_ws/install/hri_interfaces/share/hri_interfaces/cmake/export_hri_interfaces__rosidl_generator_cExport-noconfig.cmake
-- Installing: /ros2_ws/install/hri_interfaces/share/hri_interfaces/cmake/export_hri_interfaces__rosidl_typesupport_fastrtps_cExport.cmake
-- Installing: /ros2_ws/install/hri_interfaces/share/hri_interfaces/cmake/export_hri_interfaces__rosidl_typesupport_fastrtps_cExport-noconfig.cmake
-- Installing: /ros2_ws/install/hri_interfaces/share/hri_interfaces/cmake/hri_interfaces__rosidl_typesupport_introspection_cExport.cmake
-- Installing: /ros2_ws/install/hri_interfaces/share/hri_interfaces/cmake/hri_interfaces__rosidl_typesupport_introspection_cExport-noconfig.cmake
-- Installing: /ros2_ws/install/hri_interfaces/share/hri_interfaces/cmake/hri_interfaces__rosidl_typesupport_cExport.cmake
-- Installing: /ros2_ws/install/hri_interfaces/share/hri_interfaces/cmake/hri_interfaces__rosidl_typesupport_cExport-noconfig.cmake
-- Installing: /ros2_ws/install/hri_interfaces/share/hri_interfaces/cmake/export_hri_interfaces__rosidl_generator_cppExport.cmake
-- Installing: /ros2_ws/install/hri_interfaces/share/hri_interfaces/cmake/export_hri_interfaces__rosidl_typesupport_fastrtps_cppExport.cmake
-- Installing: /ros2_ws/install/hri_interfaces/share/hri_interfaces/cmake/export_hri_interfaces__rosidl_typesupport_fastrtps_cppExport-noconfig.cmake
-- Installing: /ros2_ws/install/hri_interfaces/share/hri_interfaces/cmake/hri_interfaces__rosidl_typesupport_introspection_cppExport.cmake
-- Installing: /ros2_ws/install/hri_interfaces/share/hri_interfaces/cmake/hri_interfaces__rosidl_typesupport_introspection_cppExport-noconfig.cmake
-- Installing: /ros2_ws/install/hri_interfaces/share/hri_interfaces/cmake/hri_interfaces__rosidl_typesupport_cppExport.cmake
-- Installing: /ros2_ws/install/hri_interfaces/share/hri_interfaces/cmake/hri_interfaces__rosidl_typesupport_cppExport-noconfig.cmake
-- Installing: /ros2_ws/install/hri_interfaces/share/hri_interfaces/cmake/export_hri_interfaces__rosidl_generator_pyExport.cmake
-- Installing: /ros2_ws/install/hri_interfaces/share/hri_interfaces/cmake/export_hri_interfaces__rosidl_generator_pyExport-noconfig.cmake
