[0.149s] Invoking command in '/ros2_ws/build/hri_interfaces': CMAKE_PREFIX_PATH=${CMAKE_PREFIX_PATH}:/opt/ros/jazzy /usr/bin/cmake /ros2_ws/src/hri_interfaces -DAMENT_CMAKE_SYMLINK_INSTALL=1 -DCMAKE_INSTALL_PREFIX=/ros2_ws/install/hri_interfaces
[0.234s] -- The C compiler identification is GNU 13.3.0
[0.312s] -- The CXX compiler identification is GNU 13.3.0
[0.327s] -- Detecting C compiler ABI info
[0.393s] -- Detecting C compiler ABI info - done
[0.400s] -- Check for working C compiler: /usr/bin/cc - skipped
[0.400s] -- Detecting C compile features
[0.401s] -- Detecting C compile features - done
[0.408s] -- Detecting CXX compiler ABI info
[0.492s] -- Detecting CXX compiler ABI info - done
[0.507s] -- Check for working CXX compiler: /usr/bin/c++ - skipped
[0.508s] -- Detecting CXX compile features
[0.508s] -- Detecting CXX compile features - done
[0.513s] -- Found ament_cmake: 2.5.6 (/opt/ros/jazzy/share/ament_cmake/cmake)
[0.625s] -- Found Python3: /usr/bin/python3 (found version "3.12.3") found components: Interpreter 
[0.672s] -- Override CMake install command with custom implementation using symlinks instead of copying resources
[0.699s] -- Found rosidl_default_generators: 1.6.1 (/opt/ros/jazzy/share/rosidl_default_generators/cmake)
[0.704s] -- Using all available rosidl_typesupport_c: rosidl_typesupport_fastrtps_c;rosidl_typesupport_introspection_c
[0.735s] -- Using all available rosidl_typesupport_cpp: rosidl_typesupport_fastrtps_cpp;rosidl_typesupport_introspection_cpp
[0.758s] -- Found rosidl_adapter: 4.6.9 (/opt/ros/jazzy/share/rosidl_adapter/cmake)
[0.760s] -- Found std_msgs: 5.3.8 (/opt/ros/jazzy/share/std_msgs/cmake)
[1.301s] -- Found ament_cmake_ros: 0.12.1 (/opt/ros/jazzy/share/ament_cmake_ros/cmake)
[1.912s] -- Using all available rosidl_typesupport_c: rosidl_typesupport_fastrtps_c;rosidl_typesupport_introspection_c
[2.625s] -- Using all available rosidl_typesupport_cpp: rosidl_typesupport_fastrtps_cpp;rosidl_typesupport_introspection_cpp
[2.627s] -- Found python_cmake_module: 0.11.1 (/opt/ros/jazzy/share/python_cmake_module/cmake)
[2.755s] -- Found PythonExtra: /usr/bin/python3  
[3.246s] -- Found Python3: /usr/bin/python3 (found version "3.12.3") found components: Interpreter Development NumPy Development.Module Development.Embed 
[3.315s] -- Found Python3: /usr/bin/python3 (found version "3.12.3") found components: Interpreter 
[3.330s] -- Configuring done (3.2s)
[3.380s] -- Generating done (0.0s)
[3.394s] -- Build files have been written to: /ros2_ws/build/hri_interfaces
[3.401s] Invoked command in '/ros2_ws/build/hri_interfaces' returned '0': CMAKE_PREFIX_PATH=${CMAKE_PREFIX_PATH}:/opt/ros/jazzy /usr/bin/cmake /ros2_ws/src/hri_interfaces -DAMENT_CMAKE_SYMLINK_INSTALL=1 -DCMAKE_INSTALL_PREFIX=/ros2_ws/install/hri_interfaces
[3.401s] Invoking command in '/ros2_ws/build/hri_interfaces': CMAKE_PREFIX_PATH=${CMAKE_PREFIX_PATH}:/opt/ros/jazzy /usr/bin/cmake --build /ros2_ws/build/hri_interfaces -- -j20 -l20
[3.459s] [  1%] Generating type hashes for ROS interfaces
[3.462s] [  3%] Generating Rust code for ROS interfaces
[3.471s] [  3%] Built target ament_cmake_python_symlink_hri_interfaces
[3.615s] running egg_info
[3.616s] creating hri_interfaces.egg-info
[3.624s] writing hri_interfaces.egg-info/PKG-INFO
[3.624s] writing dependency_links to hri_interfaces.egg-info/dependency_links.txt
[3.624s] writing top-level names to hri_interfaces.egg-info/top_level.txt
[3.624s] writing manifest file 'hri_interfaces.egg-info/SOURCES.txt'
[3.650s] [  3%] Built target hri_interfaces__rosidl_generator_type_description
[3.651s] reading manifest file 'hri_interfaces.egg-info/SOURCES.txt'
[3.651s] writing manifest file 'hri_interfaces.egg-info/SOURCES.txt'
[3.658s] [  4%] Generating C code for ROS interfaces
[3.661s] [  4%] Built target hri_interfaces__rs
[3.664s] [  6%] Generating C++ code for ROS interfaces
[3.669s] [  6%] Built target ament_cmake_python_build_hri_interfaces_egg
[3.865s] [  6%] Built target hri_interfaces__cpp
[3.897s] [  7%] Building C object CMakeFiles/hri_interfaces__rosidl_generator_c.dir/rosidl_generator_c/hri_interfaces/msg/detail/tracked_face__description.c.o
[3.897s] [  9%] Building C object CMakeFiles/hri_interfaces__rosidl_generator_c.dir/rosidl_generator_c/hri_interfaces/msg/detail/tracked_face_array__description.c.o
[3.898s] [ 10%] Building C object CMakeFiles/hri_interfaces__rosidl_generator_c.dir/rosidl_generator_c/hri_interfaces/msg/detail/tracked_face_array__functions.c.o
[3.900s] [ 13%] Building C object CMakeFiles/hri_interfaces__rosidl_generator_c.dir/rosidl_generator_c/hri_interfaces/msg/detail/identified_face__functions.c.o
[3.900s] [ 12%] Building C object CMakeFiles/hri_interfaces__rosidl_generator_c.dir/rosidl_generator_c/hri_interfaces/msg/detail/identified_face__type_support.c.o
[3.900s] [ 15%] Building C object CMakeFiles/hri_interfaces__rosidl_generator_c.dir/rosidl_generator_c/hri_interfaces/msg/detail/identified_face_array__description.c.o
[3.901s] [ 16%] Building C object CMakeFiles/hri_interfaces__rosidl_generator_c.dir/rosidl_generator_c/hri_interfaces/msg/detail/tracked_face__functions.c.o
[3.902s] [ 18%] Building C object CMakeFiles/hri_interfaces__rosidl_generator_c.dir/rosidl_generator_c/hri_interfaces/msg/detail/tracked_face__type_support.c.o
[3.904s] [ 21%] Building C object CMakeFiles/hri_interfaces__rosidl_generator_c.dir/rosidl_generator_c/hri_interfaces/msg/detail/identified_face__description.c.o
[3.904s] [ 21%] Building C object CMakeFiles/hri_interfaces__rosidl_generator_c.dir/rosidl_generator_c/hri_interfaces/msg/detail/tracked_face_array__type_support.c.o
[3.906s] [ 23%] Building C object CMakeFiles/hri_interfaces__rosidl_generator_c.dir/rosidl_generator_c/hri_interfaces/msg/detail/identified_face_array__functions.c.o
[3.906s] [ 24%] Building C object CMakeFiles/hri_interfaces__rosidl_generator_c.dir/rosidl_generator_c/hri_interfaces/msg/detail/identified_face_array__type_support.c.o
[3.970s] [ 26%] Linking C shared library libhri_interfaces__rosidl_generator_c.so
[4.021s] [ 26%] Built target hri_interfaces__rosidl_generator_c
[4.034s] [ 27%] Generating C type support for eProsima Fast-RTPS
[4.034s] [ 29%] Generating C++ type support dispatch for ROS interfaces
[4.037s] [ 30%] Generating C++ introspection for ROS interfaces
[4.038s] [ 33%] Generating C introspection for ROS interfaces
[4.038s] [ 33%] Generating C type support dispatch for ROS interfaces
[4.038s] [ 35%] Generating C++ type support for eProsima Fast-RTPS
[4.256s] [ 36%] Building CXX object CMakeFiles/hri_interfaces__rosidl_typesupport_c.dir/rosidl_typesupport_c/hri_interfaces/msg/identified_face_array__type_support.cpp.o
[4.258s] [ 38%] Building CXX object CMakeFiles/hri_interfaces__rosidl_typesupport_c.dir/rosidl_typesupport_c/hri_interfaces/msg/tracked_face__type_support.cpp.o
[4.258s] [ 40%] Building CXX object CMakeFiles/hri_interfaces__rosidl_typesupport_c.dir/rosidl_typesupport_c/hri_interfaces/msg/tracked_face_array__type_support.cpp.o
[4.258s] [ 41%] Building CXX object CMakeFiles/hri_interfaces__rosidl_typesupport_c.dir/rosidl_typesupport_c/hri_interfaces/msg/identified_face__type_support.cpp.o
[4.261s] [ 43%] Building CXX object CMakeFiles/hri_interfaces__rosidl_typesupport_cpp.dir/rosidl_typesupport_cpp/hri_interfaces/msg/identified_face_array__type_support.cpp.o
[4.262s] [ 46%] Building CXX object CMakeFiles/hri_interfaces__rosidl_typesupport_cpp.dir/rosidl_typesupport_cpp/hri_interfaces/msg/tracked_face_array__type_support.cpp.o
[4.262s] [ 46%] Building CXX object CMakeFiles/hri_interfaces__rosidl_typesupport_cpp.dir/rosidl_typesupport_cpp/hri_interfaces/msg/identified_face__type_support.cpp.o
[4.262s] [ 47%] Building CXX object CMakeFiles/hri_interfaces__rosidl_typesupport_cpp.dir/rosidl_typesupport_cpp/hri_interfaces/msg/tracked_face__type_support.cpp.o
[4.272s] [ 49%] Building CXX object CMakeFiles/hri_interfaces__rosidl_typesupport_introspection_cpp.dir/rosidl_typesupport_introspection_cpp/hri_interfaces/msg/detail/tracked_face__type_support.cpp.o
[4.274s] [ 50%] Building CXX object CMakeFiles/hri_interfaces__rosidl_typesupport_introspection_cpp.dir/rosidl_typesupport_introspection_cpp/hri_interfaces/msg/detail/tracked_face_array__type_support.cpp.o
[4.275s] [ 52%] Building CXX object CMakeFiles/hri_interfaces__rosidl_typesupport_introspection_cpp.dir/rosidl_typesupport_introspection_cpp/hri_interfaces/msg/detail/identified_face_array__type_support.cpp.o
[4.275s] [ 53%] Building CXX object CMakeFiles/hri_interfaces__rosidl_typesupport_introspection_cpp.dir/rosidl_typesupport_introspection_cpp/hri_interfaces/msg/detail/identified_face__type_support.cpp.o
[4.284s] [ 55%] Building C object CMakeFiles/hri_interfaces__rosidl_typesupport_introspection_c.dir/rosidl_typesupport_introspection_c/hri_interfaces/msg/detail/tracked_face__type_support.c.o
[4.285s] [ 56%] Building C object CMakeFiles/hri_interfaces__rosidl_typesupport_introspection_c.dir/rosidl_typesupport_introspection_c/hri_interfaces/msg/detail/identified_face__type_support.c.o
[4.285s] [ 58%] Building C object CMakeFiles/hri_interfaces__rosidl_typesupport_introspection_c.dir/rosidl_typesupport_introspection_c/hri_interfaces/msg/detail/identified_face_array__type_support.c.o
[4.286s] [ 60%] Building C object CMakeFiles/hri_interfaces__rosidl_typesupport_introspection_c.dir/rosidl_typesupport_introspection_c/hri_interfaces/msg/detail/tracked_face_array__type_support.c.o
[4.309s] [ 61%] Linking CXX shared library libhri_interfaces__rosidl_typesupport_c.so
[4.330s] [ 63%] Linking C shared library libhri_interfaces__rosidl_typesupport_introspection_c.so
[4.337s] [ 64%] Building CXX object CMakeFiles/hri_interfaces__rosidl_typesupport_fastrtps_c.dir/rosidl_typesupport_fastrtps_c/hri_interfaces/msg/detail/tracked_face_array__type_support_c.cpp.o
[4.337s] [ 67%] Building CXX object CMakeFiles/hri_interfaces__rosidl_typesupport_fastrtps_c.dir/rosidl_typesupport_fastrtps_c/hri_interfaces/msg/detail/identified_face_array__type_support_c.cpp.o
[4.337s] [ 66%] Building CXX object CMakeFiles/hri_interfaces__rosidl_typesupport_fastrtps_c.dir/rosidl_typesupport_fastrtps_c/hri_interfaces/msg/detail/identified_face__type_support_c.cpp.o
[4.338s] [ 69%] Building CXX object CMakeFiles/hri_interfaces__rosidl_typesupport_fastrtps_c.dir/rosidl_typesupport_fastrtps_c/hri_interfaces/msg/detail/tracked_face__type_support_c.cpp.o
[4.343s] [ 72%] Building CXX object CMakeFiles/hri_interfaces__rosidl_typesupport_fastrtps_cpp.dir/rosidl_typesupport_fastrtps_cpp/hri_interfaces/msg/detail/dds_fastrtps/tracked_face__type_support.cpp.o
[4.343s] [ 72%] Building CXX object CMakeFiles/hri_interfaces__rosidl_typesupport_fastrtps_cpp.dir/rosidl_typesupport_fastrtps_cpp/hri_interfaces/msg/detail/dds_fastrtps/tracked_face_array__type_support.cpp.o
[4.343s] [ 73%] Building CXX object CMakeFiles/hri_interfaces__rosidl_typesupport_fastrtps_cpp.dir/rosidl_typesupport_fastrtps_cpp/hri_interfaces/msg/detail/dds_fastrtps/identified_face__type_support.cpp.o
[4.343s] [ 75%] Building CXX object CMakeFiles/hri_interfaces__rosidl_typesupport_fastrtps_cpp.dir/rosidl_typesupport_fastrtps_cpp/hri_interfaces/msg/detail/dds_fastrtps/identified_face_array__type_support.cpp.o
[4.352s] [ 75%] Built target hri_interfaces__rosidl_typesupport_c
[4.361s] [ 75%] Built target hri_interfaces__rosidl_typesupport_introspection_c
[4.670s] [ 76%] Linking CXX shared library libhri_interfaces__rosidl_typesupport_cpp.so
[4.715s] [ 76%] Built target hri_interfaces__rosidl_typesupport_cpp
[4.731s] [ 78%] Linking CXX shared library libhri_interfaces__rosidl_typesupport_introspection_cpp.so
[4.787s] [ 78%] Built target hri_interfaces__rosidl_typesupport_introspection_cpp
[4.819s] [ 80%] Linking CXX shared library libhri_interfaces__rosidl_typesupport_fastrtps_c.so
[4.832s] [ 81%] Linking CXX shared library libhri_interfaces__rosidl_typesupport_fastrtps_cpp.so
[4.899s] [ 81%] Built target hri_interfaces__rosidl_typesupport_fastrtps_c
[4.913s] [ 81%] Built target hri_interfaces__rosidl_typesupport_fastrtps_cpp
[4.938s] [ 81%] Built target hri_interfaces
[4.961s] [ 83%] Generating Python code for ROS interfaces
[5.338s] [ 83%] Built target hri_interfaces__py
[5.357s] [ 84%] Building C object CMakeFiles/hri_interfaces__rosidl_generator_py.dir/rosidl_generator_py/hri_interfaces/msg/_tracked_face_s.c.o
[5.358s] [ 87%] Building C object CMakeFiles/hri_interfaces__rosidl_generator_py.dir/rosidl_generator_py/hri_interfaces/msg/_identified_face_s.c.o
[5.358s] [ 87%] Building C object CMakeFiles/hri_interfaces__rosidl_generator_py.dir/rosidl_generator_py/hri_interfaces/msg/_identified_face_array_s.c.o
[5.361s] [ 89%] Building C object CMakeFiles/hri_interfaces__rosidl_generator_py.dir/rosidl_generator_py/hri_interfaces/msg/_tracked_face_array_s.c.o
[5.503s] [ 90%] Linking C shared library libhri_interfaces__rosidl_generator_py.so
[5.561s] [ 90%] Built target hri_interfaces__rosidl_generator_py
[5.580s] [ 92%] Building C object CMakeFiles/hri_interfaces_s__rosidl_typesupport_c.dir/rosidl_generator_py/hri_interfaces/_hri_interfaces_s.ep.rosidl_typesupport_c.c.o
[5.581s] [ 93%] Building C object CMakeFiles/hri_interfaces_s__rosidl_typesupport_fastrtps_c.dir/rosidl_generator_py/hri_interfaces/_hri_interfaces_s.ep.rosidl_typesupport_fastrtps_c.c.o
[5.583s] [ 95%] Building C object CMakeFiles/hri_interfaces_s__rosidl_typesupport_introspection_c.dir/rosidl_generator_py/hri_interfaces/_hri_interfaces_s.ep.rosidl_typesupport_introspection_c.c.o
[5.674s] [ 96%] Linking C shared module rosidl_generator_py/hri_interfaces/hri_interfaces_s__rosidl_typesupport_c.so
[5.675s] [ 98%] Linking C shared module rosidl_generator_py/hri_interfaces/hri_interfaces_s__rosidl_typesupport_fastrtps_c.so
[5.676s] [100%] Linking C shared module rosidl_generator_py/hri_interfaces/hri_interfaces_s__rosidl_typesupport_introspection_c.so
[5.703s] [100%] Built target hri_interfaces_s__rosidl_typesupport_fastrtps_c
[5.703s] [100%] Built target hri_interfaces_s__rosidl_typesupport_c
[5.716s] [100%] Built target hri_interfaces_s__rosidl_typesupport_introspection_c
[5.733s] Invoked command in '/ros2_ws/build/hri_interfaces' returned '0': CMAKE_PREFIX_PATH=${CMAKE_PREFIX_PATH}:/opt/ros/jazzy /usr/bin/cmake --build /ros2_ws/build/hri_interfaces -- -j20 -l20
[5.747s] Invoking command in '/ros2_ws/build/hri_interfaces': CMAKE_PREFIX_PATH=${CMAKE_PREFIX_PATH}:/opt/ros/jazzy /usr/bin/cmake --install /ros2_ws/build/hri_interfaces
[5.758s] -- Install configuration: ""
[5.760s] -- Execute custom install script
[5.760s] -- Symlinking: /ros2_ws/install/hri_interfaces/share/ament_index/resource_index/rosidl_interfaces/hri_interfaces
[5.770s] -- Symlinking: /ros2_ws/install/hri_interfaces/share/hri_interfaces/msg/TrackedFace.json
[5.781s] -- Symlinking: /ros2_ws/install/hri_interfaces/share/hri_interfaces/msg/TrackedFaceArray.json
[5.790s] -- Symlinking: /ros2_ws/install/hri_interfaces/share/hri_interfaces/msg/IdentifiedFace.json
[5.799s] -- Symlinking: /ros2_ws/install/hri_interfaces/share/hri_interfaces/msg/IdentifiedFaceArray.json
[5.810s] -- Symlinking: /ros2_ws/install/hri_interfaces/include/hri_interfaces/hri_interfaces/msg/detail/identified_face__functions.h
[5.821s] -- Symlinking: /ros2_ws/install/hri_interfaces/include/hri_interfaces/hri_interfaces/msg/detail/identified_face__struct.h
[5.834s] -- Symlinking: /ros2_ws/install/hri_interfaces/include/hri_interfaces/hri_interfaces/msg/detail/identified_face__type_support.h
[5.847s] -- Symlinking: /ros2_ws/install/hri_interfaces/include/hri_interfaces/hri_interfaces/msg/detail/identified_face_array__functions.h
[5.859s] -- Symlinking: /ros2_ws/install/hri_interfaces/include/hri_interfaces/hri_interfaces/msg/detail/identified_face_array__struct.h
[5.871s] -- Symlinking: /ros2_ws/install/hri_interfaces/include/hri_interfaces/hri_interfaces/msg/detail/identified_face_array__type_support.h
[5.883s] -- Symlinking: /ros2_ws/install/hri_interfaces/include/hri_interfaces/hri_interfaces/msg/detail/tracked_face__functions.h
[5.895s] -- Symlinking: /ros2_ws/install/hri_interfaces/include/hri_interfaces/hri_interfaces/msg/detail/tracked_face__struct.h
[5.910s] -- Symlinking: /ros2_ws/install/hri_interfaces/include/hri_interfaces/hri_interfaces/msg/detail/tracked_face__type_support.h
[5.923s] -- Symlinking: /ros2_ws/install/hri_interfaces/include/hri_interfaces/hri_interfaces/msg/detail/tracked_face_array__functions.h
[5.937s] -- Symlinking: /ros2_ws/install/hri_interfaces/include/hri_interfaces/hri_interfaces/msg/detail/tracked_face_array__struct.h
[5.953s] -- Symlinking: /ros2_ws/install/hri_interfaces/include/hri_interfaces/hri_interfaces/msg/detail/tracked_face_array__type_support.h
[5.966s] -- Symlinking: /ros2_ws/install/hri_interfaces/include/hri_interfaces/hri_interfaces/msg/identified_face.h
[5.976s] -- Symlinking: /ros2_ws/install/hri_interfaces/include/hri_interfaces/hri_interfaces/msg/identified_face_array.h
[5.987s] -- Symlinking: /ros2_ws/install/hri_interfaces/include/hri_interfaces/hri_interfaces/msg/rosidl_generator_c__visibility_control.h
[5.999s] -- Symlinking: /ros2_ws/install/hri_interfaces/include/hri_interfaces/hri_interfaces/msg/tracked_face.h
[6.010s] -- Symlinking: /ros2_ws/install/hri_interfaces/include/hri_interfaces/hri_interfaces/msg/tracked_face_array.h
[6.020s] -- Symlinking: /ros2_ws/install/hri_interfaces/share/hri_interfaces/environment/library_path.sh
[6.031s] -- Symlinking: /ros2_ws/install/hri_interfaces/share/hri_interfaces/environment/library_path.dsv
[6.047s] -- Symlinking: /ros2_ws/install/hri_interfaces/include/hri_interfaces/hri_interfaces/msg/detail/identified_face__rosidl_typesupport_fastrtps_c.h
[6.058s] -- Symlinking: /ros2_ws/install/hri_interfaces/include/hri_interfaces/hri_interfaces/msg/detail/identified_face_array__rosidl_typesupport_fastrtps_c.h
[6.073s] -- Symlinking: /ros2_ws/install/hri_interfaces/include/hri_interfaces/hri_interfaces/msg/detail/tracked_face__rosidl_typesupport_fastrtps_c.h
[6.084s] -- Symlinking: /ros2_ws/install/hri_interfaces/include/hri_interfaces/hri_interfaces/msg/detail/tracked_face_array__rosidl_typesupport_fastrtps_c.h
[6.095s] -- Symlinking: /ros2_ws/install/hri_interfaces/include/hri_interfaces/hri_interfaces/msg/rosidl_typesupport_fastrtps_c__visibility_control.h
[6.106s] -- Symlinking: /ros2_ws/install/hri_interfaces/include/hri_interfaces/hri_interfaces/msg/detail/identified_face__rosidl_typesupport_introspection_c.h
[6.116s] -- Symlinking: /ros2_ws/install/hri_interfaces/include/hri_interfaces/hri_interfaces/msg/detail/identified_face_array__rosidl_typesupport_introspection_c.h
[6.126s] -- Symlinking: /ros2_ws/install/hri_interfaces/include/hri_interfaces/hri_interfaces/msg/detail/tracked_face__rosidl_typesupport_introspection_c.h
[6.138s] -- Symlinking: /ros2_ws/install/hri_interfaces/include/hri_interfaces/hri_interfaces/msg/detail/tracked_face_array__rosidl_typesupport_introspection_c.h
[6.148s] -- Symlinking: /ros2_ws/install/hri_interfaces/include/hri_interfaces/hri_interfaces/msg/rosidl_typesupport_introspection_c__visibility_control.h
[6.157s] -- Symlinking: /ros2_ws/install/hri_interfaces/include/hri_interfaces/hri_interfaces/msg/detail/identified_face__builder.hpp
[6.166s] -- Symlinking: /ros2_ws/install/hri_interfaces/include/hri_interfaces/hri_interfaces/msg/detail/identified_face__struct.hpp
[6.175s] -- Symlinking: /ros2_ws/install/hri_interfaces/include/hri_interfaces/hri_interfaces/msg/detail/identified_face__traits.hpp
[6.184s] -- Symlinking: /ros2_ws/install/hri_interfaces/include/hri_interfaces/hri_interfaces/msg/detail/identified_face__type_support.hpp
[6.193s] -- Symlinking: /ros2_ws/install/hri_interfaces/include/hri_interfaces/hri_interfaces/msg/detail/identified_face_array__builder.hpp
[6.205s] -- Symlinking: /ros2_ws/install/hri_interfaces/include/hri_interfaces/hri_interfaces/msg/detail/identified_face_array__struct.hpp
[6.215s] -- Symlinking: /ros2_ws/install/hri_interfaces/include/hri_interfaces/hri_interfaces/msg/detail/identified_face_array__traits.hpp
[6.226s] -- Symlinking: /ros2_ws/install/hri_interfaces/include/hri_interfaces/hri_interfaces/msg/detail/identified_face_array__type_support.hpp
[6.239s] -- Symlinking: /ros2_ws/install/hri_interfaces/include/hri_interfaces/hri_interfaces/msg/detail/tracked_face__builder.hpp
[6.255s] -- Symlinking: /ros2_ws/install/hri_interfaces/include/hri_interfaces/hri_interfaces/msg/detail/tracked_face__struct.hpp
[6.268s] -- Symlinking: /ros2_ws/install/hri_interfaces/include/hri_interfaces/hri_interfaces/msg/detail/tracked_face__traits.hpp
[6.281s] -- Symlinking: /ros2_ws/install/hri_interfaces/include/hri_interfaces/hri_interfaces/msg/detail/tracked_face__type_support.hpp
[6.293s] -- Symlinking: /ros2_ws/install/hri_interfaces/include/hri_interfaces/hri_interfaces/msg/detail/tracked_face_array__builder.hpp
[6.306s] -- Symlinking: /ros2_ws/install/hri_interfaces/include/hri_interfaces/hri_interfaces/msg/detail/tracked_face_array__struct.hpp
[6.318s] -- Symlinking: /ros2_ws/install/hri_interfaces/include/hri_interfaces/hri_interfaces/msg/detail/tracked_face_array__traits.hpp
[6.330s] -- Symlinking: /ros2_ws/install/hri_interfaces/include/hri_interfaces/hri_interfaces/msg/detail/tracked_face_array__type_support.hpp
[6.343s] -- Symlinking: /ros2_ws/install/hri_interfaces/include/hri_interfaces/hri_interfaces/msg/identified_face.hpp
[6.355s] -- Symlinking: /ros2_ws/install/hri_interfaces/include/hri_interfaces/hri_interfaces/msg/identified_face_array.hpp
[6.368s] -- Symlinking: /ros2_ws/install/hri_interfaces/include/hri_interfaces/hri_interfaces/msg/rosidl_generator_cpp__visibility_control.hpp
[6.380s] -- Symlinking: /ros2_ws/install/hri_interfaces/include/hri_interfaces/hri_interfaces/msg/tracked_face.hpp
[6.392s] -- Symlinking: /ros2_ws/install/hri_interfaces/include/hri_interfaces/hri_interfaces/msg/tracked_face_array.hpp
[6.405s] -- Symlinking: /ros2_ws/install/hri_interfaces/include/hri_interfaces/hri_interfaces/msg/detail/identified_face__rosidl_typesupport_fastrtps_cpp.hpp
[6.417s] -- Symlinking: /ros2_ws/install/hri_interfaces/include/hri_interfaces/hri_interfaces/msg/detail/identified_face_array__rosidl_typesupport_fastrtps_cpp.hpp
[6.430s] -- Symlinking: /ros2_ws/install/hri_interfaces/include/hri_interfaces/hri_interfaces/msg/detail/tracked_face__rosidl_typesupport_fastrtps_cpp.hpp
[6.440s] -- Symlinking: /ros2_ws/install/hri_interfaces/include/hri_interfaces/hri_interfaces/msg/detail/tracked_face_array__rosidl_typesupport_fastrtps_cpp.hpp
[6.449s] -- Symlinking: /ros2_ws/install/hri_interfaces/include/hri_interfaces/hri_interfaces/msg/rosidl_typesupport_fastrtps_cpp__visibility_control.h
[6.458s] -- Symlinking: /ros2_ws/install/hri_interfaces/include/hri_interfaces/hri_interfaces/msg/detail/identified_face__rosidl_typesupport_introspection_cpp.hpp
[6.468s] -- Symlinking: /ros2_ws/install/hri_interfaces/include/hri_interfaces/hri_interfaces/msg/detail/identified_face_array__rosidl_typesupport_introspection_cpp.hpp
[6.477s] -- Symlinking: /ros2_ws/install/hri_interfaces/include/hri_interfaces/hri_interfaces/msg/detail/tracked_face__rosidl_typesupport_introspection_cpp.hpp
[6.488s] -- Symlinking: /ros2_ws/install/hri_interfaces/include/hri_interfaces/hri_interfaces/msg/detail/tracked_face_array__rosidl_typesupport_introspection_cpp.hpp
[6.502s] -- Symlinking: /ros2_ws/install/hri_interfaces/share/hri_interfaces/environment/pythonpath.sh
[6.516s] -- Symlinking: /ros2_ws/install/hri_interfaces/share/hri_interfaces/environment/pythonpath.dsv
[6.531s] -- Symlinking: /ros2_ws/install/hri_interfaces/lib/python3.12/site-packages/hri_interfaces-0.0.1-py3.12.egg-info/PKG-INFO
[6.545s] -- Symlinking: /ros2_ws/install/hri_interfaces/lib/python3.12/site-packages/hri_interfaces-0.0.1-py3.12.egg-info/SOURCES.txt
[6.559s] -- Symlinking: /ros2_ws/install/hri_interfaces/lib/python3.12/site-packages/hri_interfaces-0.0.1-py3.12.egg-info/dependency_links.txt
[6.571s] -- Symlinking: /ros2_ws/install/hri_interfaces/lib/python3.12/site-packages/hri_interfaces-0.0.1-py3.12.egg-info/top_level.txt
[6.587s] -- Symlinking: /ros2_ws/install/hri_interfaces/lib/python3.12/site-packages/hri_interfaces/__init__.py
[6.600s] -- Symlinking: /ros2_ws/install/hri_interfaces/lib/python3.12/site-packages/hri_interfaces/_hri_interfaces_s.ep.rosidl_typesupport_c.c
[6.615s] -- Symlinking: /ros2_ws/install/hri_interfaces/lib/python3.12/site-packages/hri_interfaces/_hri_interfaces_s.ep.rosidl_typesupport_fastrtps_c.c
[6.627s] -- Symlinking: /ros2_ws/install/hri_interfaces/lib/python3.12/site-packages/hri_interfaces/_hri_interfaces_s.ep.rosidl_typesupport_introspection_c.c
[6.639s] -- Symlinking: /ros2_ws/install/hri_interfaces/lib/python3.12/site-packages/hri_interfaces/hri_interfaces_s__rosidl_typesupport_c.so
[6.653s] -- Symlinking: /ros2_ws/install/hri_interfaces/lib/python3.12/site-packages/hri_interfaces/hri_interfaces_s__rosidl_typesupport_fastrtps_c.so
[6.663s] -- Symlinking: /ros2_ws/install/hri_interfaces/lib/python3.12/site-packages/hri_interfaces/hri_interfaces_s__rosidl_typesupport_introspection_c.so
[6.673s] -- Symlinking: /ros2_ws/install/hri_interfaces/lib/python3.12/site-packages/hri_interfaces/msg/__init__.py
[6.683s] -- Symlinking: /ros2_ws/install/hri_interfaces/lib/python3.12/site-packages/hri_interfaces/msg/_identified_face.py
[6.694s] -- Symlinking: /ros2_ws/install/hri_interfaces/lib/python3.12/site-packages/hri_interfaces/msg/_identified_face_array.py
[6.703s] -- Symlinking: /ros2_ws/install/hri_interfaces/lib/python3.12/site-packages/hri_interfaces/msg/_identified_face_array_s.c
[6.712s] -- Symlinking: /ros2_ws/install/hri_interfaces/lib/python3.12/site-packages/hri_interfaces/msg/_identified_face_s.c
[6.721s] -- Symlinking: /ros2_ws/install/hri_interfaces/lib/python3.12/site-packages/hri_interfaces/msg/_tracked_face.py
[6.731s] -- Symlinking: /ros2_ws/install/hri_interfaces/lib/python3.12/site-packages/hri_interfaces/msg/_tracked_face_array.py
[6.740s] -- Symlinking: /ros2_ws/install/hri_interfaces/lib/python3.12/site-packages/hri_interfaces/msg/_tracked_face_array_s.c
[6.751s] -- Symlinking: /ros2_ws/install/hri_interfaces/lib/python3.12/site-packages/hri_interfaces/msg/_tracked_face_s.c
[6.762s] -- Up-to-date symlink: /ros2_ws/install/hri_interfaces/lib/python3.12/site-packages/hri_interfaces/hri_interfaces_s__rosidl_typesupport_fastrtps_c.so
[6.763s] -- Up-to-date symlink: /ros2_ws/install/hri_interfaces/lib/python3.12/site-packages/hri_interfaces/hri_interfaces_s__rosidl_typesupport_introspection_c.so
[6.763s] -- Up-to-date symlink: /ros2_ws/install/hri_interfaces/lib/python3.12/site-packages/hri_interfaces/hri_interfaces_s__rosidl_typesupport_c.so
[6.763s] -- Symlinking: /ros2_ws/install/hri_interfaces/share/ament_index/resource_index/rust_packages/hri_interfaces
[6.774s] -- Symlinking: /ros2_ws/install/hri_interfaces/share/hri_interfaces/rust/Cargo.toml
[6.783s] -- Symlinking: /ros2_ws/install/hri_interfaces/share/hri_interfaces/rust/build.rs
[6.792s] -- Symlinking: /ros2_ws/install/hri_interfaces/share/hri_interfaces/rust/src/lib.rs
[6.802s] -- Symlinking: /ros2_ws/install/hri_interfaces/share/hri_interfaces/rust/src/msg.rs
[6.811s] -- Symlinking: /ros2_ws/install/hri_interfaces/share/hri_interfaces/rust/src/msg/rmw.rs
[6.821s] -- Symlinking: /ros2_ws/install/hri_interfaces/share/hri_interfaces/msg/TrackedFace.idl
[6.830s] -- Symlinking: /ros2_ws/install/hri_interfaces/share/hri_interfaces/msg/TrackedFaceArray.idl
[6.840s] -- Symlinking: /ros2_ws/install/hri_interfaces/share/hri_interfaces/msg/IdentifiedFace.idl
[6.849s] -- Symlinking: /ros2_ws/install/hri_interfaces/share/hri_interfaces/msg/IdentifiedFaceArray.idl
[6.859s] -- Symlinking: /ros2_ws/install/hri_interfaces/share/hri_interfaces/msg/TrackedFace.msg
[6.869s] -- Symlinking: /ros2_ws/install/hri_interfaces/share/hri_interfaces/msg/TrackedFaceArray.msg
[6.879s] -- Symlinking: /ros2_ws/install/hri_interfaces/share/hri_interfaces/msg/IdentifiedFace.msg
[6.887s] -- Symlinking: /ros2_ws/install/hri_interfaces/share/hri_interfaces/msg/IdentifiedFaceArray.msg
[6.896s] -- Symlinking: /ros2_ws/install/hri_interfaces/share/ament_index/resource_index/package_run_dependencies/hri_interfaces
[6.904s] -- Symlinking: /ros2_ws/install/hri_interfaces/share/ament_index/resource_index/parent_prefix_path/hri_interfaces
[6.914s] -- Symlinking: /ros2_ws/install/hri_interfaces/share/hri_interfaces/environment/ament_prefix_path.sh
[6.923s] -- Symlinking: /ros2_ws/install/hri_interfaces/share/hri_interfaces/environment/ament_prefix_path.dsv
[6.932s] -- Symlinking: /ros2_ws/install/hri_interfaces/share/hri_interfaces/environment/path.sh
[6.941s] -- Symlinking: /ros2_ws/install/hri_interfaces/share/hri_interfaces/environment/path.dsv
[6.950s] -- Symlinking: /ros2_ws/install/hri_interfaces/share/hri_interfaces/local_setup.bash
[6.960s] -- Symlinking: /ros2_ws/install/hri_interfaces/share/hri_interfaces/local_setup.sh
[6.970s] -- Symlinking: /ros2_ws/install/hri_interfaces/share/hri_interfaces/local_setup.zsh
[6.982s] -- Symlinking: /ros2_ws/install/hri_interfaces/share/hri_interfaces/local_setup.dsv
[6.999s] -- Symlinking: /ros2_ws/install/hri_interfaces/share/hri_interfaces/package.dsv
[7.016s] -- Symlinking: /ros2_ws/install/hri_interfaces/share/ament_index/resource_index/packages/hri_interfaces
[7.029s] -- Symlinking: /ros2_ws/install/hri_interfaces/share/hri_interfaces/cmake/rosidl_cmake-extras.cmake
[7.041s] -- Symlinking: /ros2_ws/install/hri_interfaces/share/hri_interfaces/cmake/ament_cmake_export_dependencies-extras.cmake
[7.053s] -- Symlinking: /ros2_ws/install/hri_interfaces/share/hri_interfaces/cmake/ament_cmake_export_include_directories-extras.cmake
[7.065s] -- Symlinking: /ros2_ws/install/hri_interfaces/share/hri_interfaces/cmake/ament_cmake_export_libraries-extras.cmake
[7.080s] -- Symlinking: /ros2_ws/install/hri_interfaces/share/hri_interfaces/cmake/ament_cmake_export_targets-extras.cmake
[7.093s] -- Symlinking: /ros2_ws/install/hri_interfaces/share/hri_interfaces/cmake/rosidl_cmake_export_typesupport_targets-extras.cmake
[7.109s] -- Symlinking: /ros2_ws/install/hri_interfaces/share/hri_interfaces/cmake/rosidl_cmake_export_typesupport_libraries-extras.cmake
[7.124s] -- Symlinking: /ros2_ws/install/hri_interfaces/share/hri_interfaces/cmake/rosidl_cmake_aggregate_target-extras.cmake
[7.141s] -- Symlinking: /ros2_ws/install/hri_interfaces/share/hri_interfaces/cmake/hri_interfacesConfig.cmake
[7.160s] -- Symlinking: /ros2_ws/install/hri_interfaces/share/hri_interfaces/cmake/hri_interfacesConfig-version.cmake
[7.174s] -- Symlinking: /ros2_ws/install/hri_interfaces/share/hri_interfaces/package.xml
[7.193s] -- Installing: /ros2_ws/install/hri_interfaces/lib/libhri_interfaces__rosidl_generator_c.so
[7.195s] -- Set non-toolchain portion of runtime path of "/ros2_ws/install/hri_interfaces/lib/libhri_interfaces__rosidl_generator_c.so" to ""
[7.195s] -- Installing: /ros2_ws/install/hri_interfaces/lib/libhri_interfaces__rosidl_typesupport_fastrtps_c.so
[7.198s] -- Set non-toolchain portion of runtime path of "/ros2_ws/install/hri_interfaces/lib/libhri_interfaces__rosidl_typesupport_fastrtps_c.so" to ""
[7.198s] -- Installing: /ros2_ws/install/hri_interfaces/lib/libhri_interfaces__rosidl_typesupport_introspection_c.so
[7.200s] -- Set non-toolchain portion of runtime path of "/ros2_ws/install/hri_interfaces/lib/libhri_interfaces__rosidl_typesupport_introspection_c.so" to ""
[7.200s] -- Installing: /ros2_ws/install/hri_interfaces/lib/libhri_interfaces__rosidl_typesupport_c.so
[7.202s] -- Set non-toolchain portion of runtime path of "/ros2_ws/install/hri_interfaces/lib/libhri_interfaces__rosidl_typesupport_c.so" to ""
[7.202s] -- Installing: /ros2_ws/install/hri_interfaces/lib/libhri_interfaces__rosidl_typesupport_fastrtps_cpp.so
[7.204s] -- Set non-toolchain portion of runtime path of "/ros2_ws/install/hri_interfaces/lib/libhri_interfaces__rosidl_typesupport_fastrtps_cpp.so" to ""
[7.205s] -- Installing: /ros2_ws/install/hri_interfaces/lib/libhri_interfaces__rosidl_typesupport_introspection_cpp.so
[7.207s] -- Set non-toolchain portion of runtime path of "/ros2_ws/install/hri_interfaces/lib/libhri_interfaces__rosidl_typesupport_introspection_cpp.so" to ""
[7.207s] -- Installing: /ros2_ws/install/hri_interfaces/lib/libhri_interfaces__rosidl_typesupport_cpp.so
[7.209s] -- Set non-toolchain portion of runtime path of "/ros2_ws/install/hri_interfaces/lib/libhri_interfaces__rosidl_typesupport_cpp.so" to ""
[7.282s] Listing '/ros2_ws/install/hri_interfaces/lib/python3.12/site-packages/hri_interfaces'...
[7.282s] Compiling '/ros2_ws/install/hri_interfaces/lib/python3.12/site-packages/hri_interfaces/__init__.py'...
[7.282s] Listing '/ros2_ws/install/hri_interfaces/lib/python3.12/site-packages/hri_interfaces/msg'...
[7.282s] Compiling '/ros2_ws/install/hri_interfaces/lib/python3.12/site-packages/hri_interfaces/msg/__init__.py'...
[7.283s] Compiling '/ros2_ws/install/hri_interfaces/lib/python3.12/site-packages/hri_interfaces/msg/_identified_face.py'...
[7.283s] Compiling '/ros2_ws/install/hri_interfaces/lib/python3.12/site-packages/hri_interfaces/msg/_identified_face_array.py'...
[7.283s] Compiling '/ros2_ws/install/hri_interfaces/lib/python3.12/site-packages/hri_interfaces/msg/_tracked_face.py'...
[7.283s] Compiling '/ros2_ws/install/hri_interfaces/lib/python3.12/site-packages/hri_interfaces/msg/_tracked_face_array.py'...
[7.287s] -- Installing: /ros2_ws/install/hri_interfaces/lib/libhri_interfaces__rosidl_generator_py.so
[7.288s] -- Set non-toolchain portion of runtime path of "/ros2_ws/install/hri_interfaces/lib/libhri_interfaces__rosidl_generator_py.so" to ""
[7.288s] -- Installing: /ros2_ws/install/hri_interfaces/share/hri_interfaces/cmake/export_hri_interfaces__rosidl_generator_cExport.cmake
[7.288s] -- Installing: /ros2_ws/install/hri_interfaces/share/hri_interfaces/cmake/export_hri_interfaces__rosidl_generator_cExport-noconfig.cmake
[7.289s] -- Installing: /ros2_ws/install/hri_interfaces/share/hri_interfaces/cmake/export_hri_interfaces__rosidl_typesupport_fastrtps_cExport.cmake
[7.289s] -- Installing: /ros2_ws/install/hri_interfaces/share/hri_interfaces/cmake/export_hri_interfaces__rosidl_typesupport_fastrtps_cExport-noconfig.cmake
[7.289s] -- Installing: /ros2_ws/install/hri_interfaces/share/hri_interfaces/cmake/hri_interfaces__rosidl_typesupport_introspection_cExport.cmake
[7.289s] -- Installing: /ros2_ws/install/hri_interfaces/share/hri_interfaces/cmake/hri_interfaces__rosidl_typesupport_introspection_cExport-noconfig.cmake
[7.289s] -- Installing: /ros2_ws/install/hri_interfaces/share/hri_interfaces/cmake/hri_interfaces__rosidl_typesupport_cExport.cmake
[7.290s] -- Installing: /ros2_ws/install/hri_interfaces/share/hri_interfaces/cmake/hri_interfaces__rosidl_typesupport_cExport-noconfig.cmake
[7.290s] -- Installing: /ros2_ws/install/hri_interfaces/share/hri_interfaces/cmake/export_hri_interfaces__rosidl_generator_cppExport.cmake
[7.290s] -- Installing: /ros2_ws/install/hri_interfaces/share/hri_interfaces/cmake/export_hri_interfaces__rosidl_typesupport_fastrtps_cppExport.cmake
[7.290s] -- Installing: /ros2_ws/install/hri_interfaces/share/hri_interfaces/cmake/export_hri_interfaces__rosidl_typesupport_fastrtps_cppExport-noconfig.cmake
[7.290s] -- Installing: /ros2_ws/install/hri_interfaces/share/hri_interfaces/cmake/hri_interfaces__rosidl_typesupport_introspection_cppExport.cmake
[7.290s] -- Installing: /ros2_ws/install/hri_interfaces/share/hri_interfaces/cmake/hri_interfaces__rosidl_typesupport_introspection_cppExport-noconfig.cmake
[7.290s] -- Installing: /ros2_ws/install/hri_interfaces/share/hri_interfaces/cmake/hri_interfaces__rosidl_typesupport_cppExport.cmake
[7.290s] -- Installing: /ros2_ws/install/hri_interfaces/share/hri_interfaces/cmake/hri_interfaces__rosidl_typesupport_cppExport-noconfig.cmake
[7.291s] -- Installing: /ros2_ws/install/hri_interfaces/share/hri_interfaces/cmake/export_hri_interfaces__rosidl_generator_pyExport.cmake
[7.291s] -- Installing: /ros2_ws/install/hri_interfaces/share/hri_interfaces/cmake/export_hri_interfaces__rosidl_generator_pyExport-noconfig.cmake
[7.293s] Invoked command in '/ros2_ws/build/hri_interfaces' returned '0': CMAKE_PREFIX_PATH=${CMAKE_PREFIX_PATH}:/opt/ros/jazzy /usr/bin/cmake --install /ros2_ws/build/hri_interfaces
